Archive member included to satisfy reference by file (symbol)

c:/stm32projects/toolchain/gcc-arm/bin/../lib/gcc/arm-none-eabi/9.3.1/../../../../arm-none-eabi/lib/thumb/v7e-m+fp/hard\libc_nano.a(lib_a-exit.o)
                              c:/stm32projects/toolchain/gcc-arm/bin/../lib/gcc/arm-none-eabi/9.3.1/../../../../arm-none-eabi/lib/thumb/v7e-m+fp/hard/crt0.o (exit)
c:/stm32projects/toolchain/gcc-arm/bin/../lib/gcc/arm-none-eabi/9.3.1/../../../../arm-none-eabi/lib/thumb/v7e-m+fp/hard\libc_nano.a(lib_a-impure.o)
                              c:/stm32projects/toolchain/gcc-arm/bin/../lib/gcc/arm-none-eabi/9.3.1/../../../../arm-none-eabi/lib/thumb/v7e-m+fp/hard\libc_nano.a(lib_a-exit.o) (_global_impure_ptr)
c:/stm32projects/toolchain/gcc-arm/bin/../lib/gcc/arm-none-eabi/9.3.1/../../../../arm-none-eabi/lib/thumb/v7e-m+fp/hard\libc_nano.a(lib_a-init.o)
                              c:/stm32projects/toolchain/gcc-arm/bin/../lib/gcc/arm-none-eabi/9.3.1/../../../../arm-none-eabi/lib/thumb/v7e-m+fp/hard/crt0.o (__libc_init_array)
c:/stm32projects/toolchain/gcc-arm/bin/../lib/gcc/arm-none-eabi/9.3.1/../../../../arm-none-eabi/lib/thumb/v7e-m+fp/hard\libc_nano.a(lib_a-memset.o)
                              c:/stm32projects/toolchain/gcc-arm/bin/../lib/gcc/arm-none-eabi/9.3.1/../../../../arm-none-eabi/lib/thumb/v7e-m+fp/hard/crt0.o (memset)
c:/stm32projects/toolchain/gcc-arm/bin/../lib/gcc/arm-none-eabi/9.3.1/../../../../arm-none-eabi/lib/thumb/v7e-m+fp/hard\libc_nano.a(lib_a-strlen.o)
                              build/LiquidCrystal.o (strlen)
c:/stm32projects/toolchain/gcc-arm/bin/../lib/gcc/arm-none-eabi/9.3.1/../../../../arm-none-eabi/lib/thumb/v7e-m+fp/hard\libm.a(lib_a-w_log.o)
                              build/main.o (log)
c:/stm32projects/toolchain/gcc-arm/bin/../lib/gcc/arm-none-eabi/9.3.1/../../../../arm-none-eabi/lib/thumb/v7e-m+fp/hard\libm.a(lib_a-w_pow.o)
                              build/FloatToChar.o (pow)
c:/stm32projects/toolchain/gcc-arm/bin/../lib/gcc/arm-none-eabi/9.3.1/../../../../arm-none-eabi/lib/thumb/v7e-m+fp/hard\libm.a(lib_a-wf_pow.o)
                              build/main.o (powf)
c:/stm32projects/toolchain/gcc-arm/bin/../lib/gcc/arm-none-eabi/9.3.1/../../../../arm-none-eabi/lib/thumb/v7e-m+fp/hard\libm.a(lib_a-e_log.o)
                              c:/stm32projects/toolchain/gcc-arm/bin/../lib/gcc/arm-none-eabi/9.3.1/../../../../arm-none-eabi/lib/thumb/v7e-m+fp/hard\libm.a(lib_a-w_log.o) (__ieee754_log)
c:/stm32projects/toolchain/gcc-arm/bin/../lib/gcc/arm-none-eabi/9.3.1/../../../../arm-none-eabi/lib/thumb/v7e-m+fp/hard\libm.a(lib_a-e_pow.o)
                              c:/stm32projects/toolchain/gcc-arm/bin/../lib/gcc/arm-none-eabi/9.3.1/../../../../arm-none-eabi/lib/thumb/v7e-m+fp/hard\libm.a(lib_a-w_pow.o) (__ieee754_pow)
c:/stm32projects/toolchain/gcc-arm/bin/../lib/gcc/arm-none-eabi/9.3.1/../../../../arm-none-eabi/lib/thumb/v7e-m+fp/hard\libm.a(lib_a-e_sqrt.o)
                              c:/stm32projects/toolchain/gcc-arm/bin/../lib/gcc/arm-none-eabi/9.3.1/../../../../arm-none-eabi/lib/thumb/v7e-m+fp/hard\libm.a(lib_a-e_pow.o) (__ieee754_sqrt)
c:/stm32projects/toolchain/gcc-arm/bin/../lib/gcc/arm-none-eabi/9.3.1/../../../../arm-none-eabi/lib/thumb/v7e-m+fp/hard\libm.a(lib_a-ef_pow.o)
                              c:/stm32projects/toolchain/gcc-arm/bin/../lib/gcc/arm-none-eabi/9.3.1/../../../../arm-none-eabi/lib/thumb/v7e-m+fp/hard\libm.a(lib_a-wf_pow.o) (__ieee754_powf)
c:/stm32projects/toolchain/gcc-arm/bin/../lib/gcc/arm-none-eabi/9.3.1/../../../../arm-none-eabi/lib/thumb/v7e-m+fp/hard\libm.a(lib_a-ef_sqrt.o)
                              c:/stm32projects/toolchain/gcc-arm/bin/../lib/gcc/arm-none-eabi/9.3.1/../../../../arm-none-eabi/lib/thumb/v7e-m+fp/hard\libm.a(lib_a-ef_pow.o) (__ieee754_sqrtf)
c:/stm32projects/toolchain/gcc-arm/bin/../lib/gcc/arm-none-eabi/9.3.1/../../../../arm-none-eabi/lib/thumb/v7e-m+fp/hard\libm.a(lib_a-s_fabs.o)
                              c:/stm32projects/toolchain/gcc-arm/bin/../lib/gcc/arm-none-eabi/9.3.1/../../../../arm-none-eabi/lib/thumb/v7e-m+fp/hard\libm.a(lib_a-e_pow.o) (fabs)
c:/stm32projects/toolchain/gcc-arm/bin/../lib/gcc/arm-none-eabi/9.3.1/../../../../arm-none-eabi/lib/thumb/v7e-m+fp/hard\libm.a(lib_a-s_finite.o)
                              c:/stm32projects/toolchain/gcc-arm/bin/../lib/gcc/arm-none-eabi/9.3.1/../../../../arm-none-eabi/lib/thumb/v7e-m+fp/hard\libm.a(lib_a-w_pow.o) (finite)
c:/stm32projects/toolchain/gcc-arm/bin/../lib/gcc/arm-none-eabi/9.3.1/../../../../arm-none-eabi/lib/thumb/v7e-m+fp/hard\libm.a(lib_a-s_lib_ver.o)
                              c:/stm32projects/toolchain/gcc-arm/bin/../lib/gcc/arm-none-eabi/9.3.1/../../../../arm-none-eabi/lib/thumb/v7e-m+fp/hard\libm.a(lib_a-w_log.o) (__fdlib_version)
c:/stm32projects/toolchain/gcc-arm/bin/../lib/gcc/arm-none-eabi/9.3.1/../../../../arm-none-eabi/lib/thumb/v7e-m+fp/hard\libm.a(lib_a-s_nan.o)
[...]
Memory Configuration

Name             Origin             Length             Attributes
RAM              0x20000000         0x00010000         xrw
CCMRAM           0x10000000         0x00004000         xrw
FLASH            0x08000000         0x00080000         xr
*default*        0x00000000         0xffffffff

Linker script and memory map

LOAD c:/stm32projects/toolchain/gcc-arm/bin/../lib/gcc/arm-none-eabi/9.3.1/thumb/v7e-m+fp/hard/crti.o
LOAD c:/stm32projects/toolchain/gcc-arm/bin/../lib/gcc/arm-none-eabi/9.3.1/thumb/v7e-m+fp/hard/crtbegin.o
LOAD c:/stm32projects/toolchain/gcc-arm/bin/../lib/gcc/arm-none-eabi/9.3.1/../../../../arm-none-eabi/lib/thumb/v7e-m+fp/hard/crt0.o
LOAD build/main.o
LOAD build/stm32f3xx_it.o
LOAD build/stm32f3xx_hal_msp.o
LOAD build/stm32f3xx_hal_adc.o
LOAD build/stm32f3xx_hal_adc_ex.o
LOAD build/stm32f3xx_hal_tim.o
LOAD build/stm32f3xx_hal_tim_ex.o
LOAD build/stm32f3xx_hal_uart.o
LOAD build/stm32f3xx_hal_uart_ex.o
LOAD build/stm32f3xx_hal.o
LOAD build/stm32f3xx_hal_rcc.o
LOAD build/stm32f3xx_hal_rcc_ex.o
LOAD build/stm32f3xx_hal_gpio.o
LOAD build/stm32f3xx_hal_dma.o
LOAD build/stm32f3xx_hal_cortex.o
LOAD build/stm32f3xx_hal_pwr.o
LOAD build/stm32f3xx_hal_pwr_ex.o
LOAD build/stm32f3xx_hal_flash.o
LOAD build/stm32f3xx_hal_flash_ex.o
LOAD build/stm32f3xx_hal_i2c.o
LOAD build/stm32f3xx_hal_i2c_ex.o
LOAD build/stm32f3xx_hal_exti.o
LOAD build/LiquidCrystal.o
LOAD build/MPU6050.o
LOAD build/FloatToChar.o
LOAD build/system_stm32f3xx.o
LOAD build/startup_stm32f303xe.o
LOAD c:/stm32projects/toolchain/gcc-arm/bin/../lib/gcc/arm-none-eabi/9.3.1/../../../../arm-none-eabi/lib/thumb/v7e-m+fp/hard\libc_nano.a
LOAD c:/stm32projects/toolchain/gcc-arm/bin/../lib/gcc/arm-none-eabi/9.3.1/../../../../arm-none-eabi/lib/thumb/v7e-m+fp/hard\libm.a
LOAD c:/stm32projects/toolchain/gcc-arm/bin/../lib/gcc/arm-none-eabi/9.3.1/../../../../arm-none-eabi/lib/thumb/v7e-m+fp/hard\libnosys.a
START GROUP
LOAD c:/stm32projects/toolchain/gcc-arm/bin/../lib/gcc/arm-none-eabi/9.3.1/thumb/v7e-m+fp/hard\libgcc.a
LOAD c:/stm32projects/toolchain/gcc-arm/bin/../lib/gcc/arm-none-eabi/9.3.1/../../../../arm-none-eabi/lib/thumb/v7e-m+fp/hard\libc_nano.a
END GROUP
START GROUP
LOAD c:/stm32projects/toolchain/gcc-arm/bin/../lib/gcc/arm-none-eabi/9.3.1/thumb/v7e-m+fp/hard\libgcc.a
LOAD c:/stm32projects/toolchain/gcc-arm/bin/../lib/gcc/arm-none-eabi/9.3.1/../../../../arm-none-eabi/lib/thumb/v7e-m+fp/hard\libc_nano.a
END GROUP
LOAD c:/stm32projects/toolchain/gcc-arm/bin/../lib/gcc/arm-none-eabi/9.3.1/thumb/v7e-m+fp/hard/crtend.o
LOAD c:/stm32projects/toolchain/gcc-arm/bin/../lib/gcc/arm-none-eabi/9.3.1/thumb/v7e-m+fp/hard/crtn.o
                0x20010000                _estack = 0x20010000
                0x00000200                _Min_Heap_Size = 0x200
                0x00000400                _Min_Stack_Size = 0x400

.isr_vector     0x08000000      0x194
                0x08000000                . = ALIGN (0x4)
 *(.isr_vector)
 .isr_vector    0x08000000      0x194 build/startup_stm32f303xe.o
                0x08000000                g_pfnVectors
                0x08000194                . = ALIGN (0x4)

.text           0x08000198     0x57a8
                0x08000198                . = ALIGN (0x4)
 *(.text)
 .text          0x08000198       0x40 c:/stm32projects/toolchain/gcc-arm/bin/../lib/gcc/arm-none-eabi/9.3.1/thumb/v7e-m+fp/hard/crtbegin.o
 .text          0x080001d8       0x10 c:/stm32projects/toolchain/gcc-arm/bin/../lib/gcc/arm-none-eabi/9.3.1/../../../../arm-none-eabi/lib/thumb/v7e-m+fp/hard\libc_nano.a(lib_a-strlen.o)
                0x080001d8                strlen
 .text          0x080001e8      0x378 c:/stm32projects/toolchain/gcc-arm/bin/../lib/gcc/arm-none-eabi/9.3.1/thumb/v7e-m+fp/hard\libgcc.a(_arm_addsubdf3.o)
                0x080001e8                __aeabi_drsub
                0x080001f0                __aeabi_dsub
                0x080001f0                __subdf3
                0x080001f4                __aeabi_dadd
                0x080001f4                __adddf3
                0x0800046c                __floatunsidf
                0x0800046c                __aeabi_ui2d
                0x0800048c                __floatsidf
                0x0800048c                __aeabi_i2d
                0x080004b0                __aeabi_f2d
                0x080004b0                __extendsfdf2
                0x080004f4                __floatundidf
                0x080004f4                __aeabi_ul2d
                0x08000504                __floatdidf
                0x08000504                __aeabi_l2d
 .text          0x08000560      0x424 c:/stm32projects/toolchain/gcc-arm/bin/../lib/gcc/arm-none-eabi/9.3.1/thumb/v7e-m+fp/hard\libgcc.a(_arm_muldivdf3.o)
                0x08000560                __aeabi_dmul
                0x08000560                __muldf3
                0x080007b4                __divdf3
                0x080007b4                __aeabi_ddiv
 .text          0x08000984      0x110 c:/stm32projects/toolchain/gcc-arm/bin/../lib/gcc/arm-none-eabi/9.3.1/thumb/v7e-m+fp/hard\libgcc.a(_arm_cmpdf2.o)
                0x08000984                __gtdf2
                0x08000984                __gedf2
                0x0800098c                __ltdf2
                0x0800098c                __ledf2
                0x08000994                __nedf2
                0x08000994                __eqdf2
                0x08000994                __cmpdf2
                0x08000a10                __aeabi_cdrcmple
                0x08000a20                __aeabi_cdcmpeq
                0x08000a20                __aeabi_cdcmple
                0x08000a30                __aeabi_dcmpeq
                0x08000a44                __aeabi_dcmplt
                0x08000a58                __aeabi_dcmple
                0x08000a6c                __aeabi_dcmpge
                0x08000a80                __aeabi_dcmpgt
 .text          0x08000a94       0x2c c:/stm32projects/toolchain/gcc-arm/bin/../lib/gcc/arm-none-eabi/9.3.1/thumb/v7e-m+fp/hard\libgcc.a(_arm_unorddf2.o)
                0x08000a94                __unorddf2
                0x08000a94                __aeabi_dcmpun
 .text          0x08000ac0       0x50 c:/stm32projects/toolchain/gcc-arm/bin/../lib/gcc/arm-none-eabi/9.3.1/thumb/v7e-m+fp/hard\libgcc.a(_arm_fixdfsi.o)
                0x08000ac0                __aeabi_d2iz
                0x08000ac0                __fixdfsi
 .text          0x08000b10       0xa0 c:/stm32projects/toolchain/gcc-arm/bin/../lib/gcc/arm-none-eabi/9.3.1/thumb/v7e-m+fp/hard\libgcc.a(_arm_truncdfsf2.o)
                0x08000b10                __truncdfsf2
                0x08000b10                __aeabi_d2f
 *(.text*)
 .text.MX_GPIO_Init
                0x08000bb0       0x48 build/main.o
 .text.Error_Handler
                0x08000bf8        0x2 build/main.o
                0x08000bf8                Error_Handler
 *fill*         0x08000bfa        0x2 
 .text.ADC_Config
                0x08000bfc       0x6c build/main.o
 .text.TIM_Config
                0x08000c68       0x60 build/main.o
 .text.I2C_Config
                0x08000cc8       0x54 build/main.o
 .text.SystemClock_Config
                0x08000d1c       0x52 build/main.o
                0x08000d1c                SystemClock_Config
 *fill*         0x08000d6e        0x2 
 .text.main     0x08000d70      0x1d4 build/main.o
                0x08000d70                main
 .text.NMI_Handler
                0x08000f44        0x2 build/stm32f3xx_it.o
                0x08000f44                NMI_Handler
 .text.HardFault_Handler
                0x08000f46        0x2 build/stm32f3xx_it.o
                0x08000f46                HardFault_Handler
 .text.MemManage_Handler
                0x08000f48        0x2 build/stm32f3xx_it.o
                0x08000f48                MemManage_Handler
 .text.BusFault_Handler
                0x08000f4a        0x2 build/stm32f3xx_it.o
                0x08000f4a                BusFault_Handler
 .text.UsageFault_Handler
                0x08000f4c        0x2 build/stm32f3xx_it.o
                0x08000f4c                UsageFault_Handler
 .text.SVC_Handler
                0x08000f4e        0x2 build/stm32f3xx_it.o
                0x08000f4e                SVC_Handler
 .text.DebugMon_Handler
                0x08000f50        0x2 build/stm32f3xx_it.o
                0x08000f50                DebugMon_Handler
 .text.PendSV_Handler
                0x08000f52        0x2 build/stm32f3xx_it.o
                0x08000f52                PendSV_Handler
 .text.SysTick_Handler
                0x08000f54        0x8 build/stm32f3xx_it.o
                0x08000f54                SysTick_Handler
 .text.EXTI3_IRQHandler
                0x08000f5c        0xa build/stm32f3xx_it.o
                0x08000f5c                EXTI3_IRQHandler
 .text.HAL_GPIO_EXTI_Callback
                0x08000f66        0xe build/stm32f3xx_it.o
                0x08000f66                HAL_GPIO_EXTI_Callback
 .text.HAL_MspInit
                0x08000f74       0x30 build/stm32f3xx_hal_msp.o
                0x08000f74                HAL_MspInit
 .text.HAL_ADC_MspInit
                0x08000fa4       0x62 build/stm32f3xx_hal_msp.o
                0x08000fa4                HAL_ADC_MspInit
 *fill*         0x08001006        0x2 
 .text.HAL_I2C_MspInit
                0x08001008       0x54 build/stm32f3xx_hal_msp.o
                0x08001008                HAL_I2C_MspInit
 .text.ADC_Disable
                0x0800105c       0x7e build/stm32f3xx_hal_adc_ex.o
 *fill*         0x080010da        0x2 
 .text.ADC_Enable
                0x080010dc       0x78 build/stm32f3xx_hal_adc_ex.o
 .text.HAL_ADC_Init
                0x08001154      0x2b8 build/stm32f3xx_hal_adc_ex.o
                0x08001154                HAL_ADC_Init
 .text.HAL_ADC_Start
                0x0800140c      0x180 build/stm32f3xx_hal_adc_ex.o
                0x0800140c                HAL_ADC_Start
 .text.HAL_ADC_PollForConversion
                0x0800158c      0x154 build/stm32f3xx_hal_adc_ex.o
                0x0800158c                HAL_ADC_PollForConversion
 .text.HAL_ADC_GetValue
                0x080016e0        0x6 build/stm32f3xx_hal_adc_ex.o
                0x080016e0                HAL_ADC_GetValue
 *fill*         0x080016e6        0x2 
 .text.HAL_ADC_ConfigChannel
                0x080016e8      0x3a8 build/stm32f3xx_hal_adc_ex.o
                0x080016e8                HAL_ADC_ConfigChannel
 .text.HAL_TIM_Base_MspInit
                0x08001a90        0x2 build/stm32f3xx_hal_tim.o
                0x08001a90                HAL_TIM_Base_MspInit
 *fill*         0x08001a92        0x2 
 .text.HAL_TIM_Base_Start
                0x08001a94       0x30 build/stm32f3xx_hal_tim.o
                0x08001a94                HAL_TIM_Base_Start
 .text.TIM_Base_SetConfig
                0x08001ac4       0xd0 build/stm32f3xx_hal_tim.o
                0x08001ac4                TIM_Base_SetConfig
 .text.HAL_TIM_Base_Init
                0x08001b94       0x34 build/stm32f3xx_hal_tim.o
                0x08001b94                HAL_TIM_Base_Init
 .text.HAL_TIMEx_MasterConfigSynchronization
                0x08001bc8       0xa0 build/stm32f3xx_hal_tim_ex.o
                0x08001bc8                HAL_TIMEx_MasterConfigSynchronization
 .text.HAL_InitTick
                0x08001c68       0x4c build/stm32f3xx_hal.o
                0x08001c68                HAL_InitTick
 .text.HAL_Init
                0x08001cb4       0x24 build/stm32f3xx_hal.o
                0x08001cb4                HAL_Init
 .text.HAL_IncTick
                0x08001cd8       0x18 build/stm32f3xx_hal.o
                0x08001cd8                HAL_IncTick
 .text.HAL_GetTick
                0x08001cf0        0xc build/stm32f3xx_hal.o
                0x08001cf0                HAL_GetTick
 .text.HAL_Delay
                0x08001cfc       0x28 build/stm32f3xx_hal.o
                0x08001cfc                HAL_Delay
 .text.HAL_RCC_OscConfig
                0x08001d24      0x640 build/stm32f3xx_hal_rcc.o
                0x08001d24                HAL_RCC_OscConfig
 .text.HAL_RCC_GetSysClockFreq
                0x08002364       0x70 build/stm32f3xx_hal_rcc.o
                0x08002364                HAL_RCC_GetSysClockFreq
 .text.HAL_RCC_ClockConfig
                0x080023d4      0x1a8 build/stm32f3xx_hal_rcc.o
                0x080023d4                HAL_RCC_ClockConfig
 .text.HAL_RCC_GetHCLKFreq
                0x0800257c        0xc build/stm32f3xx_hal_rcc.o
                0x0800257c                HAL_RCC_GetHCLKFreq
 .text.HAL_RCC_GetPCLK1Freq
                0x08002588       0x2c build/stm32f3xx_hal_rcc.o
                0x08002588                HAL_RCC_GetPCLK1Freq
 .text.HAL_GPIO_Init
                0x080025b4      0x1b0 build/stm32f3xx_hal_gpio.o
                0x080025b4                HAL_GPIO_Init
 .text.HAL_GPIO_WritePin
                0x08002764        0xa build/stm32f3xx_hal_gpio.o
                0x08002764                HAL_GPIO_WritePin
 *fill*         0x0800276e        0x2 
 .text.HAL_GPIO_EXTI_IRQHandler
                0x08002770       0x1c build/stm32f3xx_hal_gpio.o
                0x08002770                HAL_GPIO_EXTI_IRQHandler
 .text.HAL_NVIC_SetPriorityGrouping
                0x0800278c       0x24 build/stm32f3xx_hal_cortex.o
                0x0800278c                HAL_NVIC_SetPriorityGrouping
 .text.HAL_NVIC_SetPriority
                0x080027b0       0x68 build/stm32f3xx_hal_cortex.o
                0x080027b0                HAL_NVIC_SetPriority
 .text.HAL_NVIC_EnableIRQ
                0x08002818       0x1c build/stm32f3xx_hal_cortex.o
                0x08002818                HAL_NVIC_EnableIRQ
 .text.HAL_SYSTICK_Config
                0x08002834       0x2c build/stm32f3xx_hal_cortex.o
                0x08002834                HAL_SYSTICK_Config
 .text.HAL_I2C_MasterTxCpltCallback
                0x08002860        0x2 build/stm32f3xx_hal_i2c.o
                0x08002860                HAL_I2C_MasterTxCpltCallback
 .text.HAL_I2C_MasterRxCpltCallback
                0x08002862        0x2 build/stm32f3xx_hal_i2c.o
                0x08002862                HAL_I2C_MasterRxCpltCallback
 .text.HAL_I2C_SlaveTxCpltCallback
                0x08002864        0x2 build/stm32f3xx_hal_i2c.o
                0x08002864                HAL_I2C_SlaveTxCpltCallback
 .text.HAL_I2C_SlaveRxCpltCallback
                0x08002866        0x2 build/stm32f3xx_hal_i2c.o
                0x08002866                HAL_I2C_SlaveRxCpltCallback
 .text.HAL_I2C_AddrCallback
                0x08002868        0x2 build/stm32f3xx_hal_i2c.o
                0x08002868                HAL_I2C_AddrCallback
 .text.HAL_I2C_ListenCpltCallback
                0x0800286a        0x2 build/stm32f3xx_hal_i2c.o
                0x0800286a                HAL_I2C_ListenCpltCallback
 .text.HAL_I2C_MemTxCpltCallback
                0x0800286c        0x2 build/stm32f3xx_hal_i2c.o
                0x0800286c                HAL_I2C_MemTxCpltCallback
 .text.HAL_I2C_MemRxCpltCallback
                0x0800286e        0x2 build/stm32f3xx_hal_i2c.o
                0x0800286e                HAL_I2C_MemRxCpltCallback
 .text.HAL_I2C_ErrorCallback
                0x08002870        0x2 build/stm32f3xx_hal_i2c.o
                0x08002870                HAL_I2C_ErrorCallback
 .text.HAL_I2C_AbortCpltCallback
                0x08002872        0x2 build/stm32f3xx_hal_i2c.o
                0x08002872                HAL_I2C_AbortCpltCallback
 .text.I2C_Flush_TXDR
                0x08002874       0x22 build/stm32f3xx_hal_i2c.o
 .text.I2C_TransferConfig
                0x08002896       0x36 build/stm32f3xx_hal_i2c.o
 .text.I2C_IsAcknowledgeFailed
                0x080028cc       0x90 build/stm32f3xx_hal_i2c.o
 .text.I2C_WaitOnTXISFlagUntilTimeout
                0x0800295c       0x56 build/stm32f3xx_hal_i2c.o
 .text.I2C_WaitOnFlagUntilTimeout
                0x080029b2       0x56 build/stm32f3xx_hal_i2c.o
 .text.I2C_RequestMemoryWrite
                0x08002a08       0x7c build/stm32f3xx_hal_i2c.o
 .text.I2C_RequestMemoryRead
                0x08002a84       0x78 build/stm32f3xx_hal_i2c.o
 .text.I2C_WaitOnSTOPFlagUntilTimeout
                0x08002afc       0x50 build/stm32f3xx_hal_i2c.o
 .text.HAL_I2C_Init
                0x08002b4c      0x11c build/stm32f3xx_hal_i2c.o
                0x08002b4c                HAL_I2C_Init
 .text.HAL_I2C_Mem_Write
                0x08002c68      0x1a8 build/stm32f3xx_hal_i2c.o
                0x08002c68                HAL_I2C_Mem_Write
 .text.HAL_I2C_Mem_Read
                0x08002e10      0x1b0 build/stm32f3xx_hal_i2c.o
                0x08002e10                HAL_I2C_Mem_Read
 .text.HAL_I2CEx_ConfigAnalogFilter
                0x08002fc0       0x5c build/stm32f3xx_hal_i2c_ex.o
                0x08002fc0                HAL_I2CEx_ConfigAnalogFilter
 .text.HAL_I2CEx_ConfigDigitalFilter
                0x0800301c       0x58 build/stm32f3xx_hal_i2c_ex.o
                0x0800301c                HAL_I2CEx_ConfigDigitalFilter
 .text.enableClock
                0x08003074       0xd4 build/LiquidCrystal.o
                0x08003074                enableClock
 .text.setRowOffsets
                0x08003148       0x18 build/LiquidCrystal.o
                0x08003148                setRowOffsets
 .text.pulseEnable
                0x08003160       0x40 build/LiquidCrystal.o
                0x08003160                pulseEnable
 .text.write4bits
                0x080031a0       0x34 build/LiquidCrystal.o
                0x080031a0                write4bits
 .text.write8bits
                0x080031d4       0x34 build/LiquidCrystal.o
                0x080031d4                write8bits
 .text.send     0x08003208       0x58 build/LiquidCrystal.o
                0x08003208                send
 .text.clear    0x08003260       0x12 build/LiquidCrystal.o
                0x08003260                clear
 *fill*         0x08003272        0x2 
 .text.setCursor
                0x08003274       0x34 build/LiquidCrystal.o
                0x08003274                setCursor
 .text.display  0x080032a8       0x1c build/LiquidCrystal.o
                0x080032a8                display
 .text.begin    0x080032c4      0x1b8 build/LiquidCrystal.o
                0x080032c4                begin
 .text.init     0x0800347c       0x7c build/LiquidCrystal.o
                0x0800347c                init
 .text.LiquidCrystal
                0x080034f8       0x68 build/LiquidCrystal.o
                0x080034f8                LiquidCrystal
 .text.print    0x08003560       0x2a build/LiquidCrystal.o
                0x08003560                print
 *fill*         0x0800358a        0x2 
 .text.MPU6050_Init
                0x0800358c      0x1ec build/MPU6050.o
                0x0800358c                MPU6050_Init
 .text.MPU6050_Read_Accel
                0x08003778       0x74 build/MPU6050.o
                0x08003778                MPU6050_Read_Accel
 *fill*         0x080037ec        0x4 
 .text.float_char
                0x080037f0      0x13c build/FloatToChar.o
                0x080037f0                float_char
 .text.SystemInit
                0x0800392c       0x1c build/system_stm32f3xx.o
                0x0800392c                SystemInit
 .text.Reset_Handler
                0x08003948       0x50 build/startup_stm32f303xe.o
                0x08003948                Reset_Handler
 .text.Default_Handler
                0x08003998        0x2 build/startup_stm32f303xe.o
                0x08003998                RTC_Alarm_IRQHandler
                0x08003998                TIM8_TRG_COM_IRQHandler
                0x08003998                TIM8_CC_IRQHandler
                0x08003998                SPI4_IRQHandler
                0x08003998                TIM1_CC_IRQHandler
                0x08003998                USB_HP_IRQHandler
                0x08003998                PVD_IRQHandler
                0x08003998                TAMP_STAMP_IRQHandler
                0x08003998                I2C3_ER_IRQHandler
                0x08003998                USB_HP_CAN_TX_IRQHandler
                0x08003998                EXTI0_IRQHandler
                0x08003998                I2C2_EV_IRQHandler
                0x08003998                FPU_IRQHandler
                0x08003998                TIM1_UP_TIM16_IRQHandler
                0x08003998                ADC1_2_IRQHandler
                0x08003998                SPI1_IRQHandler
                0x08003998                CAN_SCE_IRQHandler
                0x08003998                TIM6_DAC_IRQHandler
                0x08003998                TIM8_UP_IRQHandler
                0x08003998                DMA2_Channel2_IRQHandler
                0x08003998                DMA1_Channel4_IRQHandler
                0x08003998                TIM20_TRG_COM_IRQHandler
                0x08003998                USART3_IRQHandler
                0x08003998                DMA1_Channel7_IRQHandler
                0x08003998                UART5_IRQHandler
                0x08003998                ADC3_IRQHandler
                0x08003998                TIM4_IRQHandler
                0x08003998                CAN_RX1_IRQHandler
                0x08003998                DMA2_Channel1_IRQHandler
                0x08003998                I2C1_EV_IRQHandler
                0x08003998                DMA1_Channel6_IRQHandler
                0x08003998                UART4_IRQHandler
                0x08003998                DMA2_Channel4_IRQHandler
                0x08003998                TIM3_IRQHandler
                0x08003998                RCC_IRQHandler
                0x08003998                TIM20_UP_IRQHandler
                0x08003998                DMA1_Channel1_IRQHandler
                0x08003998                Default_Handler
                0x08003998                USBWakeUp_RMP_IRQHandler
                0x08003998                EXTI15_10_IRQHandler
                0x08003998                TIM7_IRQHandler
                0x08003998                I2C3_EV_IRQHandler
                0x08003998                EXTI9_5_IRQHandler
                0x08003998                RTC_WKUP_IRQHandler
                0x08003998                SPI2_IRQHandler
                0x08003998                USB_LP_CAN_RX0_IRQHandler
                0x08003998                DMA2_Channel5_IRQHandler
                0x08003998                DMA1_Channel5_IRQHandler
                0x08003998                USB_LP_IRQHandler
                0x08003998                EXTI4_IRQHandler
                0x08003998                TIM1_TRG_COM_TIM17_IRQHandler
                0x08003998                DMA1_Channel3_IRQHandler
                0x08003998                ADC4_IRQHandler
                0x08003998                WWDG_IRQHandler
                0x08003998                TIM2_IRQHandler
                0x08003998                COMP7_IRQHandler
                0x08003998                COMP1_2_3_IRQHandler
                0x08003998                EXTI1_IRQHandler
                0x08003998                USART2_IRQHandler
                0x08003998                COMP4_5_6_IRQHandler
                0x08003998                TIM20_BRK_IRQHandler
                0x08003998                I2C2_ER_IRQHandler
                0x08003998                DMA1_Channel2_IRQHandler
                0x08003998                TIM8_BRK_IRQHandler
                0x08003998                FLASH_IRQHandler
                0x08003998                TIM20_CC_IRQHandler
                0x08003998                USART1_IRQHandler
                0x08003998                SPI3_IRQHandler
                0x08003998                I2C1_ER_IRQHandler
                0x08003998                FMC_IRQHandler
                0x08003998                USBWakeUp_IRQHandler
                0x08003998                DMA2_Channel3_IRQHandler
                0x08003998                EXTI2_TSC_IRQHandler
                0x08003998                TIM1_BRK_TIM15_IRQHandler
 *fill*         0x0800399a        0x2 
 .text.__libc_init_array
                0x0800399c       0x48 c:/stm32projects/toolchain/gcc-arm/bin/../lib/gcc/arm-none-eabi/9.3.1/../../../../arm-none-eabi/lib/thumb/v7e-m+fp/hard\libc_nano.a(lib_a-init.o)
                0x0800399c                __libc_init_array
 *fill*         0x080039e4        0x4 
 .text.log      0x080039e8       0x90 c:/stm32projects/toolchain/gcc-arm/bin/../lib/gcc/arm-none-eabi/9.3.1/../../../../arm-none-eabi/lib/thumb/v7e-m+fp/hard\libm.a(lib_a-w_log.o)
                0x080039e8                log
 .text.pow      0x08003a78      0x1a4 c:/stm32projects/toolchain/gcc-arm/bin/../lib/gcc/arm-none-eabi/9.3.1/../../../../arm-none-eabi/lib/thumb/v7e-m+fp/hard\libm.a(lib_a-w_pow.o)
                0x08003a78                pow
 .text.powf     0x08003c1c      0x140 c:/stm32projects/toolchain/gcc-arm/bin/../lib/gcc/arm-none-eabi/9.3.1/../../../../arm-none-eabi/lib/thumb/v7e-m+fp/hard\libm.a(lib_a-wf_pow.o)
                0x08003c1c                powf
 *fill*         0x08003d5c        0x4 
 .text.__ieee754_log
                0x08003d60      0x418 c:/stm32projects/toolchain/gcc-arm/bin/../lib/gcc/arm-none-eabi/9.3.1/../../../../arm-none-eabi/lib/thumb/v7e-m+fp/hard\libm.a(lib_a-e_log.o)
                0x08003d60                __ieee754_log
 .text.__ieee754_pow
                0x08004178      0xbb4 c:/stm32projects/toolchain/gcc-arm/bin/../lib/gcc/arm-none-eabi/9.3.1/../../../../arm-none-eabi/lib/thumb/v7e-m+fp/hard\libm.a(lib_a-e_pow.o)
                0x08004178                __ieee754_pow
 .text.__ieee754_sqrt
                0x08004d2c      0x188 c:/stm32projects/toolchain/gcc-arm/bin/../lib/gcc/arm-none-eabi/9.3.1/../../../../arm-none-eabi/lib/thumb/v7e-m+fp/hard\libm.a(lib_a-e_sqrt.o)
                0x08004d2c                __ieee754_sqrt
 .text.__ieee754_powf
                0x08004eb4      0x600 c:/stm32projects/toolchain/gcc-arm/bin/../lib/gcc/arm-none-eabi/9.3.1/../../../../arm-none-eabi/lib/thumb/v7e-m+fp/hard\libm.a(lib_a-ef_pow.o)
                0x08004eb4                __ieee754_powf
 .text.__ieee754_sqrtf
                0x080054b4        0x8 c:/stm32projects/toolchain/gcc-arm/bin/../lib/gcc/arm-none-eabi/9.3.1/../../../../arm-none-eabi/lib/thumb/v7e-m+fp/hard\libm.a(lib_a-ef_sqrt.o)
                0x080054b4                __ieee754_sqrtf
 .text.fabs     0x080054bc       0x14 c:/stm32projects/toolchain/gcc-arm/bin/../lib/gcc/arm-none-eabi/9.3.1/../../../../arm-none-eabi/lib/thumb/v7e-m+fp/hard\libm.a(lib_a-s_fabs.o)
                0x080054bc                fabs
 .text.finite   0x080054d0       0x18 c:/stm32projects/toolchain/gcc-arm/bin/../lib/gcc/arm-none-eabi/9.3.1/../../../../arm-none-eabi/lib/thumb/v7e-m+fp/hard\libm.a(lib_a-s_finite.o)
                0x080054d0                finite
 .text.nan      0x080054e8       0x10 c:/stm32projects/toolchain/gcc-arm/bin/../lib/gcc/arm-none-eabi/9.3.1/../../../../arm-none-eabi/lib/thumb/v7e-m+fp/hard\libm.a(lib_a-s_nan.o)
                0x080054e8                nan
 .text.rint     0x080054f8      0x124 c:/stm32projects/toolchain/gcc-arm/bin/../lib/gcc/arm-none-eabi/9.3.1/../../../../arm-none-eabi/lib/thumb/v7e-m+fp/hard\libm.a(lib_a-s_rint.o)
                0x080054f8                rint
 *fill*         0x0800561c        0x4 
 .text.scalbn   0x08005620      0x124 c:/stm32projects/toolchain/gcc-arm/bin/../lib/gcc/arm-none-eabi/9.3.1/../../../../arm-none-eabi/lib/thumb/v7e-m+fp/hard\libm.a(lib_a-s_scalbn.o)
                0x08005620                scalbn
 .text.fabsf    0x08005744       0x10 c:/stm32projects/toolchain/gcc-arm/bin/../lib/gcc/arm-none-eabi/9.3.1/../../../../arm-none-eabi/lib/thumb/v7e-m+fp/hard\libm.a(lib_a-sf_fabs.o)
                0x08005744                fabsf
 .text.finitef  0x08005754       0x1c c:/stm32projects/toolchain/gcc-arm/bin/../lib/gcc/arm-none-eabi/9.3.1/../../../../arm-none-eabi/lib/thumb/v7e-m+fp/hard\libm.a(lib_a-sf_finite.o)
                0x08005754                finitef
 .text.nanf     0x08005770        0xc c:/stm32projects/toolchain/gcc-arm/bin/../lib/gcc/arm-none-eabi/9.3.1/../../../../arm-none-eabi/lib/thumb/v7e-m+fp/hard\libm.a(lib_a-sf_nan.o)
                0x08005770                nanf
 .text.rintf    0x0800577c       0xbc c:/stm32projects/toolchain/gcc-arm/bin/../lib/gcc/arm-none-eabi/9.3.1/../../../../arm-none-eabi/lib/thumb/v7e-m+fp/hard\libm.a(lib_a-sf_rint.o)
                0x0800577c                rintf
 .text.scalbnf  0x08005838       0xe4 c:/stm32projects/toolchain/gcc-arm/bin/../lib/gcc/arm-none-eabi/9.3.1/../../../../arm-none-eabi/lib/thumb/v7e-m+fp/hard\libm.a(lib_a-sf_scalbn.o)
                0x08005838                scalbnf
 .text.__errno  0x0800591c        0xc c:/stm32projects/toolchain/gcc-arm/bin/../lib/gcc/arm-none-eabi/9.3.1/../../../../arm-none-eabi/lib/thumb/v7e-m+fp/hard\libc_nano.a(lib_a-errno.o)
                0x0800591c                __errno
 *(.glue_7)
 .glue_7        0x08005928        0x0 linker stubs
 *(.glue_7t)
 .glue_7t       0x08005928        0x0 linker stubs
 *(.eh_frame)
 .eh_frame      0x08005928        0x0 c:/stm32projects/toolchain/gcc-arm/bin/../lib/gcc/arm-none-eabi/9.3.1/thumb/v7e-m+fp/hard/crtbegin.o
 *(.init)
 .init          0x08005928        0x4 c:/stm32projects/toolchain/gcc-arm/bin/../lib/gcc/arm-none-eabi/9.3.1/thumb/v7e-m+fp/hard/crti.o
                0x08005928                _init
 .init          0x0800592c        0x8 c:/stm32projects/toolchain/gcc-arm/bin/../lib/gcc/arm-none-eabi/9.3.1/thumb/v7e-m+fp/hard/crtn.o
 *(.fini)
 .fini          0x08005934        0x4 c:/stm32projects/toolchain/gcc-arm/bin/../lib/gcc/arm-none-eabi/9.3.1/thumb/v7e-m+fp/hard/crti.o
                0x08005934                _fini
 .fini          0x08005938        0x8 c:/stm32projects/toolchain/gcc-arm/bin/../lib/gcc/arm-none-eabi/9.3.1/thumb/v7e-m+fp/hard/crtn.o
                0x08005940                . = ALIGN (0x4)
                0x08005940                _etext = .

.vfp11_veneer   0x08005940        0x0
 .vfp11_veneer  0x08005940        0x0 linker stubs

.v4_bx          0x08005940        0x0
 .v4_bx         0x08005940        0x0 linker stubs

.iplt           0x08005940        0x0
 .iplt          0x08005940        0x0 c:/stm32projects/toolchain/gcc-arm/bin/../lib/gcc/arm-none-eabi/9.3.1/thumb/v7e-m+fp/hard/crtbegin.o

.rodata         0x08005940       0x60
                0x08005940                . = ALIGN (0x4)
 *(.rodata)
 *(.rodata*)
 .rodata.main.str1.4
                0x08005940        0x6 build/main.o
 *fill*         0x08005946        0x2 
 .rodata.aPLLMULFactorTable
                0x08005948       0x10 build/stm32f3xx_hal_rcc.o
                0x08005948                aPLLMULFactorTable
 .rodata.aPredivFactorTable
                0x08005958       0x10 build/stm32f3xx_hal_rcc.o
                0x08005958                aPredivFactorTable
 .rodata.AHBPrescTable
                0x08005968       0x10 build/system_stm32f3xx.o
                0x08005968                AHBPrescTable
 .rodata.APBPrescTable
                0x08005978        0x8 build/system_stm32f3xx.o
                0x08005978                APBPrescTable
 .rodata.log.str1.4
                0x08005980        0x1 c:/stm32projects/toolchain/gcc-arm/bin/../lib/gcc/arm-none-eabi/9.3.1/../../../../arm-none-eabi/lib/thumb/v7e-m+fp/hard\libm.a(lib_a-w_log.o)
 .rodata.__ieee754_pow.str1.4
                0x08005981        0x1 c:/stm32projects/toolchain/gcc-arm/bin/../lib/gcc/arm-none-eabi/9.3.1/../../../../arm-none-eabi/lib/thumb/v7e-m+fp/hard\libm.a(lib_a-e_pow.o)
 .rodata.__ieee754_powf.str1.4
                0x08005981        0x1 c:/stm32projects/toolchain/gcc-arm/bin/../lib/gcc/arm-none-eabi/9.3.1/../../../../arm-none-eabi/lib/thumb/v7e-m+fp/hard\libm.a(lib_a-ef_pow.o)
 *fill*         0x08005981        0x7 
 .rodata.TWO52  0x08005988       0x10 c:/stm32projects/toolchain/gcc-arm/bin/../lib/gcc/arm-none-eabi/9.3.1/../../../../arm-none-eabi/lib/thumb/v7e-m+fp/hard\libm.a(lib_a-s_rint.o)
 .rodata.TWO23  0x08005998        0x8 c:/stm32projects/toolchain/gcc-arm/bin/../lib/gcc/arm-none-eabi/9.3.1/../../../../arm-none-eabi/lib/thumb/v7e-m+fp/hard\libm.a(lib_a-sf_rint.o)
                0x080059a0                . = ALIGN (0x4)

.rel.dyn        0x080059a0        0x0
 .rel.iplt      0x080059a0        0x0 c:/stm32projects/toolchain/gcc-arm/bin/../lib/gcc/arm-none-eabi/9.3.1/thumb/v7e-m+fp/hard/crtbegin.o

.ARM.extab
 *(.ARM.extab* .gnu.linkonce.armextab.*)

.ARM            0x080059a0        0x0
                0x080059a0                __exidx_start = .
 *(.ARM.exidx*)
                0x080059a0                __exidx_end = .

.preinit_array  0x080059a0        0x0
                0x080059a0                PROVIDE (__preinit_array_start = .)
 *(.preinit_array*)
                0x080059a0                PROVIDE (__preinit_array_end = .)

.init_array     0x080059a0        0x4
                0x080059a0                PROVIDE (__init_array_start = .)
 *(SORT_BY_NAME(.init_array.*))
 *(.init_array*)
 .init_array    0x080059a0        0x4 c:/stm32projects/toolchain/gcc-arm/bin/../lib/gcc/arm-none-eabi/9.3.1/thumb/v7e-m+fp/hard/crtbegin.o
                0x080059a4                PROVIDE (__init_array_end = .)

.fini_array     0x080059a4        0x4
                [!provide]                PROVIDE (__fini_array_start = .)
 *(SORT_BY_NAME(.fini_array.*))
 *(.fini_array*)
 .fini_array    0x080059a4        0x4 c:/stm32projects/toolchain/gcc-arm/bin/../lib/gcc/arm-none-eabi/9.3.1/thumb/v7e-m+fp/hard/crtbegin.o
                [!provide]                PROVIDE (__fini_array_end = .)
                0x080059a8                _sidata = LOADADDR (.data)

.data           0x20000000       0x78 load address 0x080059a8
                0x20000000                . = ALIGN (0x4)
                0x20000000                _sdata = .
 *(.data)
 *(.data*)
 .data.uwTickFreq
                0x20000000        0x1 build/stm32f3xx_hal.o
                0x20000000                uwTickFreq
 *fill*         0x20000001        0x3 
 .data.uwTickPrio
                0x20000004        0x4 build/stm32f3xx_hal.o
                0x20000004                uwTickPrio
 .data._fourbit_mode
                0x20000008        0x1 build/LiquidCrystal.o
                0x20000008                _fourbit_mode
 *fill*         0x20000009        0x3 
 .data.SystemCoreClock
                0x2000000c        0x4 build/system_stm32f3xx.o
                0x2000000c                SystemCoreClock
 .data._impure_ptr
                0x20000010        0x4 c:/stm32projects/toolchain/gcc-arm/bin/../lib/gcc/arm-none-eabi/9.3.1/../../../../arm-none-eabi/lib/thumb/v7e-m+fp/hard\libc_nano.a(lib_a-impure.o)
                0x20000010                _impure_ptr
 .data.impure_data
                0x20000014       0x60 c:/stm32projects/toolchain/gcc-arm/bin/../lib/gcc/arm-none-eabi/9.3.1/../../../../arm-none-eabi/lib/thumb/v7e-m+fp/hard\libc_nano.a(lib_a-impure.o)
 .data.__fdlib_version
                0x20000074        0x1 c:/stm32projects/toolchain/gcc-arm/bin/../lib/gcc/arm-none-eabi/9.3.1/../../../../arm-none-eabi/lib/thumb/v7e-m+fp/hard\libm.a(lib_a-s_lib_ver.o)
                0x20000074                __fdlib_version
                0x20000078                . = ALIGN (0x4)
 *fill*         0x20000075        0x3 
                0x20000078                _edata = .
                0x08005a20                _siccmram = LOADADDR (.ccmram)

.igot.plt       0x20000078        0x0 load address 0x08005a20
 .igot.plt      0x20000078        0x0 c:/stm32projects/toolchain/gcc-arm/bin/../lib/gcc/arm-none-eabi/9.3.1/thumb/v7e-m+fp/hard/crtbegin.o

.ccmram         0x10000000        0x0 load address 0x08005a20
                0x10000000                . = ALIGN (0x4)
                0x10000000                _sccmram = .
 *(.ccmram)
 *(.ccmram*)
                0x10000000                . = ALIGN (0x4)
                0x10000000                _eccmram = .
                0x10000000                . = ALIGN (0x4)

.bss            0x20000078      0x15c
                0x20000078                _sbss = .
                0x20000078                __bss_start__ = _sbss
 *(.bss)
 .bss           0x20000078       0x1c c:/stm32projects/toolchain/gcc-arm/bin/../lib/gcc/arm-none-eabi/9.3.1/thumb/v7e-m+fp/hard/crtbegin.o
 *(.bss*)
 .bss.dotsize   0x20000094        0x1 build/LiquidCrystal.o
                0x20000094                dotsize
 *fill*         0x20000095        0x3 
 .bss.ACCEL_X   0x20000098        0x4 build/MPU6050.o
                0x20000098                ACCEL_X
 *(COMMON)
 COMMON         0x2000009c      0x10c build/main.o
                0x2000009c                I2CHandle
                0x20000118                AdcHandle
                0x20000168                TimHandle
 COMMON         0x200001a8        0x4 build/stm32f3xx_hal.o
                0x200001a8                uwTick
 COMMON         0x200001ac       0x27 build/LiquidCrystal.o
                0x200001ac                _row_offsets
                0x200001b0                _rw_pin
                0x200001b4                _port
                0x200001b8                _displaycontrol
                0x200001b9                _numlines
                0x200001bc                _data_pins
                0x200001cc                _displaymode
                0x200001cd                _displayfunction
                0x200001ce                _enable_pin
                0x200001d0                _rs_pin
                0x200001d2                _initialized
                0x200001d4                . = ALIGN (0x4)
 *fill*         0x200001d3        0x1 
                0x200001d4                _ebss = .
                0x200001d4                __bss_end__ = _ebss

._user_heap_stack
                0x200001d4      0x604
                0x200001d8                . = ALIGN (0x8)
 *fill*         0x200001d4        0x4 
                [!provide]                PROVIDE (end = .)
                [!provide]                PROVIDE (_end = .)
                0x200003d8                . = (. + _Min_Heap_Size)
 *fill*         0x200001d8      0x200 
                0x200007d8                . = (. + _Min_Stack_Size)
 *fill*         0x200003d8      0x400 
                0x200007d8                . = ALIGN (0x8)

/DISCARD/
 libc.a(*)
 libm.a(*)
 libgcc.a(*)

.ARM.attributes
                0x00000000       0x30
 *(.ARM.attributes)
 .ARM.attributes
                0x00000000       0x1e c:/stm32projects/toolchain/gcc-arm/bin/../lib/gcc/arm-none-eabi/9.3.1/thumb/v7e-m+fp/hard/crti.o
 .ARM.attributes
                0x0000001e       0x34 c:/stm32projects/toolchain/gcc-arm/bin/../lib/gcc/arm-none-eabi/9.3.1/thumb/v7e-m+fp/hard/crtbegin.o
 .ARM.attributes
                0x00000052       0x34 build/main.o
 .ARM.attributes
                0x00000086       0x34 build/stm32f3xx_it.o
 .ARM.attributes
                0x000000ba       0x34 build/stm32f3xx_hal_msp.o
 .ARM.attributes
                0x000000ee       0x34 build/stm32f3xx_hal_adc_ex.o
 .ARM.attributes
                0x00000122       0x34 build/stm32f3xx_hal_tim.o
 .ARM.attributes
                0x00000156       0x34 build/stm32f3xx_hal_tim_ex.o
 .ARM.attributes
                0x0000018a       0x34 build/stm32f3xx_hal.o
 .ARM.attributes
                0x000001be       0x34 build/stm32f3xx_hal_rcc.o
 .ARM.attributes
                0x000001f2       0x34 build/stm32f3xx_hal_gpio.o
 .ARM.attributes
                0x00000226       0x34 build/stm32f3xx_hal_cortex.o
 .ARM.attributes
                0x0000025a       0x34 build/stm32f3xx_hal_i2c.o
 .ARM.attributes
                0x0000028e       0x34 build/stm32f3xx_hal_i2c_ex.o
 .ARM.attributes
                0x000002c2       0x34 build/LiquidCrystal.o
 .ARM.attributes
                0x000002f6       0x34 build/MPU6050.o
 .ARM.attributes
                0x0000032a       0x34 build/FloatToChar.o
 .ARM.attributes
                0x0000035e       0x34 build/system_stm32f3xx.o
 .ARM.attributes
                0x00000392       0x21 build/startup_stm32f303xe.o
 .ARM.attributes
                0x000003b3       0x32 c:/stm32projects/toolchain/gcc-arm/bin/../lib/gcc/arm-none-eabi/9.3.1/../../../../arm-none-eabi/lib/thumb/v7e-m+fp/hard\libc_nano.a(lib_a-impure.o)
 .ARM.attributes
                0x000003e5       0x34 c:/stm32projects/toolchain/gcc-arm/bin/../lib/gcc/arm-none-eabi/9.3.1/../../../../arm-none-eabi/lib/thumb/v7e-m+fp/hard\libc_nano.a(lib_a-init.o)
 .ARM.attributes
                0x00000419       0x17 c:/stm32projects/toolchain/gcc-arm/bin/../lib/gcc/arm-none-eabi/9.3.1/../../../../arm-none-eabi/lib/thumb/v7e-m+fp/hard\libc_nano.a(lib_a-strlen.o)
 .ARM.attributes
                0x00000430       0x34 c:/stm32projects/toolchain/gcc-arm/bin/../lib/gcc/arm-none-eabi/9.3.1/../../../../arm-none-eabi/lib/thumb/v7e-m+fp/hard\libm.a(lib_a-w_log.o)
 .ARM.attributes
                0x00000464       0x34 c:/stm32projects/toolchain/gcc-arm/bin/../lib/gcc/arm-none-eabi/9.3.1/../../../../arm-none-eabi/lib/thumb/v7e-m+fp/hard\libm.a(lib_a-w_pow.o)
 .ARM.attributes
                0x00000498       0x34 c:/stm32projects/toolchain/gcc-arm/bin/../lib/gcc/arm-none-eabi/9.3.1/../../../../arm-none-eabi/lib/thumb/v7e-m+fp/hard\libm.a(lib_a-wf_pow.o)
 .ARM.attributes
                0x000004cc       0x34 c:/stm32projects/toolchain/gcc-arm/bin/../lib/gcc/arm-none-eabi/9.3.1/../../../../arm-none-eabi/lib/thumb/v7e-m+fp/hard\libm.a(lib_a-e_log.o)
 .ARM.attributes
                0x00000500       0x34 c:/stm32projects/toolchain/gcc-arm/bin/../lib/gcc/arm-none-eabi/9.3.1/../../../../arm-none-eabi/lib/thumb/v7e-m+fp/hard\libm.a(lib_a-e_pow.o)
 .ARM.attributes
                0x00000534       0x34 c:/stm32projects/toolchain/gcc-arm/bin/../lib/gcc/arm-none-eabi/9.3.1/../../../../arm-none-eabi/lib/thumb/v7e-m+fp/hard\libm.a(lib_a-e_sqrt.o)
 .ARM.attributes
                0x00000568       0x34 c:/stm32projects/toolchain/gcc-arm/bin/../lib/gcc/arm-none-eabi/9.3.1/../../../../arm-none-eabi/lib/thumb/v7e-m+fp/hard\libm.a(lib_a-ef_pow.o)
 .ARM.attributes
                0x0000059c       0x34 c:/stm32projects/toolchain/gcc-arm/bin/../lib/gcc/arm-none-eabi/9.3.1/../../../../arm-none-eabi/lib/thumb/v7e-m+fp/hard\libm.a(lib_a-ef_sqrt.o)
 .ARM.attributes
                0x000005d0       0x34 c:/stm32projects/toolchain/gcc-arm/bin/../lib/gcc/arm-none-eabi/9.3.1/../../../../arm-none-eabi/lib/thumb/v7e-m+fp/hard\libm.a(lib_a-s_fabs.o)
 .ARM.attributes
                0x00000604       0x34 c:/stm32projects/toolchain/gcc-arm/bin/../lib/gcc/arm-none-eabi/9.3.1/../../../../arm-none-eabi/lib/thumb/v7e-m+fp/hard\libm.a(lib_a-s_finite.o)
 .ARM.attributes
                0x00000638       0x32 c:/stm32projects/toolchain/gcc-arm/bin/../lib/gcc/arm-none-eabi/9.3.1/../../../../arm-none-eabi/lib/thumb/v7e-m+fp/hard\libm.a(lib_a-s_lib_ver.o)
 .ARM.attributes
                0x0000066a       0x34 c:/stm32projects/toolchain/gcc-arm/bin/../lib/gcc/arm-none-eabi/9.3.1/../../../../arm-none-eabi/lib/thumb/v7e-m+fp/hard\libm.a(lib_a-s_nan.o)
 .ARM.attributes
                0x0000069e       0x34 c:/stm32projects/toolchain/gcc-arm/bin/../lib/gcc/arm-none-eabi/9.3.1/../../../../arm-none-eabi/lib/thumb/v7e-m+fp/hard\libm.a(lib_a-s_rint.o)
 .ARM.attributes
                0x000006d2       0x34 c:/stm32projects/toolchain/gcc-arm/bin/../lib/gcc/arm-none-eabi/9.3.1/../../../../arm-none-eabi/lib/thumb/v7e-m+fp/hard\libm.a(lib_a-s_scalbn.o)
 .ARM.attributes
                0x00000706       0x34 c:/stm32projects/toolchain/gcc-arm/bin/../lib/gcc/arm-none-eabi/9.3.1/../../../../arm-none-eabi/lib/thumb/v7e-m+fp/hard\libm.a(lib_a-sf_fabs.o)
 .ARM.attributes
                0x0000073a       0x34 c:/stm32projects/toolchain/gcc-arm/bin/../lib/gcc/arm-none-eabi/9.3.1/../../../../arm-none-eabi/lib/thumb/v7e-m+fp/hard\libm.a(lib_a-sf_finite.o)
 .ARM.attributes
                0x0000076e       0x34 c:/stm32projects/toolchain/gcc-arm/bin/../lib/gcc/arm-none-eabi/9.3.1/../../../../arm-none-eabi/lib/thumb/v7e-m+fp/hard\libm.a(lib_a-sf_nan.o)
 .ARM.attributes
                0x000007a2       0x34 c:/stm32projects/toolchain/gcc-arm/bin/../lib/gcc/arm-none-eabi/9.3.1/../../../../arm-none-eabi/lib/thumb/v7e-m+fp/hard\libm.a(lib_a-sf_rint.o)
 .ARM.attributes
                0x000007d6       0x34 c:/stm32projects/toolchain/gcc-arm/bin/../lib/gcc/arm-none-eabi/9.3.1/../../../../arm-none-eabi/lib/thumb/v7e-m+fp/hard\libm.a(lib_a-sf_scalbn.o)
 .ARM.attributes
                0x0000080a       0x1e c:/stm32projects/toolchain/gcc-arm/bin/../lib/gcc/arm-none-eabi/9.3.1/thumb/v7e-m+fp/hard\libgcc.a(_arm_addsubdf3.o)
 .ARM.attributes
                0x00000828       0x1e c:/stm32projects/toolchain/gcc-arm/bin/../lib/gcc/arm-none-eabi/9.3.1/thumb/v7e-m+fp/hard\libgcc.a(_arm_muldivdf3.o)
 .ARM.attributes
                0x00000846       0x1e c:/stm32projects/toolchain/gcc-arm/bin/../lib/gcc/arm-none-eabi/9.3.1/thumb/v7e-m+fp/hard\libgcc.a(_arm_cmpdf2.o)
 .ARM.attributes
                0x00000864       0x1e c:/stm32projects/toolchain/gcc-arm/bin/../lib/gcc/arm-none-eabi/9.3.1/thumb/v7e-m+fp/hard\libgcc.a(_arm_unorddf2.o)
 .ARM.attributes
                0x00000882       0x1e c:/stm32projects/toolchain/gcc-arm/bin/../lib/gcc/arm-none-eabi/9.3.1/thumb/v7e-m+fp/hard\libgcc.a(_arm_fixdfsi.o)
 .ARM.attributes
                0x000008a0       0x1e c:/stm32projects/toolchain/gcc-arm/bin/../lib/gcc/arm-none-eabi/9.3.1/thumb/v7e-m+fp/hard\libgcc.a(_arm_truncdfsf2.o)
 .ARM.attributes
                0x000008be       0x34 c:/stm32projects/toolchain/gcc-arm/bin/../lib/gcc/arm-none-eabi/9.3.1/../../../../arm-none-eabi/lib/thumb/v7e-m+fp/hard\libc_nano.a(lib_a-errno.o)
 .ARM.attributes
                0x000008f2       0x1e c:/stm32projects/toolchain/gcc-arm/bin/../lib/gcc/arm-none-eabi/9.3.1/thumb/v7e-m+fp/hard/crtn.o
OUTPUT(build/FoodMX.elf elf32-littlearm)
LOAD linker stubs
LOAD c:/stm32projects/toolchain/gcc-arm/bin/../lib/gcc/arm-none-eabi/9.3.1/../../../../arm-none-eabi/lib/thumb/v7e-m+fp/hard\libc.a
LOAD c:/stm32projects/toolchain/gcc-arm/bin/../lib/gcc/arm-none-eabi/9.3.1/../../../../arm-none-eabi/lib/thumb/v7e-m+fp/hard\libm.a
LOAD c:/stm32projects/toolchain/gcc-arm/bin/../lib/gcc/arm-none-eabi/9.3.1/thumb/v7e-m+fp/hard\libgcc.a

.debug_info     0x00000000    0x18113
 .debug_info    0x00000000     0x2705 build/main.o
 .debug_info    0x00002705      0x9cb build/stm32f3xx_it.o
 .debug_info    0x000030d0     0x12f5 build/stm32f3xx_hal_msp.o
 .debug_info    0x000043c5     0x1ff7 build/stm32f3xx_hal_adc_ex.o
 .debug_info    0x000063bc     0x3c46 build/stm32f3xx_hal_tim.o
 .debug_info    0x0000a002     0x191c build/stm32f3xx_hal_tim_ex.o
 .debug_info    0x0000b91e      0x9dc build/stm32f3xx_hal.o
 .debug_info    0x0000c2fa     0x176f build/stm32f3xx_hal_rcc.o
 .debug_info    0x0000da69      0x921 build/stm32f3xx_hal_gpio.o
 .debug_info    0x0000e38a     0x11cc build/stm32f3xx_hal_cortex.o
 .debug_info    0x0000f556     0x44c3 build/stm32f3xx_hal_i2c.o
 .debug_info    0x00013a19      0xc0d build/stm32f3xx_hal_i2c_ex.o
 .debug_info    0x00014626     0x1eb0 build/LiquidCrystal.o
 .debug_info    0x000164d6      0xc0e build/MPU6050.o
 .debug_info    0x000170e4      0xb04 build/FloatToChar.o
 .debug_info    0x00017be8      0x509 build/system_stm32f3xx.o
 .debug_info    0x000180f1       0x22 build/startup_stm32f303xe.o

.debug_abbrev   0x00000000     0x29a4
 .debug_abbrev  0x00000000      0x3c1 build/main.o
 .debug_abbrev  0x000003c1      0x1cd build/stm32f3xx_it.o
 .debug_abbrev  0x0000058e      0x1f4 build/stm32f3xx_hal_msp.o
 .debug_abbrev  0x00000782      0x315 build/stm32f3xx_hal_adc_ex.o
 .debug_abbrev  0x00000a97      0x2af build/stm32f3xx_hal_tim.o
 .debug_abbrev  0x00000d46      0x2ab build/stm32f3xx_hal_tim_ex.o
 .debug_abbrev  0x00000ff1      0x21c build/stm32f3xx_hal.o
 .debug_abbrev  0x0000120d      0x337 build/stm32f3xx_hal_rcc.o
 .debug_abbrev  0x00001544      0x24f build/stm32f3xx_hal_gpio.o
 .debug_abbrev  0x00001793      0x3a8 build/stm32f3xx_hal_cortex.o
 .debug_abbrev  0x00001b3b      0x2f3 build/stm32f3xx_hal_i2c.o
 .debug_abbrev  0x00001e2e      0x1e2 build/stm32f3xx_hal_i2c_ex.o
 .debug_abbrev  0x00002010      0x40e build/LiquidCrystal.o
 .debug_abbrev  0x0000241e      0x1dd build/MPU6050.o
 .debug_abbrev  0x000025fb      0x24d build/FloatToChar.o
 .debug_abbrev  0x00002848      0x14a build/system_stm32f3xx.o
 .debug_abbrev  0x00002992       0x12 build/startup_stm32f303xe.o

.debug_loc      0x00000000    0x116ed
 .debug_loc     0x00000000      0x238 build/main.o
 .debug_loc     0x00000238       0x85 build/stm32f3xx_it.o
 .debug_loc     0x000002bd      0x1b6 build/stm32f3xx_hal_msp.o
 .debug_loc     0x00000473     0x26c1 build/stm32f3xx_hal_adc_ex.o
 .debug_loc     0x00002b34     0x4ae6 build/stm32f3xx_hal_tim.o
 .debug_loc     0x0000761a     0x1a40 build/stm32f3xx_hal_tim_ex.o
 .debug_loc     0x0000905a      0x1cc build/stm32f3xx_hal.o
 .debug_loc     0x00009226      0xf88 build/stm32f3xx_hal_rcc.o
 .debug_loc     0x0000a1ae      0x3f6 build/stm32f3xx_hal_gpio.o
 .debug_loc     0x0000a5a4      0x7d4 build/stm32f3xx_hal_cortex.o
 .debug_loc     0x0000ad78     0x5672 build/stm32f3xx_hal_i2c.o
 .debug_loc     0x000103ea      0x25a build/stm32f3xx_hal_i2c_ex.o
 .debug_loc     0x00010644      0xd63 build/LiquidCrystal.o
 .debug_loc     0x000113a7       0xa3 build/MPU6050.o
 .debug_loc     0x0001144a      0x17f build/FloatToChar.o
 .debug_loc     0x000115c9      0x124 build/system_stm32f3xx.o

.debug_aranges  0x00000000      0xea0
 .debug_aranges
                0x00000000       0x70 build/main.o
 .debug_aranges
                0x00000070       0x70 build/stm32f3xx_it.o
 .debug_aranges
                0x000000e0       0x40 build/stm32f3xx_hal_msp.o
 .debug_aranges
                0x00000120      0x168 build/stm32f3xx_hal_adc_ex.o
 .debug_aranges
                0x00000288      0x3c8 build/stm32f3xx_hal_tim.o
 .debug_aranges
                0x00000650      0x160 build/stm32f3xx_hal_tim_ex.o
 .debug_aranges
                0x000007b0       0xe0 build/stm32f3xx_hal.o
 .debug_aranges
                0x00000890       0x88 build/stm32f3xx_hal_rcc.o
 .debug_aranges
                0x00000918       0x58 build/stm32f3xx_hal_gpio.o
 .debug_aranges
                0x00000970       0xa8 build/stm32f3xx_hal_cortex.o
 .debug_aranges
                0x00000a18      0x2b0 build/stm32f3xx_hal_i2c.o
 .debug_aranges
                0x00000cc8       0x48 build/stm32f3xx_hal_i2c_ex.o
 .debug_aranges
                0x00000d10       0xf8 build/LiquidCrystal.o
 .debug_aranges
                0x00000e08       0x28 build/MPU6050.o
 .debug_aranges
                0x00000e30       0x20 build/FloatToChar.o
 .debug_aranges
                0x00000e50       0x28 build/system_stm32f3xx.o
 .debug_aranges
                0x00000e78       0x28 build/startup_stm32f303xe.o

.debug_ranges   0x00000000      0xe18
 .debug_ranges  0x00000000       0x60 build/main.o
 .debug_ranges  0x00000060       0x60 build/stm32f3xx_it.o
 .debug_ranges  0x000000c0       0x30 build/stm32f3xx_hal_msp.o
 .debug_ranges  0x000000f0      0x158 build/stm32f3xx_hal_adc_ex.o
 .debug_ranges  0x00000248      0x3b8 build/stm32f3xx_hal_tim.o
 .debug_ranges  0x00000600      0x150 build/stm32f3xx_hal_tim_ex.o
 .debug_ranges  0x00000750       0xd0 build/stm32f3xx_hal.o
 .debug_ranges  0x00000820       0x98 build/stm32f3xx_hal_rcc.o
 .debug_ranges  0x000008b8       0x48 build/stm32f3xx_hal_gpio.o
 .debug_ranges  0x00000900       0xf8 build/stm32f3xx_hal_cortex.o
 .debug_ranges  0x000009f8      0x2a0 build/stm32f3xx_hal_i2c.o
 .debug_ranges  0x00000c98       0x38 build/stm32f3xx_hal_i2c_ex.o
 .debug_ranges  0x00000cd0       0xe8 build/LiquidCrystal.o
 .debug_ranges  0x00000db8       0x18 build/MPU6050.o
 .debug_ranges  0x00000dd0       0x10 build/FloatToChar.o
 .debug_ranges  0x00000de0       0x18 build/system_stm32f3xx.o
 .debug_ranges  0x00000df8       0x20 build/startup_stm32f303xe.o

.debug_line     0x00000000    0x110af
 .debug_line    0x00000000      0x803 build/main.o
 .debug_line    0x00000803      0x333 build/stm32f3xx_it.o
 .debug_line    0x00000b36      0x379 build/stm32f3xx_hal_msp.o
 .debug_line    0x00000eaf     0x29a1 build/stm32f3xx_hal_adc_ex.o
 .debug_line    0x00003850     0x3ad9 build/stm32f3xx_hal_tim.o
 .debug_line    0x00007329     0x1310 build/stm32f3xx_hal_tim_ex.o
 .debug_line    0x00008639      0x4e7 build/stm32f3xx_hal.o
 .debug_line    0x00008b20     0x11b4 build/stm32f3xx_hal_rcc.o
 .debug_line    0x00009cd4      0x6a8 build/stm32f3xx_hal_gpio.o
 .debug_line    0x0000a37c      0x747 build/stm32f3xx_hal_cortex.o
 .debug_line    0x0000aac3     0x4de9 build/stm32f3xx_hal_i2c.o
 .debug_line    0x0000f8ac      0x4e2 build/stm32f3xx_hal_i2c_ex.o
 .debug_line    0x0000fd8e      0xa1d build/LiquidCrystal.o
 .debug_line    0x000107ab      0x42d build/MPU6050.o
 .debug_line    0x00010bd8      0x209 build/FloatToChar.o
 .debug_line    0x00010de1      0x25b build/system_stm32f3xx.o
 .debug_line    0x0001103c       0x73 build/startup_stm32f303xe.o

.debug_str      0x00000000     0x4cfb
 .debug_str     0x00000000     0x1857 build/main.o
                               0x1a66 (size before relaxing)
 .debug_str     0x00001857      0x111 build/stm32f3xx_it.o
                                0x90a (size before relaxing)
 .debug_str     0x00001968       0x96 build/stm32f3xx_hal_msp.o
                               0x1060 (size before relaxing)
 .debug_str     0x000019fe      0x75f build/stm32f3xx_hal_adc_ex.o
                                0xf8f (size before relaxing)
 .debug_str     0x0000215d      0xe87 build/stm32f3xx_hal_tim.o
                               0x15c5 (size before relaxing)
 .debug_str     0x00002fe4      0x51e build/stm32f3xx_hal_tim_ex.o
                                0xdcb (size before relaxing)
 .debug_str     0x00003502      0x250 build/stm32f3xx_hal.o
                                0xa39 (size before relaxing)
 .debug_str     0x00003752      0x1da build/stm32f3xx_hal_rcc.o
                                0x6f9 (size before relaxing)
 .debug_str     0x0000392c      0x157 build/stm32f3xx_hal_gpio.o
                                0x569 (size before relaxing)
 .debug_str     0x00003a83      0x471 build/stm32f3xx_hal_cortex.o
                                0xc6d (size before relaxing)
 .debug_str     0x00003ef4      0xa6e build/stm32f3xx_hal_i2c.o
                               0x1310 (size before relaxing)
 .debug_str     0x00004962       0xb5 build/stm32f3xx_hal_i2c_ex.o
                                0x9f3 (size before relaxing)
 .debug_str     0x00004a17      0x20d build/LiquidCrystal.o
                                0x997 (size before relaxing)
 .debug_str     0x00004c24       0x3a build/MPU6050.o
                                0x883 (size before relaxing)
 .debug_str     0x00004c5e       0x1d build/FloatToChar.o
                                0x5b2 (size before relaxing)
 .debug_str     0x00004c7b       0x5c build/system_stm32f3xx.o
                                0x358 (size before relaxing)
 .debug_str     0x00004cd7       0x24 build/startup_stm32f303xe.o
                                 0x49 (size before relaxing)

.comment        0x00000000       0x4c
 .comment       0x00000000       0x4c build/main.o
                                 0x4d (size before relaxing)
 .comment       0x0000004c       0x4d build/stm32f3xx_it.o
 .comment       0x0000004c       0x4d build/stm32f3xx_hal_msp.o
 .comment       0x0000004c       0x4d build/stm32f3xx_hal_adc_ex.o
 .comment       0x0000004c       0x4d build/stm32f3xx_hal_tim.o
 .comment       0x0000004c       0x4d build/stm32f3xx_hal_tim_ex.o
 .comment       0x0000004c       0x4d build/stm32f3xx_hal.o
 .comment       0x0000004c       0x4d build/stm32f3xx_hal_rcc.o
 .comment       0x0000004c       0x4d build/stm32f3xx_hal_gpio.o
 .comment       0x0000004c       0x4d build/stm32f3xx_hal_cortex.o
 .comment       0x0000004c       0x4d build/stm32f3xx_hal_i2c.o
 .comment       0x0000004c       0x4d build/stm32f3xx_hal_i2c_ex.o
 .comment       0x0000004c       0x4d build/LiquidCrystal.o
 .comment       0x0000004c       0x4d build/MPU6050.o
 .comment       0x0000004c       0x4d build/FloatToChar.o
 .comment       0x0000004c       0x4d build/system_stm32f3xx.o

.debug_frame    0x00000000     0x3090
 .debug_frame   0x00000000      0x124 build/main.o
 .debug_frame   0x00000124       0xd8 build/stm32f3xx_it.o
 .debug_frame   0x000001fc       0x98 build/stm32f3xx_hal_msp.o
 .debug_frame   0x00000294      0x4d8 build/stm32f3xx_hal_adc_ex.o
 .debug_frame   0x0000076c      0xaf8 build/stm32f3xx_hal_tim.o
 .debug_frame   0x00001264      0x3f0 build/stm32f3xx_hal_tim_ex.o
 .debug_frame   0x00001654      0x1cc build/stm32f3xx_hal.o
 .debug_frame   0x00001820      0x170 build/stm32f3xx_hal_rcc.o
 .debug_frame   0x00001990       0xd0 build/stm32f3xx_hal_gpio.o
 .debug_frame   0x00001a60      0x15c build/stm32f3xx_hal_cortex.o
 .debug_frame   0x00001bbc      0x9a0 build/stm32f3xx_hal_i2c.o
 .debug_frame   0x0000255c       0x80 build/stm32f3xx_hal_i2c_ex.o
 .debug_frame   0x000025dc      0x2ec build/LiquidCrystal.o
 .debug_frame   0x000028c8       0x4c build/MPU6050.o
 .debug_frame   0x00002914       0x34 build/FloatToChar.o
 .debug_frame   0x00002948       0x30 build/system_stm32f3xx.o
 .debug_frame   0x00002978       0x2c c:/stm32projects/toolchain/gcc-arm/bin/../lib/gcc/arm-none-eabi/9.3.1/../../../../arm-none-eabi/lib/thumb/v7e-m+fp/hard\libc_nano.a(lib_a-init.o)
 .debug_frame   0x000029a4       0x4c c:/stm32projects/toolchain/gcc-arm/bin/../lib/gcc/arm-none-eabi/9.3.1/../../../../arm-none-eabi/lib/thumb/v7e-m+fp/hard\libm.a(lib_a-w_log.o)
 .debug_frame   0x000029f0       0x50 c:/stm32projects/toolchain/gcc-arm/bin/../lib/gcc/arm-none-eabi/9.3.1/../../../../arm-none-eabi/lib/thumb/v7e-m+fp/hard\libm.a(lib_a-w_pow.o)
 .debug_frame   0x00002a40       0x54 c:/stm32projects/toolchain/gcc-arm/bin/../lib/gcc/arm-none-eabi/9.3.1/../../../../arm-none-eabi/lib/thumb/v7e-m+fp/hard\libm.a(lib_a-wf_pow.o)
 .debug_frame   0x00002a94       0x78 c:/stm32projects/toolchain/gcc-arm/bin/../lib/gcc/arm-none-eabi/9.3.1/../../../../arm-none-eabi/lib/thumb/v7e-m+fp/hard\libm.a(lib_a-e_log.o)
 .debug_frame   0x00002b0c       0xc8 c:/stm32projects/toolchain/gcc-arm/bin/../lib/gcc/arm-none-eabi/9.3.1/../../../../arm-none-eabi/lib/thumb/v7e-m+fp/hard\libm.a(lib_a-e_pow.o)
 .debug_frame   0x00002bd4       0x30 c:/stm32projects/toolchain/gcc-arm/bin/../lib/gcc/arm-none-eabi/9.3.1/../../../../arm-none-eabi/lib/thumb/v7e-m+fp/hard\libm.a(lib_a-e_sqrt.o)
 .debug_frame   0x00002c04       0x74 c:/stm32projects/toolchain/gcc-arm/bin/../lib/gcc/arm-none-eabi/9.3.1/../../../../arm-none-eabi/lib/thumb/v7e-m+fp/hard\libm.a(lib_a-ef_pow.o)
 .debug_frame   0x00002c78       0x20 c:/stm32projects/toolchain/gcc-arm/bin/../lib/gcc/arm-none-eabi/9.3.1/../../../../arm-none-eabi/lib/thumb/v7e-m+fp/hard\libm.a(lib_a-ef_sqrt.o)
 .debug_frame   0x00002c98       0x20 c:/stm32projects/toolchain/gcc-arm/bin/../lib/gcc/arm-none-eabi/9.3.1/../../../../arm-none-eabi/lib/thumb/v7e-m+fp/hard\libm.a(lib_a-s_fabs.o)
 .debug_frame   0x00002cb8       0x28 c:/stm32projects/toolchain/gcc-arm/bin/../lib/gcc/arm-none-eabi/9.3.1/../../../../arm-none-eabi/lib/thumb/v7e-m+fp/hard\libm.a(lib_a-s_finite.o)
 .debug_frame   0x00002ce0       0x20 c:/stm32projects/toolchain/gcc-arm/bin/../lib/gcc/arm-none-eabi/9.3.1/../../../../arm-none-eabi/lib/thumb/v7e-m+fp/hard\libm.a(lib_a-s_nan.o)
 .debug_frame   0x00002d00       0x44 c:/stm32projects/toolchain/gcc-arm/bin/../lib/gcc/arm-none-eabi/9.3.1/../../../../arm-none-eabi/lib/thumb/v7e-m+fp/hard\libm.a(lib_a-s_rint.o)
 .debug_frame   0x00002d44       0x2c c:/stm32projects/toolchain/gcc-arm/bin/../lib/gcc/arm-none-eabi/9.3.1/../../../../arm-none-eabi/lib/thumb/v7e-m+fp/hard\libm.a(lib_a-s_scalbn.o)
 .debug_frame   0x00002d70       0x20 c:/stm32projects/toolchain/gcc-arm/bin/../lib/gcc/arm-none-eabi/9.3.1/../../../../arm-none-eabi/lib/thumb/v7e-m+fp/hard\libm.a(lib_a-sf_fabs.o)
 .debug_frame   0x00002d90       0x28 c:/stm32projects/toolchain/gcc-arm/bin/../lib/gcc/arm-none-eabi/9.3.1/../../../../arm-none-eabi/lib/thumb/v7e-m+fp/hard\libm.a(lib_a-sf_finite.o)
 .debug_frame   0x00002db8       0x20 c:/stm32projects/toolchain/gcc-arm/bin/../lib/gcc/arm-none-eabi/9.3.1/../../../../arm-none-eabi/lib/thumb/v7e-m+fp/hard\libm.a(lib_a-sf_nan.o)
 .debug_frame   0x00002dd8       0x34 c:/stm32projects/toolchain/gcc-arm/bin/../lib/gcc/arm-none-eabi/9.3.1/../../../../arm-none-eabi/lib/thumb/v7e-m+fp/hard\libm.a(lib_a-sf_rint.o)
 .debug_frame   0x00002e0c       0x3c c:/stm32projects/toolchain/gcc-arm/bin/../lib/gcc/arm-none-eabi/9.3.1/../../../../arm-none-eabi/lib/thumb/v7e-m+fp/hard\libm.a(lib_a-sf_scalbn.o)
 .debug_frame   0x00002e48       0xac c:/stm32projects/toolchain/gcc-arm/bin/../lib/gcc/arm-none-eabi/9.3.1/thumb/v7e-m+fp/hard\libgcc.a(_arm_addsubdf3.o)
 .debug_frame   0x00002ef4       0x50 c:/stm32projects/toolchain/gcc-arm/bin/../lib/gcc/arm-none-eabi/9.3.1/thumb/v7e-m+fp/hard\libgcc.a(_arm_muldivdf3.o)
 .debug_frame   0x00002f44       0xc4 c:/stm32projects/toolchain/gcc-arm/bin/../lib/gcc/arm-none-eabi/9.3.1/thumb/v7e-m+fp/hard\libgcc.a(_arm_cmpdf2.o)
 .debug_frame   0x00003008       0x20 c:/stm32projects/toolchain/gcc-arm/bin/../lib/gcc/arm-none-eabi/9.3.1/thumb/v7e-m+fp/hard\libgcc.a(_arm_unorddf2.o)
 .debug_frame   0x00003028       0x24 c:/stm32projects/toolchain/gcc-arm/bin/../lib/gcc/arm-none-eabi/9.3.1/thumb/v7e-m+fp/hard\libgcc.a(_arm_fixdfsi.o)
 .debug_frame   0x0000304c       0x24 c:/stm32projects/toolchain/gcc-arm/bin/../lib/gcc/arm-none-eabi/9.3.1/thumb/v7e-m+fp/hard\libgcc.a(_arm_truncdfsf2.o)
 .debug_frame   0x00003070       0x20 c:/stm32projects/toolchain/gcc-arm/bin/../lib/gcc/arm-none-eabi/9.3.1/../../../../arm-none-eabi/lib/thumb/v7e-m+fp/hard\libc_nano.a(lib_a-errno.o)

Cross Reference Table

Symbol                                            File
ACCEL_X                                           build/MPU6050.o
                                                  build/main.o
ADC1_2_IRQHandler                                 build/startup_stm32f303xe.o
ADC3_IRQHandler                                   build/startup_stm32f303xe.o
ADC4_IRQHandler                                   build/startup_stm32f303xe.o
AHBPrescTable                                     build/system_stm32f3xx.o
                                                  build/stm32f3xx_hal_rcc.o
APBPrescTable                                     build/system_stm32f3xx.o
                                                  build/stm32f3xx_hal_rcc.o
AdcHandle                                         build/main.o
BusFault_Handler                                  build/stm32f3xx_it.o
CAN_RX1_IRQHandler                                build/startup_stm32f303xe.o
CAN_SCE_IRQHandler                                build/startup_stm32f303xe.o
COMP1_2_3_IRQHandler                              build/startup_stm32f303xe.o
COMP4_5_6_IRQHandler                              build/startup_stm32f303xe.o
COMP7_IRQHandler                                  build/startup_stm32f303xe.o
DMA1_Channel1_IRQHandler                          build/startup_stm32f303xe.o
DMA1_Channel2_IRQHandler                          build/startup_stm32f303xe.o
DMA1_Channel3_IRQHandler                          build/startup_stm32f303xe.o
DMA1_Channel4_IRQHandler                          build/startup_stm32f303xe.o
DMA1_Channel5_IRQHandler                          build/startup_stm32f303xe.o
DMA1_Channel6_IRQHandler                          build/startup_stm32f303xe.o
DMA1_Channel7_IRQHandler                          build/startup_stm32f303xe.o
DMA2_Channel1_IRQHandler                          build/startup_stm32f303xe.o
DMA2_Channel2_IRQHandler                          build/startup_stm32f303xe.o
DMA2_Channel3_IRQHandler                          build/startup_stm32f303xe.o
DMA2_Channel4_IRQHandler                          build/startup_stm32f303xe.o
DMA2_Channel5_IRQHandler                          build/startup_stm32f303xe.o
DebugMon_Handler                                  build/stm32f3xx_it.o
Default_Handler                                   build/startup_stm32f303xe.o
EXTI0_IRQHandler                                  build/startup_stm32f303xe.o
EXTI15_10_IRQHandler                              build/startup_stm32f303xe.o
EXTI1_IRQHandler                                  build/startup_stm32f303xe.o
EXTI2_TSC_IRQHandler                              build/startup_stm32f303xe.o
EXTI3_IRQHandler                                  build/stm32f3xx_it.o
EXTI4_IRQHandler                                  build/startup_stm32f303xe.o
EXTI9_5_IRQHandler                                build/startup_stm32f303xe.o
Error_Handler                                     build/main.o
FLASH_IRQHandler                                  build/startup_stm32f303xe.o
FLASH_PageErase                                   build/stm32f3xx_hal_flash_ex.o
                                                  build/stm32f3xx_hal_flash.o
FLASH_WaitForLastOperation                        build/stm32f3xx_hal_flash.o
                                                  build/stm32f3xx_hal_flash_ex.o
FMC_IRQHandler                                    build/startup_stm32f303xe.o
FPU_IRQHandler                                    build/startup_stm32f303xe.o
HAL_ADCEx_Calibration_GetValue                    build/stm32f3xx_hal_adc_ex.o
HAL_ADCEx_Calibration_SetValue                    build/stm32f3xx_hal_adc_ex.o
HAL_ADCEx_Calibration_Start                       build/stm32f3xx_hal_adc_ex.o
HAL_ADCEx_InjectedConfigChannel                   build/stm32f3xx_hal_adc_ex.o
HAL_ADCEx_InjectedConvCpltCallback                build/stm32f3xx_hal_adc_ex.o
HAL_ADCEx_InjectedGetValue                        build/stm32f3xx_hal_adc_ex.o
HAL_ADCEx_InjectedPollForConversion               build/stm32f3xx_hal_adc_ex.o
HAL_ADCEx_InjectedQueueOverflowCallback           build/stm32f3xx_hal_adc_ex.o
HAL_ADCEx_InjectedStart                           build/stm32f3xx_hal_adc_ex.o
HAL_ADCEx_InjectedStart_IT                        build/stm32f3xx_hal_adc_ex.o
HAL_ADCEx_InjectedStop                            build/stm32f3xx_hal_adc_ex.o
HAL_ADCEx_InjectedStop_IT                         build/stm32f3xx_hal_adc_ex.o
HAL_ADCEx_LevelOutOfWindow2Callback               build/stm32f3xx_hal_adc_ex.o
HAL_ADCEx_LevelOutOfWindow3Callback               build/stm32f3xx_hal_adc_ex.o
HAL_ADCEx_MultiModeConfigChannel                  build/stm32f3xx_hal_adc_ex.o
HAL_ADCEx_MultiModeGetValue                       build/stm32f3xx_hal_adc_ex.o
HAL_ADCEx_MultiModeStart_DMA                      build/stm32f3xx_hal_adc_ex.o
HAL_ADCEx_MultiModeStop_DMA                       build/stm32f3xx_hal_adc_ex.o
HAL_ADCEx_RegularMultiModeStop_DMA                build/stm32f3xx_hal_adc_ex.o
HAL_ADCEx_RegularStop                             build/stm32f3xx_hal_adc_ex.o
HAL_ADCEx_RegularStop_DMA                         build/stm32f3xx_hal_adc_ex.o
HAL_ADCEx_RegularStop_IT                          build/stm32f3xx_hal_adc_ex.o
HAL_ADC_AnalogWDGConfig                           build/stm32f3xx_hal_adc_ex.o
                                                  build/stm32f3xx_hal_adc.o
HAL_ADC_ConfigChannel                             build/stm32f3xx_hal_adc_ex.o
                                                  build/stm32f3xx_hal_adc.o
                                                  build/main.o
HAL_ADC_ConvCpltCallback                          build/main.o
                                                  build/stm32f3xx_hal_adc_ex.o
HAL_ADC_ConvHalfCpltCallback                      build/main.o
                                                  build/stm32f3xx_hal_adc_ex.o
HAL_ADC_DeInit                                    build/stm32f3xx_hal_adc_ex.o
                                                  build/stm32f3xx_hal_adc.o
HAL_ADC_ErrorCallback                             build/main.o
                                                  build/stm32f3xx_hal_adc_ex.o
HAL_ADC_GetError                                  build/stm32f3xx_hal_adc.o
HAL_ADC_GetState                                  build/stm32f3xx_hal_adc.o
HAL_ADC_GetValue                                  build/stm32f3xx_hal_adc_ex.o
                                                  build/stm32f3xx_hal_adc.o
                                                  build/main.o
HAL_ADC_IRQHandler                                build/stm32f3xx_hal_adc_ex.o
                                                  build/stm32f3xx_hal_adc.o
HAL_ADC_Init                                      build/stm32f3xx_hal_adc_ex.o
                                                  build/stm32f3xx_hal_adc.o
                                                  build/main.o
HAL_ADC_LevelOutOfWindowCallback                  build/main.o
                                                  build/stm32f3xx_hal_adc_ex.o
HAL_ADC_MspDeInit                                 build/stm32f3xx_hal_msp.o
                                                  build/stm32f3xx_hal_adc_ex.o
HAL_ADC_MspInit                                   build/stm32f3xx_hal_msp.o
                                                  build/stm32f3xx_hal_adc_ex.o
HAL_ADC_PollForConversion                         build/stm32f3xx_hal_adc_ex.o
                                                  build/stm32f3xx_hal_adc.o
                                                  build/main.o
HAL_ADC_PollForEvent                              build/stm32f3xx_hal_adc_ex.o
                                                  build/stm32f3xx_hal_adc.o
HAL_ADC_Start                                     build/stm32f3xx_hal_adc_ex.o
                                                  build/stm32f3xx_hal_adc.o
                                                  build/main.o
HAL_ADC_Start_DMA                                 build/stm32f3xx_hal_adc_ex.o
                                                  build/stm32f3xx_hal_adc.o
HAL_ADC_Start_IT                                  build/stm32f3xx_hal_adc_ex.o
                                                  build/stm32f3xx_hal_adc.o
HAL_ADC_Stop                                      build/stm32f3xx_hal_adc_ex.o
                                                  build/stm32f3xx_hal_adc.o
HAL_ADC_Stop_DMA                                  build/stm32f3xx_hal_adc_ex.o
                                                  build/stm32f3xx_hal_adc.o
HAL_ADC_Stop_IT                                   build/stm32f3xx_hal_adc_ex.o
                                                  build/stm32f3xx_hal_adc.o
HAL_DBGMCU_DisableDBGSleepMode                    build/stm32f3xx_hal.o
HAL_DBGMCU_DisableDBGStandbyMode                  build/stm32f3xx_hal.o
HAL_DBGMCU_DisableDBGStopMode                     build/stm32f3xx_hal.o
HAL_DBGMCU_EnableDBGSleepMode                     build/stm32f3xx_hal.o
HAL_DBGMCU_EnableDBGStandbyMode                   build/stm32f3xx_hal.o
HAL_DBGMCU_EnableDBGStopMode                      build/stm32f3xx_hal.o
HAL_DMA_Abort                                     build/stm32f3xx_hal_dma.o
                                                  build/stm32f3xx_hal_adc_ex.o
HAL_DMA_Abort_IT                                  build/stm32f3xx_hal_dma.o
                                                  build/stm32f3xx_hal_i2c.o
                                                  build/stm32f3xx_hal_tim_ex.o
                                                  build/stm32f3xx_hal_tim.o
HAL_DMA_DeInit                                    build/stm32f3xx_hal_dma.o
HAL_DMA_GetError                                  build/stm32f3xx_hal_dma.o
HAL_DMA_GetState                                  build/stm32f3xx_hal_dma.o
                                                  build/stm32f3xx_hal_i2c.o
HAL_DMA_IRQHandler                                build/stm32f3xx_hal_dma.o
HAL_DMA_Init                                      build/stm32f3xx_hal_dma.o
HAL_DMA_PollForTransfer                           build/stm32f3xx_hal_dma.o
HAL_DMA_RegisterCallback                          build/stm32f3xx_hal_dma.o
HAL_DMA_Start                                     build/stm32f3xx_hal_dma.o
HAL_DMA_Start_IT                                  build/stm32f3xx_hal_dma.o
                                                  build/stm32f3xx_hal_i2c.o
                                                  build/stm32f3xx_hal_tim_ex.o
                                                  build/stm32f3xx_hal_tim.o
                                                  build/stm32f3xx_hal_adc_ex.o
HAL_DMA_UnRegisterCallback                        build/stm32f3xx_hal_dma.o
HAL_DeInit                                        build/stm32f3xx_hal.o
HAL_Delay                                         build/stm32f3xx_hal.o
                                                  build/LiquidCrystal.o
                                                  build/main.o
HAL_EXTI_ClearConfigLine                          build/stm32f3xx_hal_exti.o
HAL_EXTI_ClearPending                             build/stm32f3xx_hal_exti.o
HAL_EXTI_GenerateSWI                              build/stm32f3xx_hal_exti.o
HAL_EXTI_GetConfigLine                            build/stm32f3xx_hal_exti.o
HAL_EXTI_GetHandle                                build/stm32f3xx_hal_exti.o
HAL_EXTI_GetPending                               build/stm32f3xx_hal_exti.o
HAL_EXTI_IRQHandler                               build/stm32f3xx_hal_exti.o
HAL_EXTI_RegisterCallback                         build/stm32f3xx_hal_exti.o
HAL_EXTI_SetConfigLine                            build/stm32f3xx_hal_exti.o
HAL_FLASHEx_Erase                                 build/stm32f3xx_hal_flash_ex.o
HAL_FLASHEx_Erase_IT                              build/stm32f3xx_hal_flash_ex.o
HAL_FLASHEx_OBErase                               build/stm32f3xx_hal_flash_ex.o
HAL_FLASHEx_OBGetConfig                           build/stm32f3xx_hal_flash_ex.o
HAL_FLASHEx_OBGetUserData                         build/stm32f3xx_hal_flash_ex.o
HAL_FLASHEx_OBProgram                             build/stm32f3xx_hal_flash_ex.o
HAL_FLASH_EndOfOperationCallback                  build/stm32f3xx_hal_flash.o
HAL_FLASH_GetError                                build/stm32f3xx_hal_flash.o
HAL_FLASH_IRQHandler                              build/stm32f3xx_hal_flash.o
HAL_FLASH_Lock                                    build/stm32f3xx_hal_flash.o
HAL_FLASH_OB_Launch                               build/stm32f3xx_hal_flash.o
HAL_FLASH_OB_Lock                                 build/stm32f3xx_hal_flash.o
HAL_FLASH_OB_Unlock                               build/stm32f3xx_hal_flash.o
HAL_FLASH_OperationErrorCallback                  build/stm32f3xx_hal_flash.o
HAL_FLASH_Program                                 build/stm32f3xx_hal_flash.o
HAL_FLASH_Program_IT                              build/stm32f3xx_hal_flash.o
HAL_FLASH_Unlock                                  build/stm32f3xx_hal_flash.o
HAL_GPIO_DeInit                                   build/stm32f3xx_hal_gpio.o
                                                  build/stm32f3xx_hal_msp.o
HAL_GPIO_EXTI_Callback                            build/stm32f3xx_it.o
HAL_GPIO_EXTI_IRQHandler                          build/stm32f3xx_hal_gpio.o
                                                  build/stm32f3xx_it.o
HAL_GPIO_Init                                     build/stm32f3xx_hal_gpio.o
                                                  build/LiquidCrystal.o
                                                  build/stm32f3xx_hal_rcc.o
                                                  build/stm32f3xx_hal_msp.o
                                                  build/main.o
HAL_GPIO_LockPin                                  build/stm32f3xx_hal_gpio.o
HAL_GPIO_ReadPin                                  build/stm32f3xx_hal_gpio.o
HAL_GPIO_TogglePin                                build/stm32f3xx_hal_gpio.o
HAL_GPIO_WritePin                                 build/stm32f3xx_hal_gpio.o
                                                  build/LiquidCrystal.o
HAL_GetDEVID                                      build/stm32f3xx_hal.o
HAL_GetHalVersion                                 build/stm32f3xx_hal.o
HAL_GetREVID                                      build/stm32f3xx_hal.o
HAL_GetTick                                       build/stm32f3xx_hal.o
                                                  build/stm32f3xx_hal_i2c.o
                                                  build/stm32f3xx_hal_flash.o
                                                  build/stm32f3xx_hal_dma.o
                                                  build/stm32f3xx_hal_rcc_ex.o
                                                  build/stm32f3xx_hal_rcc.o
                                                  build/stm32f3xx_hal_adc_ex.o
HAL_GetTickFreq                                   build/stm32f3xx_hal.o
HAL_GetTickPrio                                   build/stm32f3xx_hal.o
HAL_GetUIDw0                                      build/stm32f3xx_hal.o
HAL_GetUIDw1                                      build/stm32f3xx_hal.o
HAL_GetUIDw2                                      build/stm32f3xx_hal.o
HAL_I2CEx_ConfigAnalogFilter                      build/stm32f3xx_hal_i2c_ex.o
                                                  build/main.o
HAL_I2CEx_ConfigDigitalFilter                     build/stm32f3xx_hal_i2c_ex.o
                                                  build/main.o
HAL_I2CEx_DisableFastModePlus                     build/stm32f3xx_hal_i2c_ex.o
HAL_I2CEx_DisableWakeUp                           build/stm32f3xx_hal_i2c_ex.o
HAL_I2CEx_EnableFastModePlus                      build/stm32f3xx_hal_i2c_ex.o
HAL_I2CEx_EnableWakeUp                            build/stm32f3xx_hal_i2c_ex.o
HAL_I2C_AbortCpltCallback                         build/stm32f3xx_hal_i2c.o
HAL_I2C_AddrCallback                              build/stm32f3xx_hal_i2c.o
HAL_I2C_DeInit                                    build/stm32f3xx_hal_i2c.o
HAL_I2C_DisableListen_IT                          build/stm32f3xx_hal_i2c.o
HAL_I2C_ER_IRQHandler                             build/stm32f3xx_hal_i2c.o
HAL_I2C_EV_IRQHandler                             build/stm32f3xx_hal_i2c.o
HAL_I2C_EnableListen_IT                           build/stm32f3xx_hal_i2c.o
HAL_I2C_ErrorCallback                             build/stm32f3xx_hal_i2c.o
HAL_I2C_GetError                                  build/stm32f3xx_hal_i2c.o
HAL_I2C_GetMode                                   build/stm32f3xx_hal_i2c.o
HAL_I2C_GetState                                  build/stm32f3xx_hal_i2c.o
HAL_I2C_Init                                      build/stm32f3xx_hal_i2c.o
                                                  build/main.o
HAL_I2C_IsDeviceReady                             build/stm32f3xx_hal_i2c.o
HAL_I2C_ListenCpltCallback                        build/stm32f3xx_hal_i2c.o
HAL_I2C_MasterRxCpltCallback                      build/stm32f3xx_hal_i2c.o
HAL_I2C_MasterTxCpltCallback                      build/stm32f3xx_hal_i2c.o
HAL_I2C_Master_Abort_IT                           build/stm32f3xx_hal_i2c.o
HAL_I2C_Master_Receive                            build/stm32f3xx_hal_i2c.o
HAL_I2C_Master_Receive_DMA                        build/stm32f3xx_hal_i2c.o
HAL_I2C_Master_Receive_IT                         build/stm32f3xx_hal_i2c.o
HAL_I2C_Master_Seq_Receive_DMA                    build/stm32f3xx_hal_i2c.o
HAL_I2C_Master_Seq_Receive_IT                     build/stm32f3xx_hal_i2c.o
HAL_I2C_Master_Seq_Transmit_DMA                   build/stm32f3xx_hal_i2c.o
HAL_I2C_Master_Seq_Transmit_IT                    build/stm32f3xx_hal_i2c.o
HAL_I2C_Master_Transmit                           build/stm32f3xx_hal_i2c.o
HAL_I2C_Master_Transmit_DMA                       build/stm32f3xx_hal_i2c.o
HAL_I2C_Master_Transmit_IT                        build/stm32f3xx_hal_i2c.o
HAL_I2C_MemRxCpltCallback                         build/stm32f3xx_hal_i2c.o
HAL_I2C_MemTxCpltCallback                         build/stm32f3xx_hal_i2c.o
HAL_I2C_Mem_Read                                  build/stm32f3xx_hal_i2c.o
                                                  build/MPU6050.o
HAL_I2C_Mem_Read_DMA                              build/stm32f3xx_hal_i2c.o
HAL_I2C_Mem_Read_IT                               build/stm32f3xx_hal_i2c.o
HAL_I2C_Mem_Write                                 build/stm32f3xx_hal_i2c.o
                                                  build/MPU6050.o
HAL_I2C_Mem_Write_DMA                             build/stm32f3xx_hal_i2c.o
HAL_I2C_Mem_Write_IT                              build/stm32f3xx_hal_i2c.o
HAL_I2C_MspDeInit                                 build/stm32f3xx_hal_msp.o
HAL_I2C_MspInit                                   build/stm32f3xx_hal_msp.o
HAL_I2C_RegisterAddrCallback                      build/stm32f3xx_hal_i2c.o
HAL_I2C_RegisterCallback                          build/stm32f3xx_hal_i2c.o
HAL_I2C_SlaveRxCpltCallback                       build/stm32f3xx_hal_i2c.o
HAL_I2C_SlaveTxCpltCallback                       build/stm32f3xx_hal_i2c.o
HAL_I2C_Slave_Receive                             build/stm32f3xx_hal_i2c.o
HAL_I2C_Slave_Receive_DMA                         build/stm32f3xx_hal_i2c.o
HAL_I2C_Slave_Receive_IT                          build/stm32f3xx_hal_i2c.o
HAL_I2C_Slave_Seq_Receive_DMA                     build/stm32f3xx_hal_i2c.o
HAL_I2C_Slave_Seq_Receive_IT                      build/stm32f3xx_hal_i2c.o
HAL_I2C_Slave_Seq_Transmit_DMA                    build/stm32f3xx_hal_i2c.o
HAL_I2C_Slave_Seq_Transmit_IT                     build/stm32f3xx_hal_i2c.o
HAL_I2C_Slave_Transmit                            build/stm32f3xx_hal_i2c.o
HAL_I2C_Slave_Transmit_DMA                        build/stm32f3xx_hal_i2c.o
HAL_I2C_Slave_Transmit_IT                         build/stm32f3xx_hal_i2c.o
HAL_I2C_UnRegisterAddrCallback                    build/stm32f3xx_hal_i2c.o
HAL_I2C_UnRegisterCallback                        build/stm32f3xx_hal_i2c.o
HAL_IncTick                                       build/stm32f3xx_hal.o
                                                  build/stm32f3xx_it.o
HAL_Init                                          build/stm32f3xx_hal.o
                                                  build/main.o
HAL_InitTick                                      build/stm32f3xx_hal.o
                                                  build/stm32f3xx_hal_rcc.o
HAL_MPU_ConfigRegion                              build/stm32f3xx_hal_cortex.o
HAL_MPU_Disable                                   build/stm32f3xx_hal_cortex.o
HAL_MPU_Enable                                    build/stm32f3xx_hal_cortex.o
HAL_MspDeInit                                     build/stm32f3xx_hal.o
HAL_MspInit                                       build/stm32f3xx_hal_msp.o
HAL_NVIC_ClearPendingIRQ                          build/stm32f3xx_hal_cortex.o
HAL_NVIC_DisableIRQ                               build/stm32f3xx_hal_cortex.o
                                                  build/stm32f3xx_hal_msp.o
HAL_NVIC_EnableIRQ                                build/stm32f3xx_hal_cortex.o
                                                  build/main.o
HAL_NVIC_GetActive                                build/stm32f3xx_hal_cortex.o
HAL_NVIC_GetPendingIRQ                            build/stm32f3xx_hal_cortex.o
HAL_NVIC_GetPriority                              build/stm32f3xx_hal_cortex.o
HAL_NVIC_GetPriorityGrouping                      build/stm32f3xx_hal_cortex.o
HAL_NVIC_SetPendingIRQ                            build/stm32f3xx_hal_cortex.o
HAL_NVIC_SetPriority                              build/stm32f3xx_hal_cortex.o
                                                  build/stm32f3xx_hal.o
                                                  build/main.o
HAL_NVIC_SetPriorityGrouping                      build/stm32f3xx_hal_cortex.o
                                                  build/stm32f3xx_hal.o
HAL_NVIC_SystemReset                              build/stm32f3xx_hal_cortex.o
HAL_PWR_ConfigPVD                                 build/stm32f3xx_hal_pwr_ex.o
HAL_PWR_DeInit                                    build/stm32f3xx_hal_pwr.o
HAL_PWR_DisableBkUpAccess                         build/stm32f3xx_hal_pwr.o
HAL_PWR_DisablePVD                                build/stm32f3xx_hal_pwr_ex.o
HAL_PWR_DisableSEVOnPend                          build/stm32f3xx_hal_pwr.o
HAL_PWR_DisableSleepOnExit                        build/stm32f3xx_hal_pwr.o
HAL_PWR_DisableWakeUpPin                          build/stm32f3xx_hal_pwr.o
HAL_PWR_EnableBkUpAccess                          build/stm32f3xx_hal_pwr.o
HAL_PWR_EnablePVD                                 build/stm32f3xx_hal_pwr_ex.o
HAL_PWR_EnableSEVOnPend                           build/stm32f3xx_hal_pwr.o
HAL_PWR_EnableSleepOnExit                         build/stm32f3xx_hal_pwr.o
HAL_PWR_EnableWakeUpPin                           build/stm32f3xx_hal_pwr.o
HAL_PWR_EnterSLEEPMode                            build/stm32f3xx_hal_pwr.o
HAL_PWR_EnterSTANDBYMode                          build/stm32f3xx_hal_pwr.o
HAL_PWR_EnterSTOPMode                             build/stm32f3xx_hal_pwr.o
HAL_PWR_PVDCallback                               build/stm32f3xx_hal_pwr_ex.o
HAL_PWR_PVD_IRQHandler                            build/stm32f3xx_hal_pwr_ex.o
HAL_RCCEx_GetPeriphCLKConfig                      build/stm32f3xx_hal_rcc_ex.o
HAL_RCCEx_GetPeriphCLKFreq                        build/stm32f3xx_hal_rcc_ex.o
HAL_RCCEx_PeriphCLKConfig                         build/stm32f3xx_hal_rcc_ex.o
HAL_RCC_CSSCallback                               build/stm32f3xx_hal_rcc.o
HAL_RCC_ClockConfig                               build/stm32f3xx_hal_rcc.o
                                                  build/main.o
HAL_RCC_DeInit                                    build/stm32f3xx_hal_rcc.o
HAL_RCC_DisableCSS                                build/stm32f3xx_hal_rcc.o
HAL_RCC_EnableCSS                                 build/stm32f3xx_hal_rcc.o
HAL_RCC_GetClockConfig                            build/stm32f3xx_hal_rcc.o
HAL_RCC_GetHCLKFreq                               build/stm32f3xx_hal_rcc.o
HAL_RCC_GetOscConfig                              build/stm32f3xx_hal_rcc.o
HAL_RCC_GetPCLK1Freq                              build/stm32f3xx_hal_rcc.o
                                                  build/stm32f3xx_hal_rcc_ex.o
                                                  build/main.o
HAL_RCC_GetPCLK2Freq                              build/stm32f3xx_hal_rcc.o
                                                  build/stm32f3xx_hal_rcc_ex.o
HAL_RCC_GetSysClockFreq                           build/stm32f3xx_hal_rcc.o
                                                  build/stm32f3xx_hal_rcc_ex.o
HAL_RCC_MCOConfig                                 build/stm32f3xx_hal_rcc.o
HAL_RCC_NMI_IRQHandler                            build/stm32f3xx_hal_rcc.o
HAL_RCC_OscConfig                                 build/stm32f3xx_hal_rcc.o
                                                  build/main.o
HAL_ResumeTick                                    build/stm32f3xx_hal.o
HAL_SYSTICK_CLKSourceConfig                       build/stm32f3xx_hal_cortex.o
HAL_SYSTICK_Callback                              build/stm32f3xx_hal_cortex.o
HAL_SYSTICK_Config                                build/stm32f3xx_hal_cortex.o
                                                  build/stm32f3xx_hal.o
HAL_SYSTICK_IRQHandler                            build/stm32f3xx_hal_cortex.o
HAL_SetTickFreq                                   build/stm32f3xx_hal.o
HAL_SuspendTick                                   build/stm32f3xx_hal.o
HAL_TIMEx_Break2Callback                          build/stm32f3xx_hal_tim_ex.o
                                                  build/stm32f3xx_hal_tim.o
HAL_TIMEx_BreakCallback                           build/stm32f3xx_hal_tim_ex.o
                                                  build/stm32f3xx_hal_tim.o
HAL_TIMEx_CommutCallback                          build/stm32f3xx_hal_tim_ex.o
                                                  build/stm32f3xx_hal_tim.o
HAL_TIMEx_CommutHalfCpltCallback                  build/stm32f3xx_hal_tim_ex.o
HAL_TIMEx_ConfigBreakDeadTime                     build/stm32f3xx_hal_tim_ex.o
HAL_TIMEx_ConfigCommutEvent                       build/stm32f3xx_hal_tim_ex.o
HAL_TIMEx_ConfigCommutEvent_DMA                   build/stm32f3xx_hal_tim_ex.o
HAL_TIMEx_ConfigCommutEvent_IT                    build/stm32f3xx_hal_tim_ex.o
HAL_TIMEx_GroupChannel5                           build/stm32f3xx_hal_tim_ex.o
HAL_TIMEx_HallSensor_DeInit                       build/stm32f3xx_hal_tim_ex.o
HAL_TIMEx_HallSensor_GetState                     build/stm32f3xx_hal_tim_ex.o
HAL_TIMEx_HallSensor_Init                         build/stm32f3xx_hal_tim_ex.o
HAL_TIMEx_HallSensor_MspDeInit                    build/stm32f3xx_hal_tim_ex.o
HAL_TIMEx_HallSensor_MspInit                      build/stm32f3xx_hal_tim_ex.o
HAL_TIMEx_HallSensor_Start                        build/stm32f3xx_hal_tim_ex.o
HAL_TIMEx_HallSensor_Start_DMA                    build/stm32f3xx_hal_tim_ex.o
HAL_TIMEx_HallSensor_Start_IT                     build/stm32f3xx_hal_tim_ex.o
HAL_TIMEx_HallSensor_Stop                         build/stm32f3xx_hal_tim_ex.o
HAL_TIMEx_HallSensor_Stop_DMA                     build/stm32f3xx_hal_tim_ex.o
HAL_TIMEx_HallSensor_Stop_IT                      build/stm32f3xx_hal_tim_ex.o
HAL_TIMEx_MasterConfigSynchronization             build/stm32f3xx_hal_tim_ex.o
                                                  build/main.o
HAL_TIMEx_OCN_Start                               build/stm32f3xx_hal_tim_ex.o
HAL_TIMEx_OCN_Start_DMA                           build/stm32f3xx_hal_tim_ex.o
HAL_TIMEx_OCN_Start_IT                            build/stm32f3xx_hal_tim_ex.o
HAL_TIMEx_OCN_Stop                                build/stm32f3xx_hal_tim_ex.o
HAL_TIMEx_OCN_Stop_DMA                            build/stm32f3xx_hal_tim_ex.o
HAL_TIMEx_OCN_Stop_IT                             build/stm32f3xx_hal_tim_ex.o
HAL_TIMEx_OnePulseN_Start                         build/stm32f3xx_hal_tim_ex.o
HAL_TIMEx_OnePulseN_Start_IT                      build/stm32f3xx_hal_tim_ex.o
HAL_TIMEx_OnePulseN_Stop                          build/stm32f3xx_hal_tim_ex.o
HAL_TIMEx_OnePulseN_Stop_IT                       build/stm32f3xx_hal_tim_ex.o
HAL_TIMEx_PWMN_Start                              build/stm32f3xx_hal_tim_ex.o
HAL_TIMEx_PWMN_Start_DMA                          build/stm32f3xx_hal_tim_ex.o
HAL_TIMEx_PWMN_Start_IT                           build/stm32f3xx_hal_tim_ex.o
HAL_TIMEx_PWMN_Stop                               build/stm32f3xx_hal_tim_ex.o
HAL_TIMEx_PWMN_Stop_DMA                           build/stm32f3xx_hal_tim_ex.o
HAL_TIMEx_PWMN_Stop_IT                            build/stm32f3xx_hal_tim_ex.o
HAL_TIMEx_RemapConfig                             build/stm32f3xx_hal_tim_ex.o
HAL_TIM_Base_DeInit                               build/stm32f3xx_hal_tim.o
HAL_TIM_Base_GetState                             build/stm32f3xx_hal_tim.o
HAL_TIM_Base_Init                                 build/stm32f3xx_hal_tim.o
                                                  build/main.o
HAL_TIM_Base_MspDeInit                            build/stm32f3xx_hal_tim.o
HAL_TIM_Base_MspInit                              build/stm32f3xx_hal_tim.o
HAL_TIM_Base_Start                                build/stm32f3xx_hal_tim.o
                                                  build/main.o
HAL_TIM_Base_Start_DMA                            build/stm32f3xx_hal_tim.o
HAL_TIM_Base_Start_IT                             build/stm32f3xx_hal_tim.o
HAL_TIM_Base_Stop                                 build/stm32f3xx_hal_tim.o
HAL_TIM_Base_Stop_DMA                             build/stm32f3xx_hal_tim.o
HAL_TIM_Base_Stop_IT                              build/stm32f3xx_hal_tim.o
HAL_TIM_ConfigClockSource                         build/stm32f3xx_hal_tim.o
HAL_TIM_ConfigOCrefClear                          build/stm32f3xx_hal_tim.o
HAL_TIM_ConfigTI1Input                            build/stm32f3xx_hal_tim.o
HAL_TIM_DMABurst_MultiReadStart                   build/stm32f3xx_hal_tim.o
HAL_TIM_DMABurst_MultiWriteStart                  build/stm32f3xx_hal_tim.o
HAL_TIM_DMABurst_ReadStart                        build/stm32f3xx_hal_tim.o
HAL_TIM_DMABurst_ReadStop                         build/stm32f3xx_hal_tim.o
HAL_TIM_DMABurst_WriteStart                       build/stm32f3xx_hal_tim.o
HAL_TIM_DMABurst_WriteStop                        build/stm32f3xx_hal_tim.o
HAL_TIM_Encoder_DeInit                            build/stm32f3xx_hal_tim.o
HAL_TIM_Encoder_GetState                          build/stm32f3xx_hal_tim.o
HAL_TIM_Encoder_Init                              build/stm32f3xx_hal_tim.o
HAL_TIM_Encoder_MspDeInit                         build/stm32f3xx_hal_tim.o
HAL_TIM_Encoder_MspInit                           build/stm32f3xx_hal_tim.o
HAL_TIM_Encoder_Start                             build/stm32f3xx_hal_tim.o
HAL_TIM_Encoder_Start_DMA                         build/stm32f3xx_hal_tim.o
HAL_TIM_Encoder_Start_IT                          build/stm32f3xx_hal_tim.o
HAL_TIM_Encoder_Stop                              build/stm32f3xx_hal_tim.o
HAL_TIM_Encoder_Stop_DMA                          build/stm32f3xx_hal_tim.o
HAL_TIM_Encoder_Stop_IT                           build/stm32f3xx_hal_tim.o
HAL_TIM_ErrorCallback                             build/stm32f3xx_hal_tim.o
HAL_TIM_GenerateEvent                             build/stm32f3xx_hal_tim.o
HAL_TIM_IC_CaptureCallback                        build/stm32f3xx_hal_tim.o
HAL_TIM_IC_CaptureHalfCpltCallback                build/stm32f3xx_hal_tim.o
HAL_TIM_IC_ConfigChannel                          build/stm32f3xx_hal_tim.o
HAL_TIM_IC_DeInit                                 build/stm32f3xx_hal_tim.o
HAL_TIM_IC_GetState                               build/stm32f3xx_hal_tim.o
HAL_TIM_IC_Init                                   build/stm32f3xx_hal_tim.o
HAL_TIM_IC_MspDeInit                              build/stm32f3xx_hal_tim.o
HAL_TIM_IC_MspInit                                build/stm32f3xx_hal_tim.o
HAL_TIM_IC_Start                                  build/stm32f3xx_hal_tim.o
HAL_TIM_IC_Start_DMA                              build/stm32f3xx_hal_tim.o
HAL_TIM_IC_Start_IT                               build/stm32f3xx_hal_tim.o
HAL_TIM_IC_Stop                                   build/stm32f3xx_hal_tim.o
HAL_TIM_IC_Stop_DMA                               build/stm32f3xx_hal_tim.o
HAL_TIM_IC_Stop_IT                                build/stm32f3xx_hal_tim.o
HAL_TIM_IRQHandler                                build/stm32f3xx_hal_tim.o