Archive member included to satisfy reference by file (symbol)

c:/stm32projects/toolchain/gcc-arm/bin/../lib/gcc/arm-none-eabi/9.3.1/../../../../arm-none-eabi/lib/thumb/v7e-m+fp/hard\libc_nano.a(lib_a-exit.o)
                              c:/stm32projects/toolchain/gcc-arm/bin/../lib/gcc/arm-none-eabi/9.3.1/../../../../arm-none-eabi/lib/thumb/v7e-m+fp/hard/crt0.o (exit)
c:/stm32projects/toolchain/gcc-arm/bin/../lib/gcc/arm-none-eabi/9.3.1/../../../../arm-none-eabi/lib/thumb/v7e-m+fp/hard\libc_nano.a(lib_a-impure.o)
                              c:/stm32projects/toolchain/gcc-arm/bin/../lib/gcc/arm-none-eabi/9.3.1/../../../../arm-none-eabi/lib/thumb/v7e-m+fp/hard\libc_nano.a(lib_a-exit.o) (_global_impure_ptr)
c:/stm32projects/toolchain/gcc-arm/bin/../lib/gcc/arm-none-eabi/9.3.1/../../../../arm-none-eabi/lib/thumb/v7e-m+fp/hard\libc_nano.a(lib_a-init.o)
                              c:/stm32projects/toolchain/gcc-arm/bin/../lib/gcc/arm-none-eabi/9.3.1/../../../../arm-none-eabi/lib/thumb/v7e-m+fp/hard/crt0.o (__libc_init_array)
c:/stm32projects/toolchain/gcc-arm/bin/../lib/gcc/arm-none-eabi/9.3.1/../../../../arm-none-eabi/lib/thumb/v7e-m+fp/hard\libc_nano.a(lib_a-memset.o)
                              c:/stm32projects/toolchain/gcc-arm/bin/../lib/gcc/arm-none-eabi/9.3.1/../../../../arm-none-eabi/lib/thumb/v7e-m+fp/hard/crt0.o (memset)
c:/stm32projects/toolchain/gcc-arm/bin/../lib/gcc/arm-none-eabi/9.3.1/../../../../arm-none-eabi/lib/thumb/v7e-m+fp/hard\libc_nano.a(lib_a-strlen.o)
                              build/LiquidCrystal.o (strlen)
c:/stm32projects/toolchain/gcc-arm/bin/../lib/gcc/arm-none-eabi/9.3.1/../../../../arm-none-eabi/lib/thumb/v7e-m+fp/hard\libm.a(lib_a-w_log.o)
                              build/main.o (log)
c:/stm32projects/toolchain/gcc-arm/bin/../lib/gcc/arm-none-eabi/9.3.1/../../../../arm-none-eabi/lib/thumb/v7e-m+fp/hard\libm.a(lib_a-w_pow.o)
                              build/FloatToChar.o (pow)
c:/stm32projects/toolchain/gcc-arm/bin/../lib/gcc/arm-none-eabi/9.3.1/../../../../arm-none-eabi/lib/thumb/v7e-m+fp/hard\libm.a(lib_a-wf_pow.o)
                              build/main.o (powf)
c:/stm32projects/toolchain/gcc-arm/bin/../lib/gcc/arm-none-eabi/9.3.1/../../../../arm-none-eabi/lib/thumb/v7e-m+fp/hard\libm.a(lib_a-e_log.o)
                              c:/stm32projects/toolchain/gcc-arm/bin/../lib/gcc/arm-none-eabi/9.3.1/../../../../arm-none-eabi/lib/thumb/v7e-m+fp/hard\libm.a(lib_a-w_log.o) (__ieee754_log)
c:/stm32projects/toolchain/gcc-arm/bin/../lib/gcc/arm-none-eabi/9.3.1/../../../../arm-none-eabi/lib/thumb/v7e-m+fp/hard\libm.a(lib_a-e_pow.o)
                              c:/stm32projects/toolchain/gcc-arm/bin/../lib/gcc/arm-none-eabi/9.3.1/../../../../arm-none-eabi/lib/thumb/v7e-m+fp/hard\libm.a(lib_a-w_pow.o) (__ieee754_pow)
c:/stm32projects/toolchain/gcc-arm/bin/../lib/gcc/arm-none-eabi/9.3.1/../../../../arm-none-eabi/lib/thumb/v7e-m+fp/hard\libm.a(lib_a-e_sqrt.o)
                              c:/stm32projects/toolchain/gcc-arm/bin/../lib/gcc/arm-none-eabi/9.3.1/../../../../arm-none-eabi/lib/thumb/v7e-m+fp/hard\libm.a(lib_a-e_pow.o) (__ieee754_sqrt)
c:/stm32projects/toolchain/gcc-arm/bin/../lib/gcc/arm-none-eabi/9.3.1/../../../../arm-none-eabi/lib/thumb/v7e-m+fp/hard\libm.a(lib_a-ef_pow.o)
                              c:/stm32projects/toolchain/gcc-arm/bin/../lib/gcc/arm-none-eabi/9.3.1/../../../../arm-none-eabi/lib/thumb/v7e-m+fp/hard\libm.a(lib_a-wf_pow.o) (__ieee754_powf)
c:/stm32projects/toolchain/gcc-arm/bin/../lib/gcc/arm-none-eabi/9.3.1/../../../../arm-none-eabi/lib/thumb/v7e-m+fp/hard\libm.a(lib_a-ef_sqrt.o)
                              c:/stm32projects/toolchain/gcc-arm/bin/../lib/gcc/arm-none-eabi/9.3.1/../../../../arm-none-eabi/lib/thumb/v7e-m+fp/hard\libm.a(lib_a-ef_pow.o) (__ieee754_sqrtf)
c:/stm32projects/toolchain/gcc-arm/bin/../lib/gcc/arm-none-eabi/9.3.1/../../../../arm-none-eabi/lib/thumb/v7e-m+fp/hard\libm.a(lib_a-s_fabs.o)
                              c:/stm32projects/toolchain/gcc-arm/bin/../lib/gcc/arm-none-eabi/9.3.1/../../../../arm-none-eabi/lib/thumb/v7e-m+fp/hard\libm.a(lib_a-e_pow.o) (fabs)
c:/stm32projects/toolchain/gcc-arm/bin/../lib/gcc/arm-none-eabi/9.3.1/../../../../arm-none-eabi/lib/thumb/v7e-m+fp/hard\libm.a(lib_a-s_finite.o)
                              c:/stm32projects/toolchain/gcc-arm/bin/../lib/gcc/arm-none-eabi/9.3.1/../../../../arm-none-eabi/lib/thumb/v7e-m+fp/hard\libm.a(lib_a-w_pow.o) (finite)
c:/stm32projects/toolchain/gcc-arm/bin/../lib/gcc/arm-none-eabi/9.3.1/../../../../arm-none-eabi/lib/thumb/v7e-m+fp/hard\libm.a(lib_a-s_lib_ver.o)
                              c:/stm32projects/toolchain/gcc-arm/bin/../lib/gcc/arm-none-eabi/9.3.1/../../../../arm-none-eabi/lib/thumb/v7e-m+fp/hard\libm.a(lib_a-w_log.o) (__fdlib_version)
c:/stm32projects/toolchain/gcc-arm/bin/../lib/gcc/arm-none-eabi/9.3.1/../../../../arm-none-eabi/lib/thumb/v7e-m+fp/hard\libm.a(lib_a-s_nan.o)
[...]
Memory Configuration

Name             Origin             Length             Attributes
RAM              0x20000000         0x00010000         xrw
CCMRAM           0x10000000         0x00004000         xrw
FLASH            0x08000000         0x00080000         xr
*default*        0x00000000         0xffffffff

Linker script and memory map

LOAD c:/stm32projects/toolchain/gcc-arm/bin/../lib/gcc/arm-none-eabi/9.3.1/thumb/v7e-m+fp/hard/crti.o
LOAD c:/stm32projects/toolchain/gcc-arm/bin/../lib/gcc/arm-none-eabi/9.3.1/thumb/v7e-m+fp/hard/crtbegin.o
LOAD c:/stm32projects/toolchain/gcc-arm/bin/../lib/gcc/arm-none-eabi/9.3.1/../../../../arm-none-eabi/lib/thumb/v7e-m+fp/hard/crt0.o
LOAD build/main.o
LOAD build/stm32f3xx_it.o
LOAD build/stm32f3xx_hal_msp.o
LOAD build/stm32f3xx_hal_adc.o
LOAD build/stm32f3xx_hal_adc_ex.o
LOAD build/stm32f3xx_hal_tim.o
LOAD build/stm32f3xx_hal_tim_ex.o
LOAD build/stm32f3xx_hal_uart.o
LOAD build/stm32f3xx_hal_uart_ex.o
LOAD build/stm32f3xx_hal.o
LOAD build/stm32f3xx_hal_rcc.o
LOAD build/stm32f3xx_hal_rcc_ex.o
LOAD build/stm32f3xx_hal_gpio.o
LOAD build/stm32f3xx_hal_dma.o
LOAD build/stm32f3xx_hal_cortex.o
LOAD build/stm32f3xx_hal_pwr.o
LOAD build/stm32f3xx_hal_pwr_ex.o
LOAD build/stm32f3xx_hal_flash.o
LOAD build/stm32f3xx_hal_flash_ex.o
LOAD build/stm32f3xx_hal_i2c.o
LOAD build/stm32f3xx_hal_i2c_ex.o
LOAD build/stm32f3xx_hal_exti.o
LOAD build/LiquidCrystal.o
LOAD build/MPU6050.o
LOAD build/FloatToChar.o
LOAD build/system_stm32f3xx.o
LOAD build/startup_stm32f303xe.o
LOAD c:/stm32projects/toolchain/gcc-arm/bin/../lib/gcc/arm-none-eabi/9.3.1/../../../../arm-none-eabi/lib/thumb/v7e-m+fp/hard\libc_nano.a
LOAD c:/stm32projects/toolchain/gcc-arm/bin/../lib/gcc/arm-none-eabi/9.3.1/../../../../arm-none-eabi/lib/thumb/v7e-m+fp/hard\libm.a
LOAD c:/stm32projects/toolchain/gcc-arm/bin/../lib/gcc/arm-none-eabi/9.3.1/../../../../arm-none-eabi/lib/thumb/v7e-m+fp/hard\libnosys.a
START GROUP
LOAD c:/stm32projects/toolchain/gcc-arm/bin/../lib/gcc/arm-none-eabi/9.3.1/thumb/v7e-m+fp/hard\libgcc.a
LOAD c:/stm32projects/toolchain/gcc-arm/bin/../lib/gcc/arm-none-eabi/9.3.1/../../../../arm-none-eabi/lib/thumb/v7e-m+fp/hard\libc_nano.a
END GROUP
START GROUP
LOAD c:/stm32projects/toolchain/gcc-arm/bin/../lib/gcc/arm-none-eabi/9.3.1/thumb/v7e-m+fp/hard\libgcc.a
LOAD c:/stm32projects/toolchain/gcc-arm/bin/../lib/gcc/arm-none-eabi/9.3.1/../../../../arm-none-eabi/lib/thumb/v7e-m+fp/hard\libc_nano.a
END GROUP
LOAD c:/stm32projects/toolchain/gcc-arm/bin/../lib/gcc/arm-none-eabi/9.3.1/thumb/v7e-m+fp/hard/crtend.o
LOAD c:/stm32projects/toolchain/gcc-arm/bin/../lib/gcc/arm-none-eabi/9.3.1/thumb/v7e-m+fp/hard/crtn.o
                0x20010000                _estack = 0x20010000
                0x00000200                _Min_Heap_Size = 0x200
                0x00000400                _Min_Stack_Size = 0x400

.isr_vector     0x08000000      0x194
                0x08000000                . = ALIGN (0x4)
 *(.isr_vector)
 .isr_vector    0x08000000      0x194 build/startup_stm32f303xe.o
                0x08000000                g_pfnVectors
                0x08000194                . = ALIGN (0x4)

.text           0x08000198     0x5840
                0x08000198                . = ALIGN (0x4)
 *(.text)
 .text          0x08000198       0x40 c:/stm32projects/toolchain/gcc-arm/bin/../lib/gcc/arm-none-eabi/9.3.1/thumb/v7e-m+fp/hard/crtbegin.o
 .text          0x080001d8       0x10 c:/stm32projects/toolchain/gcc-arm/bin/../lib/gcc/arm-none-eabi/9.3.1/../../../../arm-none-eabi/lib/thumb/v7e-m+fp/hard\libc_nano.a(lib_a-strlen.o)
                0x080001d8                strlen
 .text          0x080001e8      0x378 c:/stm32projects/toolchain/gcc-arm/bin/../lib/gcc/arm-none-eabi/9.3.1/thumb/v7e-m+fp/hard\libgcc.a(_arm_addsubdf3.o)
                0x080001e8                __aeabi_drsub
                0x080001f0                __aeabi_dsub
                0x080001f0                __subdf3
                0x080001f4                __aeabi_dadd
                0x080001f4                __adddf3
                0x0800046c                __floatunsidf
                0x0800046c                __aeabi_ui2d
                0x0800048c                __floatsidf
                0x0800048c                __aeabi_i2d
                0x080004b0                __aeabi_f2d
                0x080004b0                __extendsfdf2
                0x080004f4                __floatundidf
                0x080004f4                __aeabi_ul2d
                0x08000504                __floatdidf
                0x08000504                __aeabi_l2d
 .text          0x08000560      0x424 c:/stm32projects/toolchain/gcc-arm/bin/../lib/gcc/arm-none-eabi/9.3.1/thumb/v7e-m+fp/hard\libgcc.a(_arm_muldivdf3.o)
                0x08000560                __aeabi_dmul
                0x08000560                __muldf3
                0x080007b4                __divdf3
                0x080007b4                __aeabi_ddiv
 .text          0x08000984      0x110 c:/stm32projects/toolchain/gcc-arm/bin/../lib/gcc/arm-none-eabi/9.3.1/thumb/v7e-m+fp/hard\libgcc.a(_arm_cmpdf2.o)
                0x08000984                __gtdf2
                0x08000984                __gedf2
                0x0800098c                __ltdf2
                0x0800098c                __ledf2
                0x08000994                __nedf2
                0x08000994                __eqdf2
                0x08000994                __cmpdf2
                0x08000a10                __aeabi_cdrcmple
                0x08000a20                __aeabi_cdcmpeq
                0x08000a20                __aeabi_cdcmple
                0x08000a30                __aeabi_dcmpeq
                0x08000a44                __aeabi_dcmplt
                0x08000a58                __aeabi_dcmple
                0x08000a6c                __aeabi_dcmpge
                0x08000a80                __aeabi_dcmpgt
 .text          0x08000a94       0x2c c:/stm32projects/toolchain/gcc-arm/bin/../lib/gcc/arm-none-eabi/9.3.1/thumb/v7e-m+fp/hard\libgcc.a(_arm_unorddf2.o)
                0x08000a94                __unorddf2
                0x08000a94                __aeabi_dcmpun
 .text          0x08000ac0       0x50 c:/stm32projects/toolchain/gcc-arm/bin/../lib/gcc/arm-none-eabi/9.3.1/thumb/v7e-m+fp/hard\libgcc.a(_arm_fixdfsi.o)
                0x08000ac0                __aeabi_d2iz
                0x08000ac0                __fixdfsi
 .text          0x08000b10       0xa0 c:/stm32projects/toolchain/gcc-arm/bin/../lib/gcc/arm-none-eabi/9.3.1/thumb/v7e-m+fp/hard\libgcc.a(_arm_truncdfsf2.o)
                0x08000b10                __truncdfsf2
                0x08000b10                __aeabi_d2f
 *(.text*)
 .text.MX_GPIO_Init
                0x08000bb0       0x48 build/main.o
 .text.printval
                0x08000bf8       0x50 build/main.o
                0x08000bf8                printval
 .text.Error_Handler
                0x08000c48        0x2 build/main.o
                0x08000c48                Error_Handler
 *fill*         0x08000c4a        0x2 
 .text.ADC_Config
                0x08000c4c       0x6c build/main.o
 .text.TIM_Config
                0x08000cb8       0x60 build/main.o
 .text.I2C_Config
                0x08000d18       0x54 build/main.o
 .text.SystemClock_Config
                0x08000d6c       0x52 build/main.o
                0x08000d6c                SystemClock_Config
 *fill*         0x08000dbe        0x2 
 .text.main     0x08000dc0      0x1b4 build/main.o
                0x08000dc0                main
 .text.NMI_Handler
                0x08000f74        0x2 build/stm32f3xx_it.o
                0x08000f74                NMI_Handler
 .text.HardFault_Handler
                0x08000f76        0x2 build/stm32f3xx_it.o
                0x08000f76                HardFault_Handler
 .text.MemManage_Handler
                0x08000f78        0x2 build/stm32f3xx_it.o
                0x08000f78                MemManage_Handler
 .text.BusFault_Handler
                0x08000f7a        0x2 build/stm32f3xx_it.o
                0x08000f7a                BusFault_Handler
 .text.UsageFault_Handler
                0x08000f7c        0x2 build/stm32f3xx_it.o
                0x08000f7c                UsageFault_Handler
 .text.SVC_Handler
                0x08000f7e        0x2 build/stm32f3xx_it.o
                0x08000f7e                SVC_Handler
 .text.DebugMon_Handler
                0x08000f80        0x2 build/stm32f3xx_it.o
                0x08000f80                DebugMon_Handler
 .text.PendSV_Handler
                0x08000f82        0x2 build/stm32f3xx_it.o
                0x08000f82                PendSV_Handler
 .text.SysTick_Handler
                0x08000f84        0x8 build/stm32f3xx_it.o
                0x08000f84                SysTick_Handler
 .text.EXTI3_IRQHandler
                0x08000f8c        0xa build/stm32f3xx_it.o
                0x08000f8c                EXTI3_IRQHandler
 .text.HAL_GPIO_EXTI_Callback
                0x08000f96        0xe build/stm32f3xx_it.o
                0x08000f96                HAL_GPIO_EXTI_Callback
 .text.HAL_MspInit
                0x08000fa4       0x30 build/stm32f3xx_hal_msp.o
                0x08000fa4                HAL_MspInit
 .text.HAL_ADC_MspInit
                0x08000fd4       0x62 build/stm32f3xx_hal_msp.o
                0x08000fd4                HAL_ADC_MspInit
 *fill*         0x08001036        0x2 
 .text.HAL_I2C_MspInit
                0x08001038       0x54 build/stm32f3xx_hal_msp.o
                0x08001038                HAL_I2C_MspInit
 .text.ADC_Disable
                0x0800108c       0x7e build/stm32f3xx_hal_adc_ex.o
 *fill*         0x0800110a        0x2 
 .text.ADC_Enable
                0x0800110c       0x78 build/stm32f3xx_hal_adc_ex.o
 .text.HAL_ADC_Init
                0x08001184      0x2b8 build/stm32f3xx_hal_adc_ex.o
                0x08001184                HAL_ADC_Init
 .text.HAL_ADC_Start
                0x0800143c      0x180 build/stm32f3xx_hal_adc_ex.o
                0x0800143c                HAL_ADC_Start
 .text.HAL_ADC_PollForConversion
                0x080015bc      0x154 build/stm32f3xx_hal_adc_ex.o
                0x080015bc                HAL_ADC_PollForConversion
 .text.HAL_ADC_GetValue
                0x08001710        0x6 build/stm32f3xx_hal_adc_ex.o
                0x08001710                HAL_ADC_GetValue
 *fill*         0x08001716        0x2 
 .text.HAL_ADC_ConfigChannel
                0x08001718      0x3a8 build/stm32f3xx_hal_adc_ex.o
                0x08001718                HAL_ADC_ConfigChannel
 .text.HAL_TIM_Base_MspInit
                0x08001ac0        0x2 build/stm32f3xx_hal_tim.o
                0x08001ac0                HAL_TIM_Base_MspInit
 *fill*         0x08001ac2        0x2 
 .text.HAL_TIM_Base_Start
                0x08001ac4       0x30 build/stm32f3xx_hal_tim.o
                0x08001ac4                HAL_TIM_Base_Start
 .text.TIM_Base_SetConfig
                0x08001af4       0xd0 build/stm32f3xx_hal_tim.o
                0x08001af4                TIM_Base_SetConfig
 .text.HAL_TIM_Base_Init
                0x08001bc4       0x34 build/stm32f3xx_hal_tim.o
                0x08001bc4                HAL_TIM_Base_Init
 .text.HAL_TIMEx_MasterConfigSynchronization
                0x08001bf8       0xa0 build/stm32f3xx_hal_tim_ex.o
                0x08001bf8                HAL_TIMEx_MasterConfigSynchronization
 .text.HAL_InitTick
                0x08001c98       0x4c build/stm32f3xx_hal.o
                0x08001c98                HAL_InitTick
 .text.HAL_Init
                0x08001ce4       0x24 build/stm32f3xx_hal.o
                0x08001ce4                HAL_Init
 .text.HAL_IncTick
                0x08001d08       0x18 build/stm32f3xx_hal.o
                0x08001d08                HAL_IncTick
 .text.HAL_GetTick
                0x08001d20        0xc build/stm32f3xx_hal.o
                0x08001d20                HAL_GetTick
 .text.HAL_Delay
                0x08001d2c       0x28 build/stm32f3xx_hal.o
                0x08001d2c                HAL_Delay
 .text.HAL_RCC_OscConfig
                0x08001d54      0x640 build/stm32f3xx_hal_rcc.o
                0x08001d54                HAL_RCC_OscConfig
 .text.HAL_RCC_GetSysClockFreq
                0x08002394       0x70 build/stm32f3xx_hal_rcc.o
                0x08002394                HAL_RCC_GetSysClockFreq
 .text.HAL_RCC_ClockConfig
                0x08002404      0x1a8 build/stm32f3xx_hal_rcc.o
                0x08002404                HAL_RCC_ClockConfig
 .text.HAL_RCC_GetHCLKFreq
                0x080025ac        0xc build/stm32f3xx_hal_rcc.o
                0x080025ac                HAL_RCC_GetHCLKFreq
 .text.HAL_RCC_GetPCLK1Freq
                0x080025b8       0x2c build/stm32f3xx_hal_rcc.o
                0x080025b8                HAL_RCC_GetPCLK1Freq
 .text.HAL_GPIO_Init
                0x080025e4      0x1b0 build/stm32f3xx_hal_gpio.o
                0x080025e4                HAL_GPIO_Init
 .text.HAL_GPIO_WritePin
                0x08002794        0xa build/stm32f3xx_hal_gpio.o
                0x08002794                HAL_GPIO_WritePin
 *fill*         0x0800279e        0x2 
 .text.HAL_GPIO_EXTI_IRQHandler
                0x080027a0       0x1c build/stm32f3xx_hal_gpio.o
                0x080027a0                HAL_GPIO_EXTI_IRQHandler
 .text.HAL_NVIC_SetPriorityGrouping
                0x080027bc       0x24 build/stm32f3xx_hal_cortex.o
                0x080027bc                HAL_NVIC_SetPriorityGrouping
 .text.HAL_NVIC_SetPriority
                0x080027e0       0x68 build/stm32f3xx_hal_cortex.o
                0x080027e0                HAL_NVIC_SetPriority
 .text.HAL_NVIC_EnableIRQ
                0x08002848       0x1c build/stm32f3xx_hal_cortex.o
                0x08002848                HAL_NVIC_EnableIRQ
 .text.HAL_SYSTICK_Config
                0x08002864       0x2c build/stm32f3xx_hal_cortex.o
                0x08002864                HAL_SYSTICK_Config
 .text.HAL_I2C_MasterTxCpltCallback
                0x08002890        0x2 build/stm32f3xx_hal_i2c.o
                0x08002890                HAL_I2C_MasterTxCpltCallback
 .text.HAL_I2C_MasterRxCpltCallback
                0x08002892        0x2 build/stm32f3xx_hal_i2c.o
                0x08002892                HAL_I2C_MasterRxCpltCallback
 .text.HAL_I2C_SlaveTxCpltCallback
                0x08002894        0x2 build/stm32f3xx_hal_i2c.o
                0x08002894                HAL_I2C_SlaveTxCpltCallback
 .text.HAL_I2C_SlaveRxCpltCallback
                0x08002896        0x2 build/stm32f3xx_hal_i2c.o
                0x08002896                HAL_I2C_SlaveRxCpltCallback
 .text.HAL_I2C_AddrCallback
                0x08002898        0x2 build/stm32f3xx_hal_i2c.o
                0x08002898                HAL_I2C_AddrCallback
 .text.HAL_I2C_ListenCpltCallback
                0x0800289a        0x2 build/stm32f3xx_hal_i2c.o
                0x0800289a                HAL_I2C_ListenCpltCallback
 .text.HAL_I2C_MemTxCpltCallback
                0x0800289c        0x2 build/stm32f3xx_hal_i2c.o
                0x0800289c                HAL_I2C_MemTxCpltCallback
 .text.HAL_I2C_MemRxCpltCallback
                0x0800289e        0x2 build/stm32f3xx_hal_i2c.o
                0x0800289e                HAL_I2C_MemRxCpltCallback
 .text.HAL_I2C_ErrorCallback
                0x080028a0        0x2 build/stm32f3xx_hal_i2c.o
                0x080028a0                HAL_I2C_ErrorCallback
 .text.HAL_I2C_AbortCpltCallback
                0x080028a2        0x2 build/stm32f3xx_hal_i2c.o
                0x080028a2                HAL_I2C_AbortCpltCallback
 .text.I2C_Flush_TXDR
                0x080028a4       0x22 build/stm32f3xx_hal_i2c.o
 .text.I2C_TransferConfig
                0x080028c6       0x36 build/stm32f3xx_hal_i2c.o
 .text.I2C_IsAcknowledgeFailed
                0x080028fc       0x90 build/stm32f3xx_hal_i2c.o
 .text.I2C_WaitOnTXISFlagUntilTimeout
                0x0800298c       0x56 build/stm32f3xx_hal_i2c.o
 .text.I2C_WaitOnFlagUntilTimeout
                0x080029e2       0x56 build/stm32f3xx_hal_i2c.o
 .text.I2C_RequestMemoryWrite
                0x08002a38       0x7c build/stm32f3xx_hal_i2c.o
 .text.I2C_RequestMemoryRead
                0x08002ab4       0x78 build/stm32f3xx_hal_i2c.o
 .text.I2C_WaitOnSTOPFlagUntilTimeout
                0x08002b2c       0x50 build/stm32f3xx_hal_i2c.o
 .text.HAL_I2C_Init
                0x08002b7c      0x11c build/stm32f3xx_hal_i2c.o
                0x08002b7c                HAL_I2C_Init
 .text.HAL_I2C_Mem_Write
                0x08002c98      0x1a8 build/stm32f3xx_hal_i2c.o
                0x08002c98                HAL_I2C_Mem_Write
 .text.HAL_I2C_Mem_Read
                0x08002e40      0x1b0 build/stm32f3xx_hal_i2c.o
                0x08002e40                HAL_I2C_Mem_Read
 .text.HAL_I2CEx_ConfigAnalogFilter
                0x08002ff0       0x5c build/stm32f3xx_hal_i2c_ex.o
                0x08002ff0                HAL_I2CEx_ConfigAnalogFilter
 .text.HAL_I2CEx_ConfigDigitalFilter
                0x0800304c       0x58 build/stm32f3xx_hal_i2c_ex.o
                0x0800304c                HAL_I2CEx_ConfigDigitalFilter
 .text.enableClock
                0x080030a4       0xd4 build/LiquidCrystal.o
                0x080030a4                enableClock
 .text.setRowOffsets
                0x08003178       0x18 build/LiquidCrystal.o
                0x08003178                setRowOffsets
 .text.pulseEnable
                0x08003190       0x40 build/LiquidCrystal.o
                0x08003190                pulseEnable
 .text.write4bits
                0x080031d0       0x34 build/LiquidCrystal.o
                0x080031d0                write4bits
 .text.write8bits
                0x08003204       0x34 build/LiquidCrystal.o
                0x08003204                write8bits
 .text.send     0x08003238       0x58 build/LiquidCrystal.o
                0x08003238                send
 .text.clear    0x08003290       0x12 build/LiquidCrystal.o
                0x08003290                clear
 *fill*         0x080032a2        0x2 
 .text.setCursor
                0x080032a4       0x34 build/LiquidCrystal.o
                0x080032a4                setCursor
 .text.display  0x080032d8       0x1c build/LiquidCrystal.o
                0x080032d8                display
 .text.begin    0x080032f4      0x1b8 build/LiquidCrystal.o
                0x080032f4                begin
 .text.init     0x080034ac       0x7c build/LiquidCrystal.o
                0x080034ac                init
 .text.LiquidCrystal
                0x08003528       0x68 build/LiquidCrystal.o
                0x08003528                LiquidCrystal
 .text.leftToRight
                0x08003590       0x1c build/LiquidCrystal.o
                0x08003590                leftToRight
 .text.print    0x080035ac       0x2a build/LiquidCrystal.o
                0x080035ac                print
 .text.createChar
                0x080035d6       0x28 build/LiquidCrystal.o
                0x080035d6                createChar
 *fill*         0x080035fe        0x2 
 .text.MPU6050_Init
                0x08003600      0x1ec build/MPU6050.o
                0x08003600                MPU6050_Init
 .text.MPU6050_Read_Accel
                0x080037ec       0x74 build/MPU6050.o
                0x080037ec                MPU6050_Read_Accel
 .text.initialize
                0x08003860       0x24 build/FloatToChar.o
                0x08003860                initialize
 *fill*         0x08003884        0x4 
 .text.float_char
                0x08003888      0x13c build/FloatToChar.o
                0x08003888                float_char
 .text.SystemInit
                0x080039c4       0x1c build/system_stm32f3xx.o
                0x080039c4                SystemInit
 .text.Reset_Handler
                0x080039e0       0x50 build/startup_stm32f303xe.o
                0x080039e0                Reset_Handler
 .text.Default_Handler
                0x08003a30        0x2 build/startup_stm32f303xe.o
                0x08003a30                RTC_Alarm_IRQHandler
                0x08003a30                TIM8_TRG_COM_IRQHandler
                0x08003a30                TIM8_CC_IRQHandler
                0x08003a30                SPI4_IRQHandler
                0x08003a30                TIM1_CC_IRQHandler
                0x08003a30                USB_HP_IRQHandler
                0x08003a30                PVD_IRQHandler
                0x08003a30                TAMP_STAMP_IRQHandler
                0x08003a30                I2C3_ER_IRQHandler
                0x08003a30                USB_HP_CAN_TX_IRQHandler
                0x08003a30                EXTI0_IRQHandler
                0x08003a30                I2C2_EV_IRQHandler
                0x08003a30                FPU_IRQHandler
                0x08003a30                TIM1_UP_TIM16_IRQHandler
                0x08003a30                ADC1_2_IRQHandler
                0x08003a30                SPI1_IRQHandler
                0x08003a30                CAN_SCE_IRQHandler
                0x08003a30                TIM6_DAC_IRQHandler
                0x08003a30                TIM8_UP_IRQHandler
                0x08003a30                DMA2_Channel2_IRQHandler
                0x08003a30                DMA1_Channel4_IRQHandler
                0x08003a30                TIM20_TRG_COM_IRQHandler
                0x08003a30                USART3_IRQHandler
                0x08003a30                DMA1_Channel7_IRQHandler
                0x08003a30                UART5_IRQHandler
                0x08003a30                ADC3_IRQHandler
                0x08003a30                TIM4_IRQHandler
                0x08003a30                CAN_RX1_IRQHandler
                0x08003a30                DMA2_Channel1_IRQHandler
                0x08003a30                I2C1_EV_IRQHandler
                0x08003a30                DMA1_Channel6_IRQHandler
                0x08003a30                UART4_IRQHandler
                0x08003a30                DMA2_Channel4_IRQHandler
                0x08003a30                TIM3_IRQHandler
                0x08003a30                RCC_IRQHandler
                0x08003a30                TIM20_UP_IRQHandler
                0x08003a30                DMA1_Channel1_IRQHandler
                0x08003a30                Default_Handler
                0x08003a30                USBWakeUp_RMP_IRQHandler
                0x08003a30                EXTI15_10_IRQHandler
                0x08003a30                TIM7_IRQHandler
                0x08003a30                I2C3_EV_IRQHandler
                0x08003a30                EXTI9_5_IRQHandler
                0x08003a30                RTC_WKUP_IRQHandler
                0x08003a30                SPI2_IRQHandler
                0x08003a30                USB_LP_CAN_RX0_IRQHandler
                0x08003a30                DMA2_Channel5_IRQHandler
                0x08003a30                DMA1_Channel5_IRQHandler
                0x08003a30                USB_LP_IRQHandler
                0x08003a30                EXTI4_IRQHandler
                0x08003a30                TIM1_TRG_COM_TIM17_IRQHandler
                0x08003a30                DMA1_Channel3_IRQHandler
                0x08003a30                ADC4_IRQHandler
                0x08003a30                WWDG_IRQHandler
                0x08003a30                TIM2_IRQHandler
                0x08003a30                COMP7_IRQHandler
                0x08003a30                COMP1_2_3_IRQHandler
                0x08003a30                EXTI1_IRQHandler
                0x08003a30                USART2_IRQHandler
                0x08003a30                COMP4_5_6_IRQHandler
                0x08003a30                TIM20_BRK_IRQHandler
                0x08003a30                I2C2_ER_IRQHandler
                0x08003a30                DMA1_Channel2_IRQHandler
                0x08003a30                TIM8_BRK_IRQHandler
                0x08003a30                FLASH_IRQHandler
                0x08003a30                TIM20_CC_IRQHandler
                0x08003a30                USART1_IRQHandler
                0x08003a30                SPI3_IRQHandler
                0x08003a30                I2C1_ER_IRQHandler
                0x08003a30                FMC_IRQHandler
                0x08003a30                USBWakeUp_IRQHandler
                0x08003a30                DMA2_Channel3_IRQHandler
                0x08003a30                EXTI2_TSC_IRQHandler
                0x08003a30                TIM1_BRK_TIM15_IRQHandler
 *fill*         0x08003a32        0x2 
 .text.__libc_init_array
                0x08003a34       0x48 c:/stm32projects/toolchain/gcc-arm/bin/../lib/gcc/arm-none-eabi/9.3.1/../../../../arm-none-eabi/lib/thumb/v7e-m+fp/hard\libc_nano.a(lib_a-init.o)
                0x08003a34                __libc_init_array
 *fill*         0x08003a7c        0x4 
 .text.log      0x08003a80       0x90 c:/stm32projects/toolchain/gcc-arm/bin/../lib/gcc/arm-none-eabi/9.3.1/../../../../arm-none-eabi/lib/thumb/v7e-m+fp/hard\libm.a(lib_a-w_log.o)
                0x08003a80                log
 .text.pow      0x08003b10      0x1a4 c:/stm32projects/toolchain/gcc-arm/bin/../lib/gcc/arm-none-eabi/9.3.1/../../../../arm-none-eabi/lib/thumb/v7e-m+fp/hard\libm.a(lib_a-w_pow.o)
                0x08003b10                pow
 .text.powf     0x08003cb4      0x140 c:/stm32projects/toolchain/gcc-arm/bin/../lib/gcc/arm-none-eabi/9.3.1/../../../../arm-none-eabi/lib/thumb/v7e-m+fp/hard\libm.a(lib_a-wf_pow.o)
                0x08003cb4                powf
 *fill*         0x08003df4        0x4 
 .text.__ieee754_log
                0x08003df8      0x418 c:/stm32projects/toolchain/gcc-arm/bin/../lib/gcc/arm-none-eabi/9.3.1/../../../../arm-none-eabi/lib/thumb/v7e-m+fp/hard\libm.a(lib_a-e_log.o)
                0x08003df8                __ieee754_log
 .text.__ieee754_pow
                0x08004210      0xbb4 c:/stm32projects/toolchain/gcc-arm/bin/../lib/gcc/arm-none-eabi/9.3.1/../../../../arm-none-eabi/lib/thumb/v7e-m+fp/hard\libm.a(lib_a-e_pow.o)
                0x08004210                __ieee754_pow
 .text.__ieee754_sqrt
                0x08004dc4      0x188 c:/stm32projects/toolchain/gcc-arm/bin/../lib/gcc/arm-none-eabi/9.3.1/../../../../arm-none-eabi/lib/thumb/v7e-m+fp/hard\libm.a(lib_a-e_sqrt.o)
                0x08004dc4                __ieee754_sqrt
 .text.__ieee754_powf
                0x08004f4c      0x600 c:/stm32projects/toolchain/gcc-arm/bin/../lib/gcc/arm-none-eabi/9.3.1/../../../../arm-none-eabi/lib/thumb/v7e-m+fp/hard\libm.a(lib_a-ef_pow.o)
                0x08004f4c                __ieee754_powf
 .text.__ieee754_sqrtf
                0x0800554c        0x8 c:/stm32projects/toolchain/gcc-arm/bin/../lib/gcc/arm-none-eabi/9.3.1/../../../../arm-none-eabi/lib/thumb/v7e-m+fp/hard\libm.a(lib_a-ef_sqrt.o)
                0x0800554c                __ieee754_sqrtf
 .text.fabs     0x08005554       0x14 c:/stm32projects/toolchain/gcc-arm/bin/../lib/gcc/arm-none-eabi/9.3.1/../../../../arm-none-eabi/lib/thumb/v7e-m+fp/hard\libm.a(lib_a-s_fabs.o)
                0x08005554                fabs
 .text.finite   0x08005568       0x18 c:/stm32projects/toolchain/gcc-arm/bin/../lib/gcc/arm-none-eabi/9.3.1/../../../../arm-none-eabi/lib/thumb/v7e-m+fp/hard\libm.a(lib_a-s_finite.o)
                0x08005568                finite
 .text.nan      0x08005580       0x10 c:/stm32projects/toolchain/gcc-arm/bin/../lib/gcc/arm-none-eabi/9.3.1/../../../../arm-none-eabi/lib/thumb/v7e-m+fp/hard\libm.a(lib_a-s_nan.o)
                0x08005580                nan
 .text.rint     0x08005590      0x124 c:/stm32projects/toolchain/gcc-arm/bin/../lib/gcc/arm-none-eabi/9.3.1/../../../../arm-none-eabi/lib/thumb/v7e-m+fp/hard\libm.a(lib_a-s_rint.o)
                0x08005590                rint
 *fill*         0x080056b4        0x4 
 .text.scalbn   0x080056b8      0x124 c:/stm32projects/toolchain/gcc-arm/bin/../lib/gcc/arm-none-eabi/9.3.1/../../../../arm-none-eabi/lib/thumb/v7e-m+fp/hard\libm.a(lib_a-s_scalbn.o)
                0x080056b8                scalbn
 .text.fabsf    0x080057dc       0x10 c:/stm32projects/toolchain/gcc-arm/bin/../lib/gcc/arm-none-eabi/9.3.1/../../../../arm-none-eabi/lib/thumb/v7e-m+fp/hard\libm.a(lib_a-sf_fabs.o)
                0x080057dc                fabsf
 .text.finitef  0x080057ec       0x1c c:/stm32projects/toolchain/gcc-arm/bin/../lib/gcc/arm-none-eabi/9.3.1/../../../../arm-none-eabi/lib/thumb/v7e-m+fp/hard\libm.a(lib_a-sf_finite.o)
                0x080057ec                finitef
 .text.nanf     0x08005808        0xc c:/stm32projects/toolchain/gcc-arm/bin/../lib/gcc/arm-none-eabi/9.3.1/../../../../arm-none-eabi/lib/thumb/v7e-m+fp/hard\libm.a(lib_a-sf_nan.o)
                0x08005808                nanf
 .text.rintf    0x08005814       0xbc c:/stm32projects/toolchain/gcc-arm/bin/../lib/gcc/arm-none-eabi/9.3.1/../../../../arm-none-eabi/lib/thumb/v7e-m+fp/hard\libm.a(lib_a-sf_rint.o)
                0x08005814                rintf
 .text.scalbnf  0x080058d0       0xe4 c:/stm32projects/toolchain/gcc-arm/bin/../lib/gcc/arm-none-eabi/9.3.1/../../../../arm-none-eabi/lib/thumb/v7e-m+fp/hard\libm.a(lib_a-sf_scalbn.o)
                0x080058d0                scalbnf
 .text.__errno  0x080059b4        0xc c:/stm32projects/toolchain/gcc-arm/bin/../lib/gcc/arm-none-eabi/9.3.1/../../../../arm-none-eabi/lib/thumb/v7e-m+fp/hard\libc_nano.a(lib_a-errno.o)
                0x080059b4                __errno
 *(.glue_7)
 .glue_7        0x080059c0        0x0 linker stubs
 *(.glue_7t)
 .glue_7t       0x080059c0        0x0 linker stubs
 *(.eh_frame)
 .eh_frame      0x080059c0        0x0 c:/stm32projects/toolchain/gcc-arm/bin/../lib/gcc/arm-none-eabi/9.3.1/thumb/v7e-m+fp/hard/crtbegin.o
 *(.init)
 .init          0x080059c0        0x4 c:/stm32projects/toolchain/gcc-arm/bin/../lib/gcc/arm-none-eabi/9.3.1/thumb/v7e-m+fp/hard/crti.o
                0x080059c0                _init
 .init          0x080059c4        0x8 c:/stm32projects/toolchain/gcc-arm/bin/../lib/gcc/arm-none-eabi/9.3.1/thumb/v7e-m+fp/hard/crtn.o
 *(.fini)
 .fini          0x080059cc        0x4 c:/stm32projects/toolchain/gcc-arm/bin/../lib/gcc/arm-none-eabi/9.3.1/thumb/v7e-m+fp/hard/crti.o
                0x080059cc                _fini
 .fini          0x080059d0        0x8 c:/stm32projects/toolchain/gcc-arm/bin/../lib/gcc/arm-none-eabi/9.3.1/thumb/v7e-m+fp/hard/crtn.o
                0x080059d8                . = ALIGN (0x4)
                0x080059d8                _etext = .

.vfp11_veneer   0x080059d8        0x0
 .vfp11_veneer  0x080059d8        0x0 linker stubs

.v4_bx          0x080059d8        0x0
 .v4_bx         0x080059d8        0x0 linker stubs

.iplt           0x080059d8        0x0
 .iplt          0x080059d8        0x0 c:/stm32projects/toolchain/gcc-arm/bin/../lib/gcc/arm-none-eabi/9.3.1/thumb/v7e-m+fp/hard/crtbegin.o

.rodata         0x080059d8       0x60
                0x080059d8                . = ALIGN (0x4)
 *(.rodata)
 *(.rodata*)
 .rodata.main.str1.4
                0x080059d8        0x6 build/main.o
 *fill*         0x080059de        0x2 
 .rodata.aPLLMULFactorTable
                0x080059e0       0x10 build/stm32f3xx_hal_rcc.o
                0x080059e0                aPLLMULFactorTable
 .rodata.aPredivFactorTable
                0x080059f0       0x10 build/stm32f3xx_hal_rcc.o
                0x080059f0                aPredivFactorTable
 .rodata.AHBPrescTable
                0x08005a00       0x10 build/system_stm32f3xx.o
                0x08005a00                AHBPrescTable
 .rodata.APBPrescTable
                0x08005a10        0x8 build/system_stm32f3xx.o
                0x08005a10                APBPrescTable
 .rodata.log.str1.4
                0x08005a18        0x1 c:/stm32projects/toolchain/gcc-arm/bin/../lib/gcc/arm-none-eabi/9.3.1/../../../../arm-none-eabi/lib/thumb/v7e-m+fp/hard\libm.a(lib_a-w_log.o)
 .rodata.__ieee754_pow.str1.4
                0x08005a19        0x1 c:/stm32projects/toolchain/gcc-arm/bin/../lib/gcc/arm-none-eabi/9.3.1/../../../../arm-none-eabi/lib/thumb/v7e-m+fp/hard\libm.a(lib_a-e_pow.o)
 .rodata.__ieee754_powf.str1.4
                0x08005a19        0x1 c:/stm32projects/toolchain/gcc-arm/bin/../lib/gcc/arm-none-eabi/9.3.1/../../../../arm-none-eabi/lib/thumb/v7e-m+fp/hard\libm.a(lib_a-ef_pow.o)
 *fill*         0x08005a19        0x7 
 .rodata.TWO52  0x08005a20       0x10 c:/stm32projects/toolchain/gcc-arm/bin/../lib/gcc/arm-none-eabi/9.3.1/../../../../arm-none-eabi/lib/thumb/v7e-m+fp/hard\libm.a(lib_a-s_rint.o)
 .rodata.TWO23  0x08005a30        0x8 c:/stm32projects/toolchain/gcc-arm/bin/../lib/gcc/arm-none-eabi/9.3.1/../../../../arm-none-eabi/lib/thumb/v7e-m+fp/hard\libm.a(lib_a-sf_rint.o)
                0x08005a38                . = ALIGN (0x4)

.rel.dyn        0x08005a38        0x0
 .rel.iplt      0x08005a38        0x0 c:/stm32projects/toolchain/gcc-arm/bin/../lib/gcc/arm-none-eabi/9.3.1/thumb/v7e-m+fp/hard/crtbegin.o

.ARM.extab
 *(.ARM.extab* .gnu.linkonce.armextab.*)

.ARM            0x08005a38        0x0
                0x08005a38                __exidx_start = .
 *(.ARM.exidx*)
                0x08005a38                __exidx_end = .

.preinit_array  0x08005a38        0x0
                0x08005a38                PROVIDE (__preinit_array_start = .)
 *(.preinit_array*)
                0x08005a38                PROVIDE (__preinit_array_end = .)

.init_array     0x08005a38        0x4
                0x08005a38                PROVIDE (__init_array_start = .)
 *(SORT_BY_NAME(.init_array.*))
 *(.init_array*)
 .init_array    0x08005a38        0x4 c:/stm32projects/toolchain/gcc-arm/bin/../lib/gcc/arm-none-eabi/9.3.1/thumb/v7e-m+fp/hard/crtbegin.o
                0x08005a3c                PROVIDE (__init_array_end = .)

.fini_array     0x08005a3c        0x4
                [!provide]                PROVIDE (__fini_array_start = .)
 *(SORT_BY_NAME(.fini_array.*))
 *(.fini_array*)
 .fini_array    0x08005a3c        0x4 c:/stm32projects/toolchain/gcc-arm/bin/../lib/gcc/arm-none-eabi/9.3.1/thumb/v7e-m+fp/hard/crtbegin.o
                [!provide]                PROVIDE (__fini_array_end = .)
                0x08005a40                _sidata = LOADADDR (.data)

.data           0x20000000      0x104 load address 0x08005a40
                0x20000000                . = ALIGN (0x4)
                0x20000000                _sdata = .
 *(.data)
 *(.data*)
 .data.uwTickFreq
                0x20000000        0x1 build/stm32f3xx_hal.o
                0x20000000                uwTickFreq
 *fill*         0x20000001        0x3 
 .data.uwTickPrio
                0x20000004        0x4 build/stm32f3xx_hal.o
                0x20000004                uwTickPrio
 .data._fourbit_mode
                0x20000008        0x1 build/LiquidCrystal.o
                0x20000008                _fourbit_mode
 *fill*         0x20000009        0x3 
 .data.eee      0x2000000c        0x8 build/FloatToChar.o
                0x2000000c                eee
 .data.em       0x20000014        0x8 build/FloatToChar.o
                0x20000014                em
 .data.five     0x2000001c        0x8 build/FloatToChar.o
                0x2000001c                five
 .data.four     0x20000024        0x8 build/FloatToChar.o
                0x20000024                four
 .data.nine     0x2000002c        0x8 build/FloatToChar.o
                0x2000002c                nine
 .data.one      0x20000034        0x8 build/FloatToChar.o
                0x20000034                one
 .data.seven    0x2000003c        0x8 build/FloatToChar.o
                0x2000003c                seven
 .data.six      0x20000044        0x8 build/FloatToChar.o
                0x20000044                six
 .data.specialchars
                0x2000004c       0x34 build/FloatToChar.o
                0x2000004c                specialchars
 .data.tee      0x20000080        0x8 build/FloatToChar.o
                0x20000080                tee
 .data.three    0x20000088        0x8 build/FloatToChar.o
                0x20000088                three
 .data.two      0x20000090        0x8 build/FloatToChar.o
                0x20000090                two
 .data.SystemCoreClock
                0x20000098        0x4 build/system_stm32f3xx.o
                0x20000098                SystemCoreClock
 .data._impure_ptr
                0x2000009c        0x4 c:/stm32projects/toolchain/gcc-arm/bin/../lib/gcc/arm-none-eabi/9.3.1/../../../../arm-none-eabi/lib/thumb/v7e-m+fp/hard\libc_nano.a(lib_a-impure.o)
                0x2000009c                _impure_ptr
 .data.impure_data
                0x200000a0       0x60 c:/stm32projects/toolchain/gcc-arm/bin/../lib/gcc/arm-none-eabi/9.3.1/../../../../arm-none-eabi/lib/thumb/v7e-m+fp/hard\libc_nano.a(lib_a-impure.o)
 .data.__fdlib_version
                0x20000100        0x1 c:/stm32projects/toolchain/gcc-arm/bin/../lib/gcc/arm-none-eabi/9.3.1/../../../../arm-none-eabi/lib/thumb/v7e-m+fp/hard\libm.a(lib_a-s_lib_ver.o)
                0x20000100                __fdlib_version
                0x20000104                . = ALIGN (0x4)
 *fill*         0x20000101        0x3 
                0x20000104                _edata = .
                0x08005b44                _siccmram = LOADADDR (.ccmram)

.igot.plt       0x20000104        0x0 load address 0x08005b44
 .igot.plt      0x20000104        0x0 c:/stm32projects/toolchain/gcc-arm/bin/../lib/gcc/arm-none-eabi/9.3.1/thumb/v7e-m+fp/hard/crtbegin.o

.ccmram         0x10000000        0x0 load address 0x08005b44
                0x10000000                . = ALIGN (0x4)
                0x10000000                _sccmram = .
 *(.ccmram)
 *(.ccmram*)
                0x10000000                . = ALIGN (0x4)
                0x10000000                _eccmram = .
                0x10000000                . = ALIGN (0x4)

.bss            0x20000104      0x160
                0x20000104                _sbss = .
                0x20000104                __bss_start__ = _sbss
 *(.bss)
 .bss           0x20000104       0x1c c:/stm32projects/toolchain/gcc-arm/bin/../lib/gcc/arm-none-eabi/9.3.1/thumb/v7e-m+fp/hard/crtbegin.o
 *(.bss*)
 .bss.dotsize   0x20000120        0x1 build/LiquidCrystal.o
                0x20000120                dotsize
 *fill*         0x20000121        0x3 
 .bss.ACCEL_X   0x20000124        0x4 build/MPU6050.o
                0x20000124                ACCEL_X
 *(COMMON)
 COMMON         0x20000128      0x110 build/main.o
                0x20000128                Temp
                0x2000012c                I2CHandle
                0x200001a8                AdcHandle
                0x200001f8                TimHandle
 COMMON         0x20000238        0x4 build/stm32f3xx_hal.o
                0x20000238                uwTick
 COMMON         0x2000023c       0x27 build/LiquidCrystal.o
                0x2000023c                _row_offsets
                0x20000240                _rw_pin
                0x20000244                _port
                0x20000248                _displaycontrol
                0x20000249                _numlines
                0x2000024c                _data_pins
                0x2000025c                _displaymode
                0x2000025d                _displayfunction
                0x2000025e                _enable_pin
                0x20000260                _rs_pin
                0x20000262                _initialized
                0x20000264                . = ALIGN (0x4)
 *fill*         0x20000263        0x1 
                0x20000264                _ebss = .
                0x20000264                __bss_end__ = _ebss

._user_heap_stack
                0x20000264      0x604
                0x20000268                . = ALIGN (0x8)
 *fill*         0x20000264        0x4 
                [!provide]                PROVIDE (end = .)
                [!provide]                PROVIDE (_end = .)
                0x20000468                . = (. + _Min_Heap_Size)
 *fill*         0x20000268      0x200 
                0x20000868                . = (. + _Min_Stack_Size)
 *fill*         0x20000468      0x400 
                0x20000868                . = ALIGN (0x8)

/DISCARD/
 libc.a(*)
 libm.a(*)
 libgcc.a(*)

.ARM.attributes
                0x00000000       0x30
 *(.ARM.attributes)
 .ARM.attributes
                0x00000000       0x1e c:/stm32projects/toolchain/gcc-arm/bin/../lib/gcc/arm-none-eabi/9.3.1/thumb/v7e-m+fp/hard/crti.o
 .ARM.attributes
                0x0000001e       0x34 c:/stm32projects/toolchain/gcc-arm/bin/../lib/gcc/arm-none-eabi/9.3.1/thumb/v7e-m+fp/hard/crtbegin.o
 .ARM.attributes
                0x00000052       0x34 build/main.o
 .ARM.attributes
                0x00000086       0x34 build/stm32f3xx_it.o
 .ARM.attributes
                0x000000ba       0x34 build/stm32f3xx_hal_msp.o
 .ARM.attributes
                0x000000ee       0x34 build/stm32f3xx_hal_adc_ex.o
 .ARM.attributes
                0x00000122       0x34 build/stm32f3xx_hal_tim.o
 .ARM.attributes
                0x00000156       0x34 build/stm32f3xx_hal_tim_ex.o
 .ARM.attributes
                0x0000018a       0x34 build/stm32f3xx_hal.o
 .ARM.attributes
                0x000001be       0x34 build/stm32f3xx_hal_rcc.o
 .ARM.attributes
                0x000001f2       0x34 build/stm32f3xx_hal_gpio.o
 .ARM.attributes
                0x00000226       0x34 build/stm32f3xx_hal_cortex.o
 .ARM.attributes
                0x0000025a       0x34 build/stm32f3xx_hal_i2c.o
 .ARM.attributes
                0x0000028e       0x34 build/stm32f3xx_hal_i2c_ex.o
 .ARM.attributes
                0x000002c2       0x34 build/LiquidCrystal.o
 .ARM.attributes
                0x000002f6       0x34 build/MPU6050.o
 .ARM.attributes
                0x0000032a       0x34 build/FloatToChar.o
 .ARM.attributes
                0x0000035e       0x34 build/system_stm32f3xx.o
 .ARM.attributes
                0x00000392       0x21 build/startup_stm32f303xe.o
 .ARM.attributes
                0x000003b3       0x32 c:/stm32projects/toolchain/gcc-arm/bin/../lib/gcc/arm-none-eabi/9.3.1/../../../../arm-none-eabi/lib/thumb/v7e-m+fp/hard\libc_nano.a(lib_a-impure.o)
 .ARM.attributes
                0x000003e5       0x34 c:/stm32projects/toolchain/gcc-arm/bin/../lib/gcc/arm-none-eabi/9.3.1/../../../../arm-none-eabi/lib/thumb/v7e-m+fp/hard\libc_nano.a(lib_a-init.o)
 .ARM.attributes
                0x00000419       0x17 c:/stm32projects/toolchain/gcc-arm/bin/../lib/gcc/arm-none-eabi/9.3.1/../../../../arm-none-eabi/lib/thumb/v7e-m+fp/hard\libc_nano.a(lib_a-strlen.o)
 .ARM.attributes
                0x00000430       0x34 c:/stm32projects/toolchain/gcc-arm/bin/../lib/gcc/arm-none-eabi/9.3.1/../../../../arm-none-eabi/lib/thumb/v7e-m+fp/hard\libm.a(lib_a-w_log.o)
 .ARM.attributes
                0x00000464       0x34 c:/stm32projects/toolchain/gcc-arm/bin/../lib/gcc/arm-none-eabi/9.3.1/../../../../arm-none-eabi/lib/thumb/v7e-m+fp/hard\libm.a(lib_a-w_pow.o)
 .ARM.attributes
                0x00000498       0x34 c:/stm32projects/toolchain/gcc-arm/bin/../lib/gcc/arm-none-eabi/9.3.1/../../../../arm-none-eabi/lib/thumb/v7e-m+fp/hard\libm.a(lib_a-wf_pow.o)
 .ARM.attributes
                0x000004cc       0x34 c:/stm32projects/toolchain/gcc-arm/bin/../lib/gcc/arm-none-eabi/9.3.1/../../../../arm-none-eabi/lib/thumb/v7e-m+fp/hard\libm.a(lib_a-e_log.o)
 .ARM.attributes
                0x00000500       0x34 c:/stm32projects/toolchain/gcc-arm/bin/../lib/gcc/arm-none-eabi/9.3.1/../../../../arm-none-eabi/lib/thumb/v7e-m+fp/hard\libm.a(lib_a-e_pow.o)
 .ARM.attributes
                0x00000534       0x34 c:/stm32projects/toolchain/gcc-arm/bin/../lib/gcc/arm-none-eabi/9.3.1/../../../../arm-none-eabi/lib/thumb/v7e-m+fp/hard\libm.a(lib_a-e_sqrt.o)
 .ARM.attributes
                0x00000568       0x34 c:/stm32projects/toolchain/gcc-arm/bin/../lib/gcc/arm-none-eabi/9.3.1/../../../../arm-none-eabi/lib/thumb/v7e-m+fp/hard\libm.a(lib_a-ef_pow.o)
 .ARM.attributes
                0x0000059c       0x34 c:/stm32projects/toolchain/gcc-arm/bin/../lib/gcc/arm-none-eabi/9.3.1/../../../../arm-none-eabi/lib/thumb/v7e-m+fp/hard\libm.a(lib_a-ef_sqrt.o)
 .ARM.attributes
                0x000005d0       0x34 c:/stm32projects/toolchain/gcc-arm/bin/../lib/gcc/arm-none-eabi/9.3.1/../../../../arm-none-eabi/lib/thumb/v7e-m+fp/hard\libm.a(lib_a-s_fabs.o)
 .ARM.attributes
                0x00000604       0x34 c:/stm32projects/toolchain/gcc-arm/bin/../lib/gcc/arm-none-eabi/9.3.1/../../../../arm-none-eabi/lib/thumb/v7e-m+fp/hard\libm.a(lib_a-s_finite.o)
 .ARM.attributes
                0x00000638       0x32 c:/stm32projects/toolchain/gcc-arm/bin/../lib/gcc/arm-none-eabi/9.3.1/../../../../arm-none-eabi/lib/thumb/v7e-m+fp/hard\libm.a(lib_a-s_lib_ver.o)
 .ARM.attributes
                0x0000066a       0x34 c:/stm32projects/toolchain/gcc-arm/bin/../lib/gcc/arm-none-eabi/9.3.1/../../../../arm-none-eabi/lib/thumb/v7e-m+fp/hard\libm.a(lib_a-s_nan.o)
 .ARM.attributes
                0x0000069e       0x34 c:/stm32projects/toolchain/gcc-arm/bin/../lib/gcc/arm-none-eabi/9.3.1/../../../../arm-none-eabi/lib/thumb/v7e-m+fp/hard\libm.a(lib_a-s_rint.o)
 .ARM.attributes
                0x000006d2       0x34 c:/stm32projects/toolchain/gcc-arm/bin/../lib/gcc/arm-none-eabi/9.3.1/../../../../arm-none-eabi/lib/thumb/v7e-m+fp/hard\libm.a(lib_a-s_scalbn.o)
 .ARM.attributes
                0x00000706       0x34 c:/stm32projects/toolchain/gcc-arm/bin/../lib/gcc/arm-none-eabi/9.3.1/../../../../arm-none-eabi/lib/thumb/v7e-m+fp/hard\libm.a(lib_a-sf_fabs.o)
 .ARM.attributes
                0x0000073a       0x34 c:/stm32projects/toolchain/gcc-arm/bin/../lib/gcc/arm-none-eabi/9.3.1/../../../../arm-none-eabi/lib/thumb/v7e-m+fp/hard\libm.a(lib_a-sf_finite.o)
 .ARM.attributes
                0x0000076e       0x34 c:/stm32projects/toolchain/gcc-arm/bin/../lib/gcc/arm-none-eabi/9.3.1/../../../../arm-none-eabi/lib/thumb/v7e-m+fp/hard\libm.a(lib_a-sf_nan.o)
 .ARM.attributes
                0x000007a2       0x34 c:/stm32projects/toolchain/gcc-arm/bin/../lib/gcc/arm-none-eabi/9.3.1/../../../../arm-none-eabi/lib/thumb/v7e-m+fp/hard\libm.a(lib_a-sf_rint.o)
 .ARM.attributes
                0x000007d6       0x34 c:/stm32projects/toolchain/gcc-arm/bin/../lib/gcc/arm-none-eabi/9.3.1/../../../../arm-none-eabi/lib/thumb/v7e-m+fp/hard\libm.a(lib_a-sf_scalbn.o)
 .ARM.attributes
                0x0000080a       0x1e c:/stm32projects/toolchain/gcc-arm/bin/../lib/gcc/arm-none-eabi/9.3.1/thumb/v7e-m+fp/hard\libgcc.a(_arm_addsubdf3.o)
 .ARM.attributes
                0x00000828       0x1e c:/stm32projects/toolchain/gcc-arm/bin/../lib/gcc/arm-none-eabi/9.3.1/thumb/v7e-m+fp/hard\libgcc.a(_arm_muldivdf3.o)
 .ARM.attributes
                0x00000846       0x1e c:/stm32projects/toolchain/gcc-arm/bin/../lib/gcc/arm-none-eabi/9.3.1/thumb/v7e-m+fp/hard\libgcc.a(_arm_cmpdf2.o)
 .ARM.attributes
                0x00000864       0x1e c:/stm32projects/toolchain/gcc-arm/bin/../lib/gcc/arm-none-eabi/9.3.1/thumb/v7e-m+fp/hard\libgcc.a(_arm_unorddf2.o)
 .ARM.attributes
                0x00000882       0x1e c:/stm32projects/toolchain/gcc-arm/bin/../lib/gcc/arm-none-eabi/9.3.1/thumb/v7e-m+fp/hard\libgcc.a(_arm_fixdfsi.o)
 .ARM.attributes
                0x000008a0       0x1e c:/stm32projects/toolchain/gcc-arm/bin/../lib/gcc/arm-none-eabi/9.3.1/thumb/v7e-m+fp/hard\libgcc.a(_arm_truncdfsf2.o)
 .ARM.attributes
                0x000008be       0x34 c:/stm32projects/toolchain/gcc-arm/bin/../lib/gcc/arm-none-eabi/9.3.1/../../../../arm-none-eabi/lib/thumb/v7e-m+fp/hard\libc_nano.a(lib_a-errno.o)
 .ARM.attributes
                0x000008f2       0x1e c:/stm32projects/toolchain/gcc-arm/bin/../lib/gcc/arm-none-eabi/9.3.1/thumb/v7e-m+fp/hard/crtn.o
OUTPUT(build/FoodMX.elf elf32-littlearm)
LOAD linker stubs
LOAD c:/stm32projects/toolchain/gcc-arm/bin/../lib/gcc/arm-none-eabi/9.3.1/../../../../arm-none-eabi/lib/thumb/v7e-m+fp/hard\libc.a
LOAD c:/stm32projects/toolchain/gcc-arm/bin/../lib/gcc/arm-none-eabi/9.3.1/../../../../arm-none-eabi/lib/thumb/v7e-m+fp/hard\libm.a
LOAD c:/stm32projects/toolchain/gcc-arm/bin/../lib/gcc/arm-none-eabi/9.3.1/thumb/v7e-m+fp/hard\libgcc.a

.debug_info     0x00000000    0x183c7
 .debug_info    0x00000000     0x275f build/main.o
 .debug_info    0x0000275f      0x9cb build/stm32f3xx_it.o
 .debug_info    0x0000312a     0x12f5 build/stm32f3xx_hal_msp.o
 .debug_info    0x0000441f     0x1ff7 build/stm32f3xx_hal_adc_ex.o
 .debug_info    0x00006416     0x3c46 build/stm32f3xx_hal_tim.o
 .debug_info    0x0000a05c     0x191c build/stm32f3xx_hal_tim_ex.o
 .debug_info    0x0000b978      0x9dc build/stm32f3xx_hal.o
 .debug_info    0x0000c354     0x176f build/stm32f3xx_hal_rcc.o
 .debug_info    0x0000dac3      0x921 build/stm32f3xx_hal_gpio.o
 .debug_info    0x0000e3e4     0x11cc build/stm32f3xx_hal_cortex.o
 .debug_info    0x0000f5b0     0x44c3 build/stm32f3xx_hal_i2c.o
 .debug_info    0x00013a73      0xc0d build/stm32f3xx_hal_i2c_ex.o
 .debug_info    0x00014680     0x1e65 build/LiquidCrystal.o
 .debug_info    0x000164e5      0xc1f build/MPU6050.o
 .debug_info    0x00017104      0xd98 build/FloatToChar.o
 .debug_info    0x00017e9c      0x509 build/system_stm32f3xx.o
 .debug_info    0x000183a5       0x22 build/startup_stm32f303xe.o

.debug_abbrev   0x00000000     0x2a3f
 .debug_abbrev  0x00000000      0x3c1 build/main.o
 .debug_abbrev  0x000003c1      0x1cd build/stm32f3xx_it.o
 .debug_abbrev  0x0000058e      0x1f4 build/stm32f3xx_hal_msp.o
 .debug_abbrev  0x00000782      0x315 build/stm32f3xx_hal_adc_ex.o
 .debug_abbrev  0x00000a97      0x2af build/stm32f3xx_hal_tim.o
 .debug_abbrev  0x00000d46      0x2ab build/stm32f3xx_hal_tim_ex.o
 .debug_abbrev  0x00000ff1      0x21c build/stm32f3xx_hal.o
 .debug_abbrev  0x0000120d      0x337 build/stm32f3xx_hal_rcc.o
 .debug_abbrev  0x00001544      0x24f build/stm32f3xx_hal_gpio.o
 .debug_abbrev  0x00001793      0x3a8 build/stm32f3xx_hal_cortex.o
 .debug_abbrev  0x00001b3b      0x2f3 build/stm32f3xx_hal_i2c.o
 .debug_abbrev  0x00001e2e      0x1e2 build/stm32f3xx_hal_i2c_ex.o
 .debug_abbrev  0x00002010      0x413 build/LiquidCrystal.o
 .debug_abbrev  0x00002423      0x1f0 build/MPU6050.o
 .debug_abbrev  0x00002613      0x2d0 build/FloatToChar.o
 .debug_abbrev  0x000028e3      0x14a build/system_stm32f3xx.o
 .debug_abbrev  0x00002a2d       0x12 build/startup_stm32f303xe.o

.debug_loc      0x00000000    0x11764
 .debug_loc     0x00000000      0x24d build/main.o
 .debug_loc     0x0000024d       0x85 build/stm32f3xx_it.o
 .debug_loc     0x000002d2      0x1b6 build/stm32f3xx_hal_msp.o
 .debug_loc     0x00000488     0x26c1 build/stm32f3xx_hal_adc_ex.o
 .debug_loc     0x00002b49     0x4ae6 build/stm32f3xx_hal_tim.o
 .debug_loc     0x0000762f     0x1a40 build/stm32f3xx_hal_tim_ex.o
 .debug_loc     0x0000906f      0x1cc build/stm32f3xx_hal.o
 .debug_loc     0x0000923b      0xf88 build/stm32f3xx_hal_rcc.o
 .debug_loc     0x0000a1c3      0x3f6 build/stm32f3xx_hal_gpio.o
 .debug_loc     0x0000a5b9      0x7d4 build/stm32f3xx_hal_cortex.o
 .debug_loc     0x0000ad8d     0x5672 build/stm32f3xx_hal_i2c.o
 .debug_loc     0x000103ff      0x25a build/stm32f3xx_hal_i2c_ex.o
 .debug_loc     0x00010659      0xd63 build/LiquidCrystal.o
 .debug_loc     0x000113bc       0xa3 build/MPU6050.o
 .debug_loc     0x0001145f      0x1e1 build/FloatToChar.o
 .debug_loc     0x00011640      0x124 build/system_stm32f3xx.o

.debug_aranges  0x00000000      0xeb0
 .debug_aranges
                0x00000000       0x78 build/main.o
 .debug_aranges
                0x00000078       0x70 build/stm32f3xx_it.o
 .debug_aranges
                0x000000e8       0x40 build/stm32f3xx_hal_msp.o
 .debug_aranges
                0x00000128      0x168 build/stm32f3xx_hal_adc_ex.o
 .debug_aranges
                0x00000290      0x3c8 build/stm32f3xx_hal_tim.o
 .debug_aranges
                0x00000658      0x160 build/stm32f3xx_hal_tim_ex.o
 .debug_aranges
                0x000007b8       0xe0 build/stm32f3xx_hal.o
 .debug_aranges
                0x00000898       0x88 build/stm32f3xx_hal_rcc.o
 .debug_aranges
                0x00000920       0x58 build/stm32f3xx_hal_gpio.o
 .debug_aranges
                0x00000978       0xa8 build/stm32f3xx_hal_cortex.o
 .debug_aranges
                0x00000a20      0x2b0 build/stm32f3xx_hal_i2c.o
 .debug_aranges
                0x00000cd0       0x48 build/stm32f3xx_hal_i2c_ex.o
 .debug_aranges
                0x00000d18       0xf8 build/LiquidCrystal.o
 .debug_aranges
                0x00000e10       0x28 build/MPU6050.o
 .debug_aranges
                0x00000e38       0x28 build/FloatToChar.o
 .debug_aranges
                0x00000e60       0x28 build/system_stm32f3xx.o
 .debug_aranges
                0x00000e88       0x28 build/startup_stm32f303xe.o

.debug_ranges   0x00000000      0xe28
 .debug_ranges  0x00000000       0x68 build/main.o
 .debug_ranges  0x00000068       0x60 build/stm32f3xx_it.o
 .debug_ranges  0x000000c8       0x30 build/stm32f3xx_hal_msp.o
 .debug_ranges  0x000000f8      0x158 build/stm32f3xx_hal_adc_ex.o
 .debug_ranges  0x00000250      0x3b8 build/stm32f3xx_hal_tim.o
 .debug_ranges  0x00000608      0x150 build/stm32f3xx_hal_tim_ex.o
 .debug_ranges  0x00000758       0xd0 build/stm32f3xx_hal.o
 .debug_ranges  0x00000828       0x98 build/stm32f3xx_hal_rcc.o
 .debug_ranges  0x000008c0       0x48 build/stm32f3xx_hal_gpio.o
 .debug_ranges  0x00000908       0xf8 build/stm32f3xx_hal_cortex.o
 .debug_ranges  0x00000a00      0x2a0 build/stm32f3xx_hal_i2c.o
 .debug_ranges  0x00000ca0       0x38 build/stm32f3xx_hal_i2c_ex.o
 .debug_ranges  0x00000cd8       0xe8 build/LiquidCrystal.o
 .debug_ranges  0x00000dc0       0x18 build/MPU6050.o
 .debug_ranges  0x00000dd8       0x18 build/FloatToChar.o
 .debug_ranges  0x00000df0       0x18 build/system_stm32f3xx.o
 .debug_ranges  0x00000e08       0x20 build/startup_stm32f303xe.o

.debug_line     0x00000000    0x111d9
 .debug_line    0x00000000      0x7fe build/main.o
 .debug_line    0x000007fe      0x333 build/stm32f3xx_it.o
 .debug_line    0x00000b31      0x372 build/stm32f3xx_hal_msp.o
 .debug_line    0x00000ea3     0x29a1 build/stm32f3xx_hal_adc_ex.o
 .debug_line    0x00003844     0x3ad9 build/stm32f3xx_hal_tim.o
 .debug_line    0x0000731d     0x1310 build/stm32f3xx_hal_tim_ex.o
 .debug_line    0x0000862d      0x4e7 build/stm32f3xx_hal.o
 .debug_line    0x00008b14     0x11b4 build/stm32f3xx_hal_rcc.o
 .debug_line    0x00009cc8      0x6a8 build/stm32f3xx_hal_gpio.o
 .debug_line    0x0000a370      0x747 build/stm32f3xx_hal_cortex.o
 .debug_line    0x0000aab7     0x4de9 build/stm32f3xx_hal_i2c.o
 .debug_line    0x0000f8a0      0x4e2 build/stm32f3xx_hal_i2c_ex.o
 .debug_line    0x0000fd82      0xa1b build/LiquidCrystal.o
 .debug_line    0x0001079d      0x42f build/MPU6050.o
 .debug_line    0x00010bcc      0x33f build/FloatToChar.o
 .debug_line    0x00010f0b      0x25b build/system_stm32f3xx.o
 .debug_line    0x00011166       0x73 build/startup_stm32f303xe.o

.debug_str      0x00000000     0x4d31
 .debug_str     0x00000000     0x1877 build/main.o
                               0x1a86 (size before relaxing)
 .debug_str     0x00001877      0x111 build/stm32f3xx_it.o
                                0x90a (size before relaxing)
 .debug_str     0x00001988       0x96 build/stm32f3xx_hal_msp.o
                               0x1060 (size before relaxing)
 .debug_str     0x00001a1e      0x75f build/stm32f3xx_hal_adc_ex.o
                                0xf8f (size before relaxing)
 .debug_str     0x0000217d      0xe87 build/stm32f3xx_hal_tim.o
                               0x15c5 (size before relaxing)
 .debug_str     0x00003004      0x51e build/stm32f3xx_hal_tim_ex.o
                                0xdcb (size before relaxing)
 .debug_str     0x00003522      0x250 build/stm32f3xx_hal.o
                                0xa39 (size before relaxing)
 .debug_str     0x00003772      0x1da build/stm32f3xx_hal_rcc.o
                                0x6f9 (size before relaxing)
 .debug_str     0x0000394c      0x157 build/stm32f3xx_hal_gpio.o
                                0x569 (size before relaxing)
 .debug_str     0x00003aa3      0x471 build/stm32f3xx_hal_cortex.o
                                0xc6d (size before relaxing)
 .debug_str     0x00003f14      0xa6e build/stm32f3xx_hal_i2c.o
                               0x1310 (size before relaxing)
 .debug_str     0x00004982       0xb5 build/stm32f3xx_hal_i2c_ex.o
                                0x9f3 (size before relaxing)
 .debug_str     0x00004a37      0x1fb build/LiquidCrystal.o
                                0x991 (size before relaxing)
 .debug_str     0x00004c32       0x3a build/MPU6050.o
                                0x883 (size before relaxing)
 .debug_str     0x00004c6c       0x45 build/FloatToChar.o
                                0x6e2 (size before relaxing)
 .debug_str     0x00004cb1       0x5c build/system_stm32f3xx.o
                                0x358 (size before relaxing)
 .debug_str     0x00004d0d       0x24 build/startup_stm32f303xe.o
                                 0x49 (size before relaxing)

.comment        0x00000000       0x4c
 .comment       0x00000000       0x4c build/main.o
                                 0x4d (size before relaxing)
 .comment       0x0000004c       0x4d build/stm32f3xx_it.o
 .comment       0x0000004c       0x4d build/stm32f3xx_hal_msp.o
 .comment       0x0000004c       0x4d build/stm32f3xx_hal_adc_ex.o
 .comment       0x0000004c       0x4d build/stm32f3xx_hal_tim.o
 .comment       0x0000004c       0x4d build/stm32f3xx_hal_tim_ex.o
 .comment       0x0000004c       0x4d build/stm32f3xx_hal.o
 .comment       0x0000004c       0x4d build/stm32f3xx_hal_rcc.o
 .comment       0x0000004c       0x4d build/stm32f3xx_hal_gpio.o
 .comment       0x0000004c       0x4d build/stm32f3xx_hal_cortex.o
 .comment       0x0000004c       0x4d build/stm32f3xx_hal_i2c.o
 .comment       0x0000004c       0x4d build/stm32f3xx_hal_i2c_ex.o
 .comment       0x0000004c       0x4d build/LiquidCrystal.o
 .comment       0x0000004c       0x4d build/MPU6050.o
 .comment       0x0000004c       0x4d build/FloatToChar.o
 .comment       0x0000004c       0x4d build/system_stm32f3xx.o

.debug_frame    0x00000000     0x30c4
 .debug_frame   0x00000000      0x140 build/main.o
 .debug_frame   0x00000140       0xd8 build/stm32f3xx_it.o
 .debug_frame   0x00000218       0x98 build/stm32f3xx_hal_msp.o
 .debug_frame   0x000002b0      0x4d8 build/stm32f3xx_hal_adc_ex.o
 .debug_frame   0x00000788      0xaf8 build/stm32f3xx_hal_tim.o
 .debug_frame   0x00001280      0x3f0 build/stm32f3xx_hal_tim_ex.o
 .debug_frame   0x00001670      0x1cc build/stm32f3xx_hal.o
 .debug_frame   0x0000183c      0x170 build/stm32f3xx_hal_rcc.o
 .debug_frame   0x000019ac       0xd0 build/stm32f3xx_hal_gpio.o
 .debug_frame   0x00001a7c      0x15c build/stm32f3xx_hal_cortex.o
 .debug_frame   0x00001bd8      0x9a0 build/stm32f3xx_hal_i2c.o
 .debug_frame   0x00002578       0x80 build/stm32f3xx_hal_i2c_ex.o
 .debug_frame   0x000025f8      0x2ec build/LiquidCrystal.o
 .debug_frame   0x000028e4       0x4c build/MPU6050.o
 .debug_frame   0x00002930       0x4c build/FloatToChar.o
 .debug_frame   0x0000297c       0x30 build/system_stm32f3xx.o
 .debug_frame   0x000029ac       0x2c c:/stm32projects/toolchain/gcc-arm/bin/../lib/gcc/arm-none-eabi/9.3.1/../../../../arm-none-eabi/lib/thumb/v7e-m+fp/hard\libc_nano.a(lib_a-init.o)
 .debug_frame   0x000029d8       0x4c c:/stm32projects/toolchain/gcc-arm/bin/../lib/gcc/arm-none-eabi/9.3.1/../../../../arm-none-eabi/lib/thumb/v7e-m+fp/hard\libm.a(lib_a-w_log.o)
 .debug_frame   0x00002a24       0x50 c:/stm32projects/toolchain/gcc-arm/bin/../lib/gcc/arm-none-eabi/9.3.1/../../../../arm-none-eabi/lib/thumb/v7e-m+fp/hard\libm.a(lib_a-w_pow.o)
 .debug_frame   0x00002a74       0x54 c:/stm32projects/toolchain/gcc-arm/bin/../lib/gcc/arm-none-eabi/9.3.1/../../../../arm-none-eabi/lib/thumb/v7e-m+fp/hard\libm.a(lib_a-wf_pow.o)
 .debug_frame   0x00002ac8       0x78 c:/stm32projects/toolchain/gcc-arm/bin/../lib/gcc/arm-none-eabi/9.3.1/../../../../arm-none-eabi/lib/thumb/v7e-m+fp/hard\libm.a(lib_a-e_log.o)
 .debug_frame   0x00002b40       0xc8 c:/stm32projects/toolchain/gcc-arm/bin/../lib/gcc/arm-none-eabi/9.3.1/../../../../arm-none-eabi/lib/thumb/v7e-m+fp/hard\libm.a(lib_a-e_pow.o)
 .debug_frame   0x00002c08       0x30 c:/stm32projects/toolchain/gcc-arm/bin/../lib/gcc/arm-none-eabi/9.3.1/../../../../arm-none-eabi/lib/thumb/v7e-m+fp/hard\libm.a(lib_a-e_sqrt.o)
 .debug_frame   0x00002c38       0x74 c:/stm32projects/toolchain/gcc-arm/bin/../lib/gcc/arm-none-eabi/9.3.1/../../../../arm-none-eabi/lib/thumb/v7e-m+fp/hard\libm.a(lib_a-ef_pow.o)
 .debug_frame   0x00002cac       0x20 c:/stm32projects/toolchain/gcc-arm/bin/../lib/gcc/arm-none-eabi/9.3.1/../../../../arm-none-eabi/lib/thumb/v7e-m+fp/hard\libm.a(lib_a-ef_sqrt.o)
 .debug_frame   0x00002ccc       0x20 c:/stm32projects/toolchain/gcc-arm/bin/../lib/gcc/arm-none-eabi/9.3.1/../../../../arm-none-eabi/lib/thumb/v7e-m+fp/hard\libm.a(lib_a-s_fabs.o)
 .debug_frame   0x00002cec       0x28 c:/stm32projects/toolchain/gcc-arm/bin/../lib/gcc/arm-none-eabi/9.3.1/../../../../arm-none-eabi/lib/thumb/v7e-m+fp/hard\libm.a(lib_a-s_finite.o)
 .debug_frame   0x00002d14       0x20 c:/stm32projects/toolchain/gcc-arm/bin/../lib/gcc/arm-none-eabi/9.3.1/../../../../arm-none-eabi/lib/thumb/v7e-m+fp/hard\libm.a(lib_a-s_nan.o)
 .debug_frame   0x00002d34       0x44 c:/stm32projects/toolchain/gcc-arm/bin/../lib/gcc/arm-none-eabi/9.3.1/../../../../arm-none-eabi/lib/thumb/v7e-m+fp/hard\libm.a(lib_a-s_rint.o)
 .debug_frame   0x00002d78       0x2c c:/stm32projects/toolchain/gcc-arm/bin/../lib/gcc/arm-none-eabi/9.3.1/../../../../arm-none-eabi/lib/thumb/v7e-m+fp/hard\libm.a(lib_a-s_scalbn.o)
 .debug_frame   0x00002da4       0x20 c:/stm32projects/toolchain/gcc-arm/bin/../lib/gcc/arm-none-eabi/9.3.1/../../../../arm-none-eabi/lib/thumb/v7e-m+fp/hard\libm.a(lib_a-sf_fabs.o)
 .debug_frame   0x00002dc4       0x28 c:/stm32projects/toolchain/gcc-arm/bin/../lib/gcc/arm-none-eabi/9.3.1/../../../../arm-none-eabi/lib/thumb/v7e-m+fp/hard\libm.a(lib_a-sf_finite.o)
 .debug_frame   0x00002dec       0x20 c:/stm32projects/toolchain/gcc-arm/bin/../lib/gcc/arm-none-eabi/9.3.1/../../../../arm-none-eabi/lib/thumb/v7e-m+fp/hard\libm.a(lib_a-sf_nan.o)
 .debug_frame   0x00002e0c       0x34 c:/stm32projects/toolchain/gcc-arm/bin/../lib/gcc/arm-none-eabi/9.3.1/../../../../arm-none-eabi/lib/thumb/v7e-m+fp/hard\libm.a(lib_a-sf_rint.o)
 .debug_frame   0x00002e40       0x3c c:/stm32projects/toolchain/gcc-arm/bin/../lib/gcc/arm-none-eabi/9.3.1/../../../../arm-none-eabi/lib/thumb/v7e-m+fp/hard\libm.a(lib_a-sf_scalbn.o)
 .debug_frame   0x00002e7c       0xac c:/stm32projects/toolchain/gcc-arm/bin/../lib/gcc/arm-none-eabi/9.3.1/thumb/v7e-m+fp/hard\libgcc.a(_arm_addsubdf3.o)
 .debug_frame   0x00002f28       0x50 c:/stm32projects/toolchain/gcc-arm/bin/../lib/gcc/arm-none-eabi/9.3.1/thumb/v7e-m+fp/hard\libgcc.a(_arm_muldivdf3.o)
 .debug_frame   0x00002f78       0xc4 c:/stm32projects/toolchain/gcc-arm/bin/../lib/gcc/arm-none-eabi/9.3.1/thumb/v7e-m+fp/hard\libgcc.a(_arm_cmpdf2.o)
 .debug_frame   0x0000303c       0x20 c:/stm32projects/toolchain/gcc-arm/bin/../lib/gcc/arm-none-eabi/9.3.1/thumb/v7e-m+fp/hard\libgcc.a(_arm_unorddf2.o)
 .debug_frame   0x0000305c       0x24 c:/stm32projects/toolchain/gcc-arm/bin/../lib/gcc/arm-none-eabi/9.3.1/thumb/v7e-m+fp/hard\libgcc.a(_arm_fixdfsi.o)
 .debug_frame   0x00003080       0x24 c:/stm32projects/toolchain/gcc-arm/bin/../lib/gcc/arm-none-eabi/9.3.1/thumb/v7e-m+fp/hard\libgcc.a(_arm_truncdfsf2.o)
 .debug_frame   0x000030a4       0x20 c:/stm32projects/toolchain/gcc-arm/bin/../lib/gcc/arm-none-eabi/9.3.1/../../../../arm-none-eabi/lib/thumb/v7e-m+fp/hard\libc_nano.a(lib_a-errno.o)

Cross Reference Table

Symbol                                            File
ACCEL_X                                           build/MPU6050.o
                                                  build/main.o
ADC1_2_IRQHandler                                 build/startup_stm32f303xe.o
ADC3_IRQHandler                                   build/startup_stm32f303xe.o
ADC4_IRQHandler                                   build/startup_stm32f303xe.o
AHBPrescTable                                     build/system_stm32f3xx.o
                                                  build/stm32f3xx_hal_rcc.o
APBPrescTable                                     build/system_stm32f3xx.o
                                                  build/stm32f3xx_hal_rcc.o
AdcHandle                                         build/main.o
BusFault_Handler                                  build/stm32f3xx_it.o
CAN_RX1_IRQHandler                                build/startup_stm32f303xe.o
CAN_SCE_IRQHandler                                build/startup_stm32f303xe.o
COMP1_2_3_IRQHandler                              build/startup_stm32f303xe.o
COMP4_5_6_IRQHandler                              build/startup_stm32f303xe.o
COMP7_IRQHandler                                  build/startup_stm32f303xe.o
DMA1_Channel1_IRQHandler                          build/startup_stm32f303xe.o
DMA1_Channel2_IRQHandler                          build/startup_stm32f303xe.o
DMA1_Channel3_IRQHandler                          build/startup_stm32f303xe.o
DMA1_Channel4_IRQHandler                          build/startup_stm32f303xe.o
DMA1_Channel5_IRQHandler                          build/startup_stm32f303xe.o
DMA1_Channel6_IRQHandler                          build/startup_stm32f303xe.o
DMA1_Channel7_IRQHandler                          build/startup_stm32f303xe.o
DMA2_Channel1_IRQHandler                          build/startup_stm32f303xe.o
DMA2_Channel2_IRQHandler                          build/startup_stm32f303xe.o
DMA2_Channel3_IRQHandler                          build/startup_stm32f303xe.o
DMA2_Channel4_IRQHandler                          build/startup_stm32f303xe.o
DMA2_Channel5_IRQHandler                          build/startup_stm32f303xe.o
DebugMon_Handler                                  build/stm32f3xx_it.o
Default_Handler                                   build/startup_stm32f303xe.o
EXTI0_IRQHandler                                  build/startup_stm32f303xe.o
EXTI15_10_IRQHandler                              build/startup_stm32f303xe.o
EXTI1_IRQHandler                                  build/startup_stm32f303xe.o
EXTI2_TSC_IRQHandler                              build/startup_stm32f303xe.o
EXTI3_IRQHandler                                  build/stm32f3xx_it.o
EXTI4_IRQHandler                                  build/startup_stm32f303xe.o
EXTI9_5_IRQHandler                                build/startup_stm32f303xe.o
Error_Handler                                     build/main.o
FLASH_IRQHandler                                  build/startup_stm32f303xe.o
FLASH_PageErase                                   build/stm32f3xx_hal_flash_ex.o
                                                  build/stm32f3xx_hal_flash.o
FLASH_WaitForLastOperation                        build/stm32f3xx_hal_flash.o
                                                  build/stm32f3xx_hal_flash_ex.o
FMC_IRQHandler                                    build/startup_stm32f303xe.o
FPU_IRQHandler                                    build/startup_stm32f303xe.o
HAL_ADCEx_Calibration_GetValue                    build/stm32f3xx_hal_adc_ex.o
HAL_ADCEx_Calibration_SetValue                    build/stm32f3xx_hal_adc_ex.o
HAL_ADCEx_Calibration_Start                       build/stm32f3xx_hal_adc_ex.o
HAL_ADCEx_InjectedConfigChannel                   build/stm32f3xx_hal_adc_ex.o
HAL_ADCEx_InjectedConvCpltCallback                build/stm32f3xx_hal_adc_ex.o
HAL_ADCEx_InjectedGetValue                        build/stm32f3xx_hal_adc_ex.o
HAL_ADCEx_InjectedPollForConversion               build/stm32f3xx_hal_adc_ex.o
HAL_ADCEx_InjectedQueueOverflowCallback           build/stm32f3xx_hal_adc_ex.o
HAL_ADCEx_InjectedStart                           build/stm32f3xx_hal_adc_ex.o
HAL_ADCEx_InjectedStart_IT                        build/stm32f3xx_hal_adc_ex.o
HAL_ADCEx_InjectedStop                            build/stm32f3xx_hal_adc_ex.o
HAL_ADCEx_InjectedStop_IT                         build/stm32f3xx_hal_adc_ex.o
HAL_ADCEx_LevelOutOfWindow2Callback               build/stm32f3xx_hal_adc_ex.o
HAL_ADCEx_LevelOutOfWindow3Callback               build/stm32f3xx_hal_adc_ex.o
HAL_ADCEx_MultiModeConfigChannel                  build/stm32f3xx_hal_adc_ex.o
HAL_ADCEx_MultiModeGetValue                       build/stm32f3xx_hal_adc_ex.o
HAL_ADCEx_MultiModeStart_DMA                      build/stm32f3xx_hal_adc_ex.o
HAL_ADCEx_MultiModeStop_DMA                       build/stm32f3xx_hal_adc_ex.o
HAL_ADCEx_RegularMultiModeStop_DMA                build/stm32f3xx_hal_adc_ex.o
HAL_ADCEx_RegularStop                             build/stm32f3xx_hal_adc_ex.o
HAL_ADCEx_RegularStop_DMA                         build/stm32f3xx_hal_adc_ex.o
HAL_ADCEx_RegularStop_IT                          build/stm32f3xx_hal_adc_ex.o
HAL_ADC_AnalogWDGConfig                           build/stm32f3xx_hal_adc_ex.o
                                                  build/stm32f3xx_hal_adc.o
HAL_ADC_ConfigChannel                             build/stm32f3xx_hal_adc_ex.o
                                                  build/stm32f3xx_hal_adc.o
                                                  build/main.o
HAL_ADC_ConvCpltCallback                          build/main.o
                                                  build/stm32f3xx_hal_adc_ex.o
HAL_ADC_ConvHalfCpltCallback                      build/main.o
                                                  build/stm32f3xx_hal_adc_ex.o
HAL_ADC_DeInit                                    build/stm32f3xx_hal_adc_ex.o
                                                  build/stm32f3xx_hal_adc.o
HAL_ADC_ErrorCallback                             build/main.o
                                                  build/stm32f3xx_hal_adc_ex.o
HAL_ADC_GetError                                  build/stm32f3xx_hal_adc.o
HAL_ADC_GetState                                  build/stm32f3xx_hal_adc.o
HAL_ADC_GetValue                                  build/stm32f3xx_hal_adc_ex.o
                                                  build/stm32f3xx_hal_adc.o
                                                  build/main.o
HAL_ADC_IRQHandler                                build/stm32f3xx_hal_adc_ex.o
                                                  build/stm32f3xx_hal_adc.o
HAL_ADC_Init                                      build/stm32f3xx_hal_adc_ex.o
                                                  build/stm32f3xx_hal_adc.o
                                                  build/main.o
HAL_ADC_LevelOutOfWindowCallback                  build/main.o
                                                  build/stm32f3xx_hal_adc_ex.o
HAL_ADC_MspDeInit                                 build/stm32f3xx_hal_msp.o
                                                  build/stm32f3xx_hal_adc_ex.o
HAL_ADC_MspInit                                   build/stm32f3xx_hal_msp.o
                                                  build/stm32f3xx_hal_adc_ex.o
HAL_ADC_PollForConversion                         build/stm32f3xx_hal_adc_ex.o
                                                  build/stm32f3xx_hal_adc.o
                                                  build/main.o
HAL_ADC_PollForEvent                              build/stm32f3xx_hal_adc_ex.o
                                                  build/stm32f3xx_hal_adc.o
HAL_ADC_Start                                     build/stm32f3xx_hal_adc_ex.o
                                                  build/stm32f3xx_hal_adc.o
                                                  build/main.o
HAL_ADC_Start_DMA                                 build/stm32f3xx_hal_adc_ex.o
                                                  build/stm32f3xx_hal_adc.o
HAL_ADC_Start_IT                                  build/stm32f3xx_hal_adc_ex.o
                                                  build/stm32f3xx_hal_adc.o
HAL_ADC_Stop                                      build/stm32f3xx_hal_adc_ex.o
                                                  build/stm32f3xx_hal_adc.o
HAL_ADC_Stop_DMA                                  build/stm32f3xx_hal_adc_ex.o
                                                  build/stm32f3xx_hal_adc.o
HAL_ADC_Stop_IT                                   build/stm32f3xx_hal_adc_ex.o
                                                  build/stm32f3xx_hal_adc.o
HAL_DBGMCU_DisableDBGSleepMode                    build/stm32f3xx_hal.o
HAL_DBGMCU_DisableDBGStandbyMode                  build/stm32f3xx_hal.o
HAL_DBGMCU_DisableDBGStopMode                     build/stm32f3xx_hal.o
HAL_DBGMCU_EnableDBGSleepMode                     build/stm32f3xx_hal.o
HAL_DBGMCU_EnableDBGStandbyMode                   build/stm32f3xx_hal.o
HAL_DBGMCU_EnableDBGStopMode                      build/stm32f3xx_hal.o
HAL_DMA_Abort                                     build/stm32f3xx_hal_dma.o
                                                  build/stm32f3xx_hal_adc_ex.o
HAL_DMA_Abort_IT                                  build/stm32f3xx_hal_dma.o
                                                  build/stm32f3xx_hal_i2c.o
                                                  build/stm32f3xx_hal_tim_ex.o
                                                  build/stm32f3xx_hal_tim.o
HAL_DMA_DeInit                                    build/stm32f3xx_hal_dma.o
HAL_DMA_GetError                                  build/stm32f3xx_hal_dma.o
HAL_DMA_GetState                                  build/stm32f3xx_hal_dma.o
                                                  build/stm32f3xx_hal_i2c.o
HAL_DMA_IRQHandler                                build/stm32f3xx_hal_dma.o
HAL_DMA_Init                                      build/stm32f3xx_hal_dma.o
HAL_DMA_PollForTransfer                           build/stm32f3xx_hal_dma.o
HAL_DMA_RegisterCallback                          build/stm32f3xx_hal_dma.o
HAL_DMA_Start                                     build/stm32f3xx_hal_dma.o
HAL_DMA_Start_IT                                  build/stm32f3xx_hal_dma.o
                                                  build/stm32f3xx_hal_i2c.o
                                                  build/stm32f3xx_hal_tim_ex.o
                                                  build/stm32f3xx_hal_tim.o
                                                  build/stm32f3xx_hal_adc_ex.o
HAL_DMA_UnRegisterCallback                        build/stm32f3xx_hal_dma.o
HAL_DeInit                                        build/stm32f3xx_hal.o
HAL_Delay                                         build/stm32f3xx_hal.o
                                                  build/LiquidCrystal.o
                                                  build/main.o
HAL_EXTI_ClearConfigLine                          build/stm32f3xx_hal_exti.o
HAL_EXTI_ClearPending                             build/stm32f3xx_hal_exti.o
HAL_EXTI_GenerateSWI                              build/stm32f3xx_hal_exti.o
HAL_EXTI_GetConfigLine                            build/stm32f3xx_hal_exti.o
HAL_EXTI_GetHandle                                build/stm32f3xx_hal_exti.o
HAL_EXTI_GetPending                               build/stm32f3xx_hal_exti.o
HAL_EXTI_IRQHandler                               build/stm32f3xx_hal_exti.o
HAL_EXTI_RegisterCallback                         build/stm32f3xx_hal_exti.o
HAL_EXTI_SetConfigLine                            build/stm32f3xx_hal_exti.o
HAL_FLASHEx_Erase                                 build/stm32f3xx_hal_flash_ex.o
HAL_FLASHEx_Erase_IT                              build/stm32f3xx_hal_flash_ex.o
HAL_FLASHEx_OBErase                               build/stm32f3xx_hal_flash_ex.o
HAL_FLASHEx_OBGetConfig                           build/stm32f3xx_hal_flash_ex.o
HAL_FLASHEx_OBGetUserData                         build/stm32f3xx_hal_flash_ex.o
HAL_FLASHEx_OBProgram                             build/stm32f3xx_hal_flash_ex.o
HAL_FLASH_EndOfOperationCallback                  build/stm32f3xx_hal_flash.o
HAL_FLASH_GetError                                build/stm32f3xx_hal_flash.o
HAL_FLASH_IRQHandler                              build/stm32f3xx_hal_flash.o
HAL_FLASH_Lock                                    build/stm32f3xx_hal_flash.o
HAL_FLASH_OB_Launch                               build/stm32f3xx_hal_flash.o
HAL_FLASH_OB_Lock                                 build/stm32f3xx_hal_flash.o
HAL_FLASH_OB_Unlock                               build/stm32f3xx_hal_flash.o
HAL_FLASH_OperationErrorCallback                  build/stm32f3xx_hal_flash.o
HAL_FLASH_Program                                 build/stm32f3xx_hal_flash.o
HAL_FLASH_Program_IT                              build/stm32f3xx_hal_flash.o
HAL_FLASH_Unlock                                  build/stm32f3xx_hal_flash.o
HAL_GPIO_DeInit                                   build/stm32f3xx_hal_gpio.o
                                                  build/stm32f3xx_hal_msp.o
HAL_GPIO_EXTI_Callback                            build/stm32f3xx_it.o
HAL_GPIO_EXTI_IRQHandler                          build/stm32f3xx_hal_gpio.o
                                                  build/stm32f3xx_it.o
HAL_GPIO_Init                                     build/stm32f3xx_hal_gpio.o
                                                  build/LiquidCrystal.o
                                                  build/stm32f3xx_hal_rcc.o
                                                  build/stm32f3xx_hal_msp.o
                                                  build/main.o
HAL_GPIO_LockPin                                  build/stm32f3xx_hal_gpio.o
HAL_GPIO_ReadPin                                  build/stm32f3xx_hal_gpio.o
HAL_GPIO_TogglePin                                build/stm32f3xx_hal_gpio.o
HAL_GPIO_WritePin                                 build/stm32f3xx_hal_gpio.o
                                                  build/LiquidCrystal.o
HAL_GetDEVID                                      build/stm32f3xx_hal.o
HAL_GetHalVersion                                 build/stm32f3xx_hal.o
HAL_GetREVID                                      build/stm32f3xx_hal.o
HAL_GetTick                                       build/stm32f3xx_hal.o
                                                  build/stm32f3xx_hal_i2c.o
                                                  build/stm32f3xx_hal_flash.o
                                                  build/stm32f3xx_hal_dma.o
                                                  build/stm32f3xx_hal_rcc_ex.o
                                                  build/stm32f3xx_hal_rcc.o
                                                  build/stm32f3xx_hal_adc_ex.o
HAL_GetTickFreq                                   build/stm32f3xx_hal.o
HAL_GetTickPrio                                   build/stm32f3xx_hal.o
HAL_GetUIDw0                                      build/stm32f3xx_hal.o
HAL_GetUIDw1                                      build/stm32f3xx_hal.o
HAL_GetUIDw2                                      build/stm32f3xx_hal.o
HAL_I2CEx_ConfigAnalogFilter                      build/stm32f3xx_hal_i2c_ex.o
                                                  build/main.o
HAL_I2CEx_ConfigDigitalFilter                     build/stm32f3xx_hal_i2c_ex.o
                                                  build/main.o
HAL_I2CEx_DisableFastModePlus                     build/stm32f3xx_hal_i2c_ex.o
HAL_I2CEx_DisableWakeUp                           build/stm32f3xx_hal_i2c_ex.o
HAL_I2CEx_EnableFastModePlus                      build/stm32f3xx_hal_i2c_ex.o
HAL_I2CEx_EnableWakeUp                            build/stm32f3xx_hal_i2c_ex.o
HAL_I2C_AbortCpltCallback                         build/stm32f3xx_hal_i2c.o
HAL_I2C_AddrCallback                              build/stm32f3xx_hal_i2c.o
HAL_I2C_DeInit                                    build/stm32f3xx_hal_i2c.o
HAL_I2C_DisableListen_IT                          build/stm32f3xx_hal_i2c.o
HAL_I2C_ER_IRQHandler                             build/stm32f3xx_hal_i2c.o
HAL_I2C_EV_IRQHandler                             build/stm32f3xx_hal_i2c.o
HAL_I2C_EnableListen_IT                           build/stm32f3xx_hal_i2c.o
HAL_I2C_ErrorCallback                             build/stm32f3xx_hal_i2c.o
HAL_I2C_GetError                                  build/stm32f3xx_hal_i2c.o
HAL_I2C_GetMode                                   build/stm32f3xx_hal_i2c.o
HAL_I2C_GetState                                  build/stm32f3xx_hal_i2c.o
HAL_I2C_Init                                      build/stm32f3xx_hal_i2c.o
                                                  build/main.o
HAL_I2C_IsDeviceReady                             build/stm32f3xx_hal_i2c.o
HAL_I2C_ListenCpltCallback                        build/stm32f3xx_hal_i2c.o
HAL_I2C_MasterRxCpltCallback                      build/stm32f3xx_hal_i2c.o
HAL_I2C_MasterTxCpltCallback                      build/stm32f3xx_hal_i2c.o
HAL_I2C_Master_Abort_IT                           build/stm32f3xx_hal_i2c.o
HAL_I2C_Master_Receive                            build/stm32f3xx_hal_i2c.o
HAL_I2C_Master_Receive_DMA                        build/stm32f3xx_hal_i2c.o
HAL_I2C_Master_Receive_IT                         build/stm32f3xx_hal_i2c.o
HAL_I2C_Master_Seq_Receive_DMA                    build/stm32f3xx_hal_i2c.o
HAL_I2C_Master_Seq_Receive_IT                     build/stm32f3xx_hal_i2c.o
HAL_I2C_Master_Seq_Transmit_DMA                   build/stm32f3xx_hal_i2c.o
HAL_I2C_Master_Seq_Transmit_IT                    build/stm32f3xx_hal_i2c.o
HAL_I2C_Master_Transmit                           build/stm32f3xx_hal_i2c.o
HAL_I2C_Master_Transmit_DMA                       build/stm32f3xx_hal_i2c.o
HAL_I2C_Master_Transmit_IT                        build/stm32f3xx_hal_i2c.o
HAL_I2C_MemRxCpltCallback                         build/stm32f3xx_hal_i2c.o
HAL_I2C_MemTxCpltCallback                         build/stm32f3xx_hal_i2c.o
HAL_I2C_Mem_Read                                  build/stm32f3xx_hal_i2c.o
                                                  build/MPU6050.o
HAL_I2C_Mem_Read_DMA                              build/stm32f3xx_hal_i2c.o
HAL_I2C_Mem_Read_IT                               build/stm32f3xx_hal_i2c.o
HAL_I2C_Mem_Write                                 build/stm32f3xx_hal_i2c.o
                                                  build/MPU6050.o
HAL_I2C_Mem_Write_DMA                             build/stm32f3xx_hal_i2c.o
HAL_I2C_Mem_Write_IT                              build/stm32f3xx_hal_i2c.o
HAL_I2C_MspDeInit                                 build/stm32f3xx_hal_msp.o
HAL_I2C_MspInit                                   build/stm32f3xx_hal_msp.o
HAL_I2C_RegisterAddrCallback                      build/stm32f3xx_hal_i2c.o
HAL_I2C_RegisterCallback                          build/stm32f3xx_hal_i2c.o
HAL_I2C_SlaveRxCpltCallback                       build/stm32f3xx_hal_i2c.o
HAL_I2C_SlaveTxCpltCallback                       build/stm32f3xx_hal_i2c.o
HAL_I2C_Slave_Receive                             build/stm32f3xx_hal_i2c.o
HAL_I2C_Slave_Receive_DMA                         build/stm32f3xx_hal_i2c.o
HAL_I2C_Slave_Receive_IT                          build/stm32f3xx_hal_i2c.o
HAL_I2C_Slave_Seq_Receive_DMA                     build/stm32f3xx_hal_i2c.o
HAL_I2C_Slave_Seq_Receive_IT                      build/stm32f3xx_hal_i2c.o
HAL_I2C_Slave_Seq_Transmit_DMA                    build/stm32f3xx_hal_i2c.o
HAL_I2C_Slave_Seq_Transmit_IT                     build/stm32f3xx_hal_i2c.o
HAL_I2C_Slave_Transmit                            build/stm32f3xx_hal_i2c.o
HAL_I2C_Slave_Transmit_DMA                        build/stm32f3xx_hal_i2c.o
HAL_I2C_Slave_Transmit_IT                         build/stm32f3xx_hal_i2c.o
HAL_I2C_UnRegisterAddrCallback                    build/stm32f3xx_hal_i2c.o
HAL_I2C_UnRegisterCallback                        build/stm32f3xx_hal_i2c.o
HAL_IncTick                                       build/stm32f3xx_hal.o
                                                  build/stm32f3xx_it.o
HAL_Init                                          build/stm32f3xx_hal.o
                                                  build/main.o
HAL_InitTick                                      build/stm32f3xx_hal.o
                                                  build/stm32f3xx_hal_rcc.o
HAL_MPU_ConfigRegion                              build/stm32f3xx_hal_cortex.o
HAL_MPU_Disable                                   build/stm32f3xx_hal_cortex.o
HAL_MPU_Enable                                    build/stm32f3xx_hal_cortex.o
HAL_MspDeInit                                     build/stm32f3xx_hal.o
HAL_MspInit                                       build/stm32f3xx_hal_msp.o
HAL_NVIC_ClearPendingIRQ                          build/stm32f3xx_hal_cortex.o
HAL_NVIC_DisableIRQ                               build/stm32f3xx_hal_cortex.o
                                                  build/stm32f3xx_hal_msp.o
HAL_NVIC_EnableIRQ                                build/stm32f3xx_hal_cortex.o
                                                  build/main.o
HAL_NVIC_GetActive                                build/stm32f3xx_hal_cortex.o
HAL_NVIC_GetPendingIRQ                            build/stm32f3xx_hal_cortex.o
HAL_NVIC_GetPriority                              build/stm32f3xx_hal_cortex.o
HAL_NVIC_GetPriorityGrouping                      build/stm32f3xx_hal_cortex.o
HAL_NVIC_SetPendingIRQ                            build/stm32f3xx_hal_cortex.o
HAL_NVIC_SetPriority                              build/stm32f3xx_hal_cortex.o
                                                  build/stm32f3xx_hal.o
                                                  build/main.o
HAL_NVIC_SetPriorityGrouping                      build/stm32f3xx_hal_cortex.o
                                                  build/stm32f3xx_hal.o
HAL_NVIC_SystemReset                              build/stm32f3xx_hal_cortex.o
HAL_PWR_ConfigPVD                                 build/stm32f3xx_hal_pwr_ex.o
HAL_PWR_DeInit                                    build/stm32f3xx_hal_pwr.o
HAL_PWR_DisableBkUpAccess                         build/stm32f3xx_hal_pwr.o
HAL_PWR_DisablePVD                                build/stm32f3xx_hal_pwr_ex.o
HAL_PWR_DisableSEVOnPend                          build/stm32f3xx_hal_pwr.o
HAL_PWR_DisableSleepOnExit                        build/stm32f3xx_hal_pwr.o
HAL_PWR_DisableWakeUpPin                          build/stm32f3xx_hal_pwr.o
HAL_PWR_EnableBkUpAccess                          build/stm32f3xx_hal_pwr.o
HAL_PWR_EnablePVD                                 build/stm32f3xx_hal_pwr_ex.o
HAL_PWR_EnableSEVOnPend                           build/stm32f3xx_hal_pwr.o
HAL_PWR_EnableSleepOnExit                         build/stm32f3xx_hal_pwr.o
HAL_PWR_EnableWakeUpPin                           build/stm32f3xx_hal_pwr.o
HAL_PWR_EnterSLEEPMode                            build/stm32f3xx_hal_pwr.o
HAL_PWR_EnterSTANDBYMode                          build/stm32f3xx_hal_pwr.o
HAL_PWR_EnterSTOPMode                             build/stm32f3xx_hal_pwr.o
HAL_PWR_PVDCallback                               build/stm32f3xx_hal_pwr_ex.o
HAL_PWR_PVD_IRQHandler                            build/stm32f3xx_hal_pwr_ex.o
HAL_RCCEx_GetPeriphCLKConfig                      build/stm32f3xx_hal_rcc_ex.o
HAL_RCCEx_GetPeriphCLKFreq                        build/stm32f3xx_hal_rcc_ex.o
HAL_RCCEx_PeriphCLKConfig                         build/stm32f3xx_hal_rcc_ex.o
HAL_RCC_CSSCallback                               build/stm32f3xx_hal_rcc.o
HAL_RCC_ClockConfig                               build/stm32f3xx_hal_rcc.o
                                                  build/main.o
HAL_RCC_DeInit                                    build/stm32f3xx_hal_rcc.o
HAL_RCC_DisableCSS                                build/stm32f3xx_hal_rcc.o
HAL_RCC_EnableCSS                                 build/stm32f3xx_hal_rcc.o
HAL_RCC_GetClockConfig                            build/stm32f3xx_hal_rcc.o
HAL_RCC_GetHCLKFreq                               build/stm32f3xx_hal_rcc.o
HAL_RCC_GetOscConfig                              build/stm32f3xx_hal_rcc.o
HAL_RCC_GetPCLK1Freq                              build/stm32f3xx_hal_rcc.o
                                                  build/stm32f3xx_hal_rcc_ex.o
                                                  build/main.o
HAL_RCC_GetPCLK2Freq                              build/stm32f3xx_hal_rcc.o
                                                  build/stm32f3xx_hal_rcc_ex.o
HAL_RCC_GetSysClockFreq                           build/stm32f3xx_hal_rcc.o
                                                  build/stm32f3xx_hal_rcc_ex.o
HAL_RCC_MCOConfig                                 build/stm32f3xx_hal_rcc.o
HAL_RCC_NMI_IRQHandler                            build/stm32f3xx_hal_rcc.o
HAL_RCC_OscConfig                                 build/stm32f3xx_hal_rcc.o
                                                  build/main.o
HAL_ResumeTick                                    build/stm32f3xx_hal.o
HAL_SYSTICK_CLKSourceConfig                       build/stm32f3xx_hal_cortex.o
HAL_SYSTICK_Callback                              build/stm32f3xx_hal_cortex.o
HAL_SYSTICK_Config                                build/stm32f3xx_hal_cortex.o
                                                  build/stm32f3xx_hal.o
HAL_SYSTICK_IRQHandler                            build/stm32f3xx_hal_cortex.o
HAL_SetTickFreq                                   build/stm32f3xx_hal.o
HAL_SuspendTick                                   build/stm32f3xx_hal.o
HAL_TIMEx_Break2Callback                          build/stm32f3xx_hal_tim_ex.o
                                                  build/stm32f3xx_hal_tim.o
HAL_TIMEx_BreakCallback                           build/stm32f3xx_hal_tim_ex.o
                                                  build/stm32f3xx_hal_tim.o
HAL_TIMEx_CommutCallback                          build/stm32f3xx_hal_tim_ex.o
                                                  build/stm32f3xx_hal_tim.o
HAL_TIMEx_CommutHalfCpltCallback                  build/stm32f3xx_hal_tim_ex.o
HAL_TIMEx_ConfigBreakDeadTime                     build/stm32f3xx_hal_tim_ex.o
HAL_TIMEx_ConfigCommutEvent                       build/stm32f3xx_hal_tim_ex.o
HAL_TIMEx_ConfigCommutEvent_DMA                   build/stm32f3xx_hal_tim_ex.o
HAL_TIMEx_ConfigCommutEvent_IT                    build/stm32f3xx_hal_tim_ex.o
HAL_TIMEx_GroupChannel5                           build/stm32f3xx_hal_tim_ex.o
HAL_TIMEx_HallSensor_DeInit                       build/stm32f3xx_hal_tim_ex.o
HAL_TIMEx_HallSensor_GetState                     build/stm32f3xx_hal_tim_ex.o
HAL_TIMEx_HallSensor_Init                         build/stm32f3xx_hal_tim_ex.o
HAL_TIMEx_HallSensor_MspDeInit                    build/stm32f3xx_hal_tim_ex.o
HAL_TIMEx_HallSensor_MspInit                      build/stm32f3xx_hal_tim_ex.o
HAL_TIMEx_HallSensor_Start                        build/stm32f3xx_hal_tim_ex.o
HAL_TIMEx_HallSensor_Start_DMA                    build/stm32f3xx_hal_tim_ex.o
HAL_TIMEx_HallSensor_Start_IT                     build/stm32f3xx_hal_tim_ex.o
HAL_TIMEx_HallSensor_Stop                         build/stm32f3xx_hal_tim_ex.o
HAL_TIMEx_HallSensor_Stop_DMA                     build/stm32f3xx_hal_tim_ex.o
HAL_TIMEx_HallSensor_Stop_IT                      build/stm32f3xx_hal_tim_ex.o
HAL_TIMEx_MasterConfigSynchronization             build/stm32f3xx_hal_tim_ex.o
                                                  build/main.o
HAL_TIMEx_OCN_Start                               build/stm32f3xx_hal_tim_ex.o
HAL_TIMEx_OCN_Start_DMA                           build/stm32f3xx_hal_tim_ex.o
HAL_TIMEx_OCN_Start_IT                            build/stm32f3xx_hal_tim_ex.o
HAL_TIMEx_OCN_Stop                                build/stm32f3xx_hal_tim_ex.o
HAL_TIMEx_OCN_Stop_DMA                            build/stm32f3xx_hal_tim_ex.o
HAL_TIMEx_OCN_Stop_IT                             build/stm32f3xx_hal_tim_ex.o
HAL_TIMEx_OnePulseN_Start                         build/stm32f3xx_hal_tim_ex.o
HAL_TIMEx_OnePulseN_Start_IT                      build/stm32f3xx_hal_tim_ex.o
HAL_TIMEx_OnePulseN_Stop                          build/stm32f3xx_hal_tim_ex.o
HAL_TIMEx_OnePulseN_Stop_IT                       build/stm32f3xx_hal_tim_ex.o
HAL_TIMEx_PWMN_Start                              build/stm32f3xx_hal_tim_ex.o
HAL_TIMEx_PWMN_Start_DMA                          build/stm32f3xx_hal_tim_ex.o
HAL_TIMEx_PWMN_Start_IT                           build/stm32f3xx_hal_tim_ex.o
HAL_TIMEx_PWMN_Stop                               build/stm32f3xx_hal_tim_ex.o
HAL_TIMEx_PWMN_Stop_DMA                           build/stm32f3xx_hal_tim_ex.o
HAL_TIMEx_PWMN_Stop_IT                            build/stm32f3xx_hal_tim_ex.o
HAL_TIMEx_RemapConfig                             build/stm32f3xx_hal_tim_ex.o
HAL_TIM_Base_DeInit                               build/stm32f3xx_hal_tim.o
HAL_TIM_Base_GetState                             build/stm32f3xx_hal_tim.o
HAL_TIM_Base_Init                                 build/stm32f3xx_hal_tim.o
                                                  build/main.o
HAL_TIM_Base_MspDeInit                            build/stm32f3xx_hal_tim.o
HAL_TIM_Base_MspInit                              build/stm32f3xx_hal_tim.o
HAL_TIM_Base_Start                                build/stm32f3xx_hal_tim.o
                                                  build/main.o
HAL_TIM_Base_Start_DMA                            build/stm32f3xx_hal_tim.o
HAL_TIM_Base_Start_IT                             build/stm32f3xx_hal_tim.o
HAL_TIM_Base_Stop                                 build/stm32f3xx_hal_tim.o
HAL_TIM_Base_Stop_DMA                             build/stm32f3xx_hal_tim.o
HAL_TIM_Base_Stop_IT                              build/stm32f3xx_hal_tim.o
HAL_TIM_ConfigClockSource                         build/stm32f3xx_hal_tim.o
HAL_TIM_ConfigOCrefClear                          build/stm32f3xx_hal_tim.o
HAL_TIM_ConfigTI1Input                            build/stm32f3xx_hal_tim.o
HAL_TIM_DMABurst_MultiReadStart                   build/stm32f3xx_hal_tim.o
HAL_TIM_DMABurst_MultiWriteStart                  build/stm32f3xx_hal_tim.o
HAL_TIM_DMABurst_ReadStart                        build/stm32f3xx_hal_tim.o
HAL_TIM_DMABurst_ReadStop                         build/stm32f3xx_hal_tim.o
HAL_TIM_DMABurst_WriteStart                       build/stm32f3xx_hal_tim.o
HAL_TIM_DMABurst_WriteStop                        build/stm32f3xx_hal_tim.o
HAL_TIM_Encoder_DeInit                            build/stm32f3xx_hal_tim.o
HAL_TIM_Encoder_GetState                          build/stm32f3xx_hal_tim.o
HAL_TIM_Encoder_Init                              build/stm32f3xx_hal_tim.o
HAL_TIM_Encoder_MspDeInit                         build/stm32f3xx_hal_tim.o